---
source: gencol.sqltest
expression: INSERT INTO t(id, b) VALUES (1, 2) ON CONFLICT(id) DO UPDATE SET b = excluded.b + 1 RETURNING c, d;
info:
  statement_type: INSERT
  tables:
  - conflict
  - t
  setup_blocks:
  - gencol_virtual_columns_upsert
  database: ':memory:'
---
QUERY PLAN


BYTECODE
addr  opcode         p1  p2  p3  p4  p5  comment
   0  Init            0  69   0       0  Start at 69
   1  OpenEphemeral   0   1   0       0  cursor=0 is_table=true
   2  OpenWrite       1   2   0       0  root=2; iDb=0
   3  Integer         1   2   0       0  r[2]=1
   4  SoftNull        3   0   0       0
   5  Integer         2   4   0       0  r[4]=2
   6  Affinity        3   2   0       0  r[3..5] = D, D
   7  NotNull         2   9   0       0  r[2]!=NULL -> goto 9
   8  Goto            0  11   0       0
   9  MustBeInt       2   0   0       0
  10  Goto            0  12   0       0
  11  NewRowid        1   2   0       0  r[2]=rowid
  12  Copy            2   8   0       0  r[8]=r[2]
  13  Copy            4   9   0       0  r[9]=r[4]
  14  Add             8   9   5       0  r[5]=r[8]+r[9]
  15  Copy            5  10   0       0  r[10]=r[5]
  16  Multiply       10  11   6       0  r[6]=r[10]*r[11]
  17  NotExists       1  20   2       0
  18  Copy            2   1   0       0  r[1]=r[2]
  19  Goto            0  32   0       0
  20  MakeRecord      3   2   7       0  r[7]=mkrec(r[3..4])
  21  Insert          1   7   2  t    0  intkey=r[2] data=r[7]
  22  Copy            2  12   0       0  r[12]=r[2]
  23  Copy            4  13   0       0  r[13]=r[4]
  24  Copy            5  14   0       0  r[14]=r[5]
  25  Copy            6  15   0       0  r[15]=r[6]
  26  Copy           14  16   0       0  r[16]=r[14]
  27  Copy           15  17   0       0  r[17]=r[15]
  28  MakeRecord     16   2  18       0  r[18]=mkrec(r[16..17])
  29  NewRowid        0  19   0       0  r[19]=rowid
  30  Insert          0  18  19       4  intkey=r[19] data=r[18]
  31  Goto            0  62   0       0
  32  SeekRowid       1   1  62       0  if (r[1]!=cursor 1 for table t.rowid) goto 62
  33  RowId           1  20   0       0  r[20]=t.rowid
  34  Column          1   1  21       0  r[21]=t.b
  35  Copy           20  24   0       0  r[24]=r[20]
  36  Copy           21  25   0       0  r[25]=r[21]
  37  Add            24  25  22       0  r[22]=r[24]+r[25]
  38  Copy           22  26   0       0  r[26]=r[22]
  39  Multiply       26  27  23       0  r[23]=r[26]*r[27]
  40  Copy           20  28   3       0  r[28]=r[20]
  41  Copy            4  32   0       0  r[32]=r[4]
  42  Integer         1  33   0       0  r[33]=1
  43  Add            32  33  29       0  r[29]=r[32]+r[33]
  44  Affinity       28   2   0       0  r[28..30] = D, D
  45  Copy            1  34   0       0  r[34]=r[1]
  46  Copy           29  35   0       0  r[35]=r[29]
  47  Add            34  35  30       0  r[30]=r[34]+r[35]
  48  Copy           30  36   0       0  r[36]=r[30]
  49  Multiply       36  37  31       0  r[31]=r[36]*r[37]
  50  MakeRecord     28   2  38       0  r[38]=mkrec(r[28..29])
  51  Insert          1  38   1  t    8  intkey=r[1] data=r[38]
  52  Copy            1  39   0       0  r[39]=r[1]
  53  Copy           29  40   0       0  r[40]=r[29]
  54  Copy           30  41   0       0  r[41]=r[30]
  55  Copy           31  42   0       0  r[42]=r[31]
  56  Copy           41  43   0       0  r[43]=r[41]
  57  Copy           42  44   0       0  r[44]=r[42]
  58  MakeRecord     43   2  45       0  r[45]=mkrec(r[43..44])
  59  NewRowid        0  46   0       0  r[46]=rowid
  60  Insert          0  45  46       4  intkey=r[46] data=r[45]
  61  Goto            0  62   0       0
  62  Goto            0  63   0       0
  63  FkCheck         0   0   0       0
  64  Rewind          0  68   0       0  Rewind  ephemeral(t)
  65    ColumnRange   0   0  47  2    0  r[47..48]=ephemeral(t).id..b
  66    ResultRow    47   2   0       0  output=r[47..48]
  67  Next            0  65   0       0
  68  Halt            0   0   0       0
  69  Transaction     0   2   1       0  iDb=0 tx_mode=Write
  70  Integer         2  11   0       0  r[11]=2
  71  Integer         2  27   0       0  r[27]=2
  72  Integer         2  37   0       0  r[37]=2
  73  Goto            0   1   0       0
