---
source: tpch.sqltest
expression: |-
  select
          l_returnflag,
          l_linestatus,
          sum(l_quantity) as sum_qty,
          sum(l_extendedprice) as sum_base_price,
          sum(l_extendedprice * (1 - l_discount)) as sum_disc_price,
          sum(l_extendedprice * (1 - l_discount) * (1 + l_tax)) as sum_charge,
          avg(l_quantity) as avg_qty,
          avg(l_extendedprice) as avg_price,
          avg(l_discount) as avg_disc,
          count(*) as count_order
      from
          lineitem
      where
          l_shipdate <= '1998-12-01'
      group by
          l_returnflag,
          l_linestatus
      order by
          l_returnflag,
          l_linestatus;
info:
  statement_type: SELECT
  tables:
  - lineitem
  setup_blocks:
  - schema
  database: ':memory:'
---
QUERY PLAN
|--SCAN lineitem
`--USE SORTER FOR GROUP BY

BYTECODE
addr  opcode                  p1  p2  p3  p4                                     p5  comment
   0          Init             0  84   0                                          0  Start at 84
   1          Null             0  18  25                                          0  r[18..25]=NULL
   2          SorterOpen       0   6   0  k(2,B,B)                                0  cursor=0
   3          Integer          0  13   0                                          0  r[13]=0; clear group by abort flag
   4          Null             0  14  15                                          0  r[14..15]=NULL; initialize group by comparison registers to NULL
   5          Gosub           33  80   0                                          0  ; go to clear accumulator subroutine
   6          OpenRead         2  10   0  k(17,B,B,B,B,B,B,B,B,B,B,B,B,B,B,B,B)   0  table=lineitem, root=10, iDb=0
   7          Rewind           2  15   0                                          0  Rewind table lineitem
   8            Column         2  10  35                                          0  r[35]=lineitem.L_SHIPDATE
   9            Gt            35  36  14  Binary                                  0  if r[35]>r[36] goto 14
  10            ColumnRange    2   8  27  2                                       0  r[27..28]=lineitem.columns[8..9]
  11            ColumnRange    2   4  29  4                                       0  r[29..32]=lineitem.columns[4..7]
  12            MakeRecord    27   6  26                                          0  r[26]=mkrec(r[27..32])
  13            SorterInsert   0  26   0  0                                       0  key=r[26]
  14          Next             2   8   0                                          0
  15          OpenPseudo       1  26   6                                          0  6 columns in r[26]
  16          SorterSort       0  54   0                                          0
  17            SorterData     0  26   1                                          0  r[26]=data
  18            Column         1   0  37                                          0  r[37]=pseudo.column 0
  19            Column         1   1  38                                          0  r[38]=pseudo.column 1
  20            Compare       14  37   2  k(2, Binary, Binary)                    0  r[14..15]==r[37..38]
  21            Jump          22  26  22                                          0  ; start new group if comparison is not equal
  22            Gosub         11  58   0                                          0  ; check if ended group had data, and output if so
  23            Move          37  14   2                                          0  r[14..15]=r[37..38]
  24            IfPos         13  83   0                                          0  r[13]>0 -> r[13]-=0, goto 83; check abort flag
  25            Gosub         33  80   0                                          0  ; goto clear accumulator subroutine
  26            Column         1   2  39                                          0  r[39]=pseudo.column 2
  27            Column         1   3  40                                          0  r[40]=pseudo.column 3
  28            Column         1   4  41                                          0  r[41]=pseudo.column 4
  29            Column         1   5  42                                          0  r[42]=pseudo.column 5
  30            AggStep        0  39  18  sum                                     0  accum=r[18] step(r[39])
  31            AggStep        0  40  19  sum                                     0  accum=r[19] step(r[40])
  32            Copy          40  44   0                                          0  r[44]=r[40]
  33            Copy          41  47   0                                          0  r[47]=r[41]
  34            Subtract      46  47  45                                          0  r[45]=r[46]-r[47]
  35            Multiply      44  45  43                                          0  r[43]=r[44]*r[45]
  36            AggStep        0  43  20  sum                                     0  accum=r[20] step(r[43])
  37            Copy          40  51   0                                          0  r[51]=r[40]
  38            Copy          41  54   0                                          0  r[54]=r[41]
  39            Subtract      53  54  52                                          0  r[52]=r[53]-r[54]
  40            Multiply      51  52  49                                          0  r[49]=r[51]*r[52]
  41            Copy          42  56   0                                          0  r[56]=r[42]
  42            Add           55  56  50                                          0  r[50]=r[55]+r[56]
  43            Multiply      49  50  48                                          0  r[48]=r[49]*r[50]
  44            AggStep        0  48  21  sum                                     0  accum=r[21] step(r[48])
  45            AggStep        0  39  22  avg                                     0  accum=r[22] step(r[39])
  46            AggStep        0  40  23  avg                                     0  accum=r[23] step(r[40])
  47            AggStep        0  41  24  avg                                     0  accum=r[24] step(r[41])
  48            AggStep        0  57  25  count                                   0  accum=r[25] step(r[57])
  49            If            12  52   0                                          0  if r[12] goto 52; don't emit group columns if continuing existing group
  50            Column         1   0  16                                          0  r[16]=pseudo.column 0
  51            Column         1   1  17                                          0  r[17]=pseudo.column 1
  52            Integer        1  12   0                                          0  r[12]=1; indicate data in accumulator
  53          SorterNext       0  17   0                                          0
  54          Gosub           11  58   0                                          0  ; emit row for final group
  55          Goto             0  83   0                                          0  ; group by finished
  56          Integer          1  13   0                                          0  r[13]=1
  57        Return            11   0   0                                          0
  58        IfPos             12  60   0                                          0  r[12]>0 -> r[12]-=0, goto 60; output group by row subroutine start
  59      Return              11   0   0                                          0
  60      AggFinal             0  18   0  sum                                     0  accum=r[18]
  61      AggFinal             0  19   0  sum                                     0  accum=r[19]
  62      AggFinal             0  20   0  sum                                     0  accum=r[20]
  63      AggFinal             0  21   0  sum                                     0  accum=r[21]
  64      AggFinal             0  22   0  avg                                     0  accum=r[22]
  65      AggFinal             0  23   0  avg                                     0  accum=r[23]
  66      AggFinal             0  24   0  avg                                     0  accum=r[24]
  67      AggFinal             0  25   0  count                                   0  accum=r[25]
  68      Copy                16   1   0                                          0  r[1]=r[16]
  69      Copy                17   2   0                                          0  r[2]=r[17]
  70      Copy                18   3   0                                          0  r[3]=r[18]
  71      Copy                19   4   0                                          0  r[4]=r[19]
  72      Copy                20   5   0                                          0  r[5]=r[20]
  73      Copy                21   6   0                                          0  r[6]=r[21]
  74      Copy                22   7   0                                          0  r[7]=r[22]
  75      Copy                23   8   0                                          0  r[8]=r[23]
  76      Copy                24   9   0                                          0  r[9]=r[24]
  77      Copy                25  10   0                                          0  r[10]=r[25]
  78      ResultRow            1  10   0                                          0  output=r[1..10]
  79    Return                11   0   0                                          0
  80    Null                   0  16  25                                          0  r[16..25]=NULL; clear accumulator subroutine start
  81    Integer                0  12   0                                          0  r[12]=0
  82  Return                  33   0   0                                          0
  83  Halt                     0   0   0                                          0
  84  Transaction              0   1   8                                          0  iDb=0 tx_mode=Read
  85  String8                  0  36   0  1998-12-01                              0  r[36]='1998-12-01'
  86  Integer                  1  46   0                                          0  r[46]=1
  87  Integer                  1  53   0                                          0  r[53]=1
  88  Integer                  1  55   0                                          0  r[55]=1
  89  Integer                  1  57   0                                          0  r[57]=1
  90  Goto                     0   1   0                                          0
