---
source: subqueries.sqltest
expression: |-
  WITH order_totals AS (
          SELECT customer_id, sum(total_amount) AS total
          FROM orders
          GROUP BY customer_id
      )
      SELECT
          c.name,
          ot.total,
          (SELECT avg(total) FROM order_totals) AS avg_total
      FROM customers c
      JOIN order_totals ot ON ot.customer_id = c.id
      WHERE ot.total > (SELECT avg(total) FROM order_totals);
info:
  statement_type: WITH (CTE)
  tables:
  - customers
  - order_totals
  - orders
  - ot.customer_id
  setup_blocks:
  - schema
  database: ':memory:'
---
QUERY PLAN
|--SCALAR SUBQUERY 1
|  `--SCAN order_totals
|     `--SCAN orders USING INDEX idx_orders_customer
|--SCALAR SUBQUERY 2
|  `--SCAN order_totals
|     `--SCAN orders USING INDEX idx_orders_customer
|--SCAN orders USING INDEX idx_orders_customer
|--SCAN order_totals AS ot
`--SEARCH c USING INTEGER PRIMARY KEY (rowid=?)

BYTECODE
addr  opcode                                 p1   p2   p3  p4            p5  comment
   0                        Init              0  152    0                 0  Start at 152
   1                        Once             51    0    0                 0  goto 51
   2                        BeginSubrtn       3    0    0                 0  r[3]=NULL
   3                        Null              0    1    0                 0  r[1]=NULL
   4                        InitCoroutine     4   39    5                 0
   5                        Null              0   12    0                 0  r[12]=NULL
   6                        Integer           0    9    0                 0  r[9]=0; clear group by abort flag
   7                        Null              0   10    0                 0  r[10]=NULL; initialize group by comparison registers to NULL
   8                        Gosub            16   35    0                 0  ; go to clear accumulator subroutine
   9                        OpenRead          0    4    0  k(4,B,B,B,B)   0  table=orders, root=4, iDb=0
  10                        OpenRead          1    9    0  k(2,B)         0  index=idx_orders_customer, root=9, iDb=0
  11                        Rewind            1   27    0                 0  Rewind index idx_orders_customer
  12                          DeferredSeek    1    0    0                 0
  13                          Column          1    0   14                 0  r[14]=idx_orders_customer.customer_id
  14                          Column          0    3   15                 0  r[15]=orders.total_amount
  15                          RealAffinity   15    0    0                 0
  16                          Compare        10   14    1  k(1, Binary)   0  r[10..10]==r[14..14]
  17                          Jump           18   22   18                 0  ; start new group if comparison is not equal
  18                          Gosub           7   29    0                 0  ; check if ended group had data, and output if so
  19                          Move           14   10    1                 0  r[10..10]=r[14..14]
  20                          IfPos           9   38    0                 0  r[9]>0 -> r[9]-=0, goto 38; check abort flag
  21                          Gosub          16   35    0                 0  ; goto clear accumulator subroutine
  22                          AggStep         0   15   12  sum            0  accum=r[12] step(r[15])
  23                          If              8   25    0                 0  if r[8] goto 25; don't emit group columns if continuing existing group
  24                          Column          1    0   11                 0  r[11]=idx_orders_customer.customer_id
  25                          Integer         1    8    0                 0  r[8]=1; indicate data in accumulator
  26                        Next              1   12    0                 0
  27                        Gosub             7   29    0                 0  ; emit row for final group
  28                        Goto              0   38    0                 0  ; group by finished
  29                        IfPos             8   31    0                 0  r[8]>0 -> r[8]-=0, goto 31; output group by row subroutine start
  30                      Return              7    0    0                 0
  31                      AggFinal            0   12    0  sum            0  accum=r[12]
  32                      Copy               11    5    1                 0  r[5]=r[11]
  33                      Yield               4    0    0                 0
  34                    Return                7    0    0                 0
  35                    Null                  0   11   12                 0  r[11..12]=NULL; clear accumulator subroutine start
  36                    Integer               0    8    0                 0  r[8]=0
  37                  Return                 16    0    0                 0
  38                  EndCoroutine            4    0    0                 0
  39                  Null                    0   18    0                 0  r[18]=NULL
  40                  Integer                 1   19    0                 0  r[19]=1; LIMIT counter
  41                  IfNot                  19   47    0                 0  if !r[19] goto 47
  42                  InitCoroutine           4    0    5                 0
  43                    Yield                 4   47    0                 0
  44                    Copy                  6   20    0                 0  r[20]=r[6]
  45                    AggStep               0   20   18  avg            0  accum=r[18] step(r[20])
  46                  Goto                    0   43    0                 0
  47                  AggFinal                0   18    0  avg            0  accum=r[18]
  48                  Copy                   18   17    0                 0  r[17]=r[18]
  49                  Copy                   17    1    0                 0  r[1]=r[17]
  50                Return                    3    0    1                 0
  51                Once                    101    0    0                 0  goto 101
  52                BeginSubrtn              21    0    0                 0  r[21]=NULL
  53                Null                      0    2    0                 0  r[2]=NULL
  54                InitCoroutine            22   89   55                 0
  55                Null                      0   30    0                 0  r[30]=NULL
  56                Integer                   0   27    0                 0  r[27]=0; clear group by abort flag
  57                Null                      0   28    0                 0  r[28]=NULL; initialize group by comparison registers to NULL
  58                Gosub                    34   85    0                 0  ; go to clear accumulator subroutine
  59                OpenRead                  2    4    0  k(4,B,B,B,B)   0  table=orders, root=4, iDb=0
  60                OpenRead                  3    9    0  k(2,B)         0  index=idx_orders_customer, root=9, iDb=0
  61                Rewind                    3   77    0                 0  Rewind index idx_orders_customer
  62                  DeferredSeek            3    2    0                 0
  63                  Column                  3    0   32                 0  r[32]=idx_orders_customer.customer_id
  64                  Column                  2    3   33                 0  r[33]=orders.total_amount
  65                  RealAffinity           33    0    0                 0
  66                  Compare                28   32    1  k(1, Binary)   0  r[28..28]==r[32..32]
  67                  Jump                   68   72   68                 0  ; start new group if comparison is not equal
  68                  Gosub                  25   79    0                 0  ; check if ended group had data, and output if so
  69                  Move                   32   28    1                 0  r[28..28]=r[32..32]
  70                  IfPos                  27   88    0                 0  r[27]>0 -> r[27]-=0, goto 88; check abort flag
  71                  Gosub                  34   85    0                 0  ; goto clear accumulator subroutine
  72                  AggStep                 0   33   30  sum            0  accum=r[30] step(r[33])
  73                  If                     26   75    0                 0  if r[26] goto 75; don't emit group columns if continuing existing group
  74                  Column                  3    0   29                 0  r[29]=idx_orders_customer.customer_id
  75                  Integer                 1   26    0                 0  r[26]=1; indicate data in accumulator
  76                Next                      3   62    0                 0
  77                Gosub                    25   79    0                 0  ; emit row for final group
  78                Goto                      0   88    0                 0  ; group by finished
  79                IfPos                    26   81    0                 0  r[26]>0 -> r[26]-=0, goto 81; output group by row subroutine start
  80              Return                     25    0    0                 0
  81              AggFinal                    0   30    0  sum            0  accum=r[30]
  82              Copy                       29   23    1                 0  r[23]=r[29]
  83              Yield                      22    0    0                 0
  84            Return                       25    0    0                 0
  85            Null                          0   29   30                 0  r[29..30]=NULL; clear accumulator subroutine start
  86            Integer                       0   26    0                 0  r[26]=0
  87          Return                         34    0    0                 0
  88          EndCoroutine                   22    0    0                 0
  89          Null                            0   36    0                 0  r[36]=NULL
  90          Integer                         1   37    0                 0  r[37]=1; LIMIT counter
  91          IfNot                          37   97    0                 0  if !r[37] goto 97
  92          InitCoroutine                  22    0   55                 0
  93            Yield                        22   97    0                 0
  94            Copy                         24   38    0                 0  r[38]=r[24]
  95            AggStep                       0   38   36  avg            0  accum=r[36] step(r[38])
  96          Goto                            0   93    0                 0
  97          AggFinal                        0   36    0  avg            0  accum=r[36]
  98          Copy                           36   35    0                 0  r[35]=r[36]
  99          Copy                           35    2    0                 0  r[2]=r[35]
 100        Return                           21    0    1                 0
 101        OpenEphemeral                     4    1    0                 0  cursor=4 is_table=true
 102        Null                              0   48    0                 0  r[48]=NULL
 103        Integer                           0   45    0                 0  r[45]=0; clear group by abort flag
 104        Null                              0   46    0                 0  r[46]=NULL; initialize group by comparison registers to NULL
 105        Gosub                            52  134    0                 0  ; go to clear accumulator subroutine
 106        OpenRead                          5    4    0  k(4,B,B,B,B)   0  table=orders, root=4, iDb=0
 107        OpenRead                          6    9    0  k(2,B)         0  index=idx_orders_customer, root=9, iDb=0
 108        Rewind                            6  124    0                 0  Rewind index idx_orders_customer
 109          DeferredSeek                    6    5    0                 0
 110          Column                          6    0   50                 0  r[50]=idx_orders_customer.customer_id
 111          Column                          5    3   51                 0  r[51]=orders.total_amount
 112          RealAffinity                   51    0    0                 0
 113          Compare                        46   50    1  k(1, Binary)   0  r[46..46]==r[50..50]
 114          Jump                          115  119  115                 0  ; start new group if comparison is not equal
 115          Gosub                          43  126    0                 0  ; check if ended group had data, and output if so
 116          Move                           50   46    1                 0  r[46..46]=r[50..50]
 117          IfPos                          45  137    0                 0  r[45]>0 -> r[45]-=0, goto 137; check abort flag
 118          Gosub                          52  134    0                 0  ; goto clear accumulator subroutine
 119          AggStep                         0   51   48  sum            0  accum=r[48] step(r[51])
 120          If                             44  122    0                 0  if r[44] goto 122; don't emit group columns if continuing existing group
 121          Column                          6    0   47                 0  r[47]=idx_orders_customer.customer_id
 122          Integer                         1   44    0                 0  r[44]=1; indicate data in accumulator
 123        Next                              6  109    0                 0
 124        Gosub                            43  126    0                 0  ; emit row for final group
 125        Goto                              0  137    0                 0  ; group by finished
 126        IfPos                            44  128    0                 0  r[44]>0 -> r[44]-=0, goto 128; output group by row subroutine start
 127      Return                             43    0    0                 0
 128      AggFinal                            0   48    0  sum            0  accum=r[48]
 129      Copy                               47   41    1                 0  r[41]=r[47]
 130      MakeRecord                         41    2   53                 0  r[53]=mkrec(r[41..42]); for
 131      NewRowid                            4   54    0                 0  r[54]=rowid
 132      Insert                              4   53   54                 4  intkey=r[54] data=r[53]
 133    Return                               43    0    0                 0
 134    Null                                  0   47   48                 0  r[47..48]=NULL; clear accumulator subroutine start
 135    Integer                               0   44    0                 0  r[44]=0
 136  Return                                 52    0    0                 0
 137  OpenRead                                7    6    0  k(4,B,B,B,B)   0  table=customers, root=6, iDb=0
 138  Rewind                                  4  151    0                 0  Rewind  ephemeral()
 139    Column                                4    0   39                 0  r[39]=ephemeral().customer_id
 140    Column                                4    1   40                 0  r[40]=ephemeral().total
 141    Copy                                 40   59    0                 0  r[59]=r[40]
 142    Copy                                  1   60    0                 0  r[60]=r[1]
 143    Le                                   59   60  150  Binary         0  if r[59]<=r[60] goto 150
 144    Copy                                 39   61    0                 0  r[61]=r[39]
 145    SeekRowid                             7   61  150                 0  if (r[61]!=cursor 7 for table customers.rowid) goto 150
 146    Column                                7    1   55                 0  r[55]=customers.name
 147    Copy                                 40   56    0                 0  r[56]=r[40]
 148    Copy                                  2   57    0                 0  r[57]=r[2]
 149    ResultRow                            55    3    0                 0  output=r[55..57]
 150  Next                                    4  139    0                 0
 151  Halt                                    0    0    0                 0
 152  Transaction                             0    1   11                 0  iDb=0 tx_mode=Read
 153  Goto                                    0    1    0                 0
