---
source: windows.sqltest
expression: |-
  SELECT
          e.emp_id,
          e.name,
          e.department,
          e.salary,
          s.amount,
          s.region,
          ROW_NUMBER() OVER (PARTITION BY e.department ORDER BY e.salary DESC) AS dept_rank,
          ROW_NUMBER() OVER (PARTITION BY s.region ORDER BY s.amount DESC) AS region_rank,
          SUM(s.amount) OVER (PARTITION BY e.department) AS dept_total_sales,
          AVG(e.salary) OVER (PARTITION BY s.region) AS region_avg_salary
      FROM employees e
      JOIN sales s ON e.emp_id = s.emp_id;
info:
  statement_type: SELECT
  tables:
  - e.emp_id
  - employees
  - sales
  setup_blocks:
  - schema
  database: ':memory:'
---
QUERY PLAN
`--SCAN window_subquery_0
   |--SCAN window_subquery_1
   |  |--SCAN window_subquery_2
   |  |  |--SCAN window_subquery_3
   |  |  |  |--SCAN employees AS e
   |  |  |  |--SEARCH s USING INDEX idx_sales_emp_id
   |  |  |  `--USE SORTER FOR ORDER BY
   |  |  `--USE SORTER FOR ORDER BY
   |  `--USE SORTER FOR ORDER BY
   `--USE SORTER FOR ORDER BY

BYTECODE
addr  opcode                     p1   p2   p3  p4                     p5  comment
   0          Init                0  267    0                          0  Start at 267
   1          InitCoroutine       1  215    2                          0
   2          InitCoroutine       2  154    3                          0
   3          InitCoroutine       3   96    4                          0
   4          InitCoroutine       4   36    5                          0
   5          SorterOpen          0    2    0  k(2,B,-B)               0  cursor=0
   6          OpenRead            1    2    0  k(5,B,B,B,B,B)          0  table=employees, root=2, iDb=0
   7          OpenRead            2    3    0  k(5,B,B,B,B,B)          0  table=sales, root=3, iDb=0
   8          OpenRead            3    6    0  k(2,B)                  0  index=idx_sales_emp_id, root=6, iDb=0
   9          Rewind              1   24    0                          0  Rewind table employees
  10            RowId             1   12    0                          0  r[12]=employees.rowid
  11            SeekGE            3   23   12                          0  key=[12..12]
  12              IdxGT           3   23   12                          0  key=[12..12]
  13              DeferredSeek    3    2    0                          0
  14              Column          2    4   13                          0  r[13]=sales.region
  15              Column          2    3   14                          0  r[14]=sales.amount
  16              Column          1    2   15                          0  r[15]=employees.department
  17              Column          1    3   16                          0  r[16]=employees.salary
  18              RowId           1   17    0                          0  r[17]=employees.rowid
  19              Column          1    1   18                          0  r[18]=employees.name
  20              MakeRecord     13    6   11                          0  r[11]=mkrec(r[13..18])
  21              SorterInsert    0   11    0  0                       0  key=r[11]
  22            Next              3   12    0                          0
  23          Next                1   10    0                          0
  24          OpenPseudo          4   11    6                          0  6 columns in r[11]
  25          SorterSort          0   35    0                          0
  26            SorterData        0   11    4                          0  r[11]=data
  27            Column            4    0    5                          0  r[5]=pseudo.column 0
  28            Column            4    1    6                          0  r[6]=pseudo.column 1
  29            Column            4    2    7                          0  r[7]=pseudo.column 2
  30            Column            4    3    8                          0  r[8]=pseudo.column 3
  31            Column            4    4    9                          0  r[9]=pseudo.column 4
  32            Column            4    5   10                          0  r[10]=pseudo.column 5
  33            Yield             4    0    0                          0
  34          SorterNext          0   26    0                          0
  35          EndCoroutine        4    0    0                          0
  36          SorterOpen          5    1    0  k(1,B)                  0  cursor=5
  37          OpenEphemeral       6    1    0                          0  cursor=6 is_table=true
  38          OpenDup             7    6    0                          0  new_cursor=7, original_cursor=6
  39          Null                0   35    0                          0  r[35]=NULL
  40          Null                0   36    0                          0  r[36]=NULL
  41          InitCoroutine       4    0    5                          0
  42            Yield             4   61    0                          0
  43            Copy              6   39    0                          0  r[39]=r[6]
  44            Compare           5   36    1  k(1, Binary)            0  r[5..5]==r[36..36]; compare partition keys to detect new partition
  45            Jump             46   49   46                          0
  46            Gosub            37   62    0                          0  ; detected new partition
  47            Null              0   35    0                          0  r[35]=NULL
  48            Copy              5   36    0                          0  r[36]=r[5]
  49            NotNull          35   53    0                          0  r[35]!=NULL -> goto 53
  50            Copy             39   38    0                          0  r[38]=r[39]; initialize previous peer register for new partition
  51            Null              0   27   27                          0  r[27..27]=NULL; reset accumulator registers
  52            Integer           0   28    0                          0  r[28]=0
  53            Compare          38   39    1  k(1, Binary)            0  r[38..38]==r[39..39]; compare ORDER BY columns to detect peer
  54            Jump             55   57   55                          0
  55            Gosub            37   62    0                          0  ; detected non-peer row
  56            Copy             39   38    0                          0  r[38]=r[39]
  57            MakeRecord        5    6   40                          0  r[40]=mkrec(r[5..10])
  58            NewRowid          7   35    0                          0  r[35]=rowid
  59            Insert            7   40   35  buffer_table_window_3   0  intkey=r[35] data=r[40]
  60          Goto                0   42    0                          0
  61          Null                0   37    0                          0  r[37]=NULL; return remaining buffered rows
  62          Rewind              6   81    0                          0  Rewind  ephemeral(buffer_table_window_3)
  63          Integer             1   41    0                          0  r[41]=1
  64            Column            6    2   29                          0  r[29]=ephemeral(buffer_table_window_3).department
  65            Column            6    0   30                          0  r[30]=ephemeral(buffer_table_window_3).region
  66            Column            6    3   31                          0  r[31]=ephemeral(buffer_table_window_3).salary
  67            Column            6    4   32                          0  r[32]=ephemeral(buffer_table_window_3).emp_id
  68            Column            6    5   33                          0  r[33]=ephemeral(buffer_table_window_3).name
  69            Column            6    1   34                          0  r[34]=ephemeral(buffer_table_window_3).amount
  70            Add              28   41   28                          0  r[28]=r[28]+r[41]
  71            Copy             29   42    0                          0  r[42]=r[29]
  72            Copy             30   43    0                          0  r[43]=r[30]
  73            Copy             31   44    0                          0  r[44]=r[31]
  74            Copy             32   45    0                          0  r[45]=r[32]
  75            Copy             33   46    0                          0  r[46]=r[33]
  76            Copy             34   47    0                          0  r[47]=r[34]
  77            Copy             28   48    0                          0  r[48]=r[28]
  78            MakeRecord       42    7   26                          0  r[26]=mkrec(r[42..48])
  79            SorterInsert      5   26    0  0                       0  key=r[26]
  80          Next                6   64    0                          0
  81          ResetSorter         6    0    0                          0  cursor=6
  82        Return               37    0    1                          0
  83        OpenPseudo            8   26    7                          0  7 columns in r[26]
  84        SorterSort            5   95    0                          0
  85          SorterData          5   26    8                          0  r[26]=data
  86          Column              8    0   19                          0  r[19]=pseudo.column 0
  87          Column              8    1   20                          0  r[20]=pseudo.column 1
  88          Column              8    2   21                          0  r[21]=pseudo.column 2
  89          Column              8    3   22                          0  r[22]=pseudo.column 3
  90          Column              8    4   23                          0  r[23]=pseudo.column 4
  91          Column              8    5   24                          0  r[24]=pseudo.column 5
  92          Column              8    6   25                          0  r[25]=pseudo.column 6
  93          Yield               3    0    0                          0
  94        SorterNext            5   85    0                          0
  95        EndCoroutine          3    0    0                          0
  96        SorterOpen            9    1    0  k(1,B)                  0  cursor=9
  97        OpenEphemeral        10    1    0                          0  cursor=10 is_table=true
  98        OpenDup              11   10    0                          0  new_cursor=11, original_cursor=10
  99        Null                  0   67    0                          0  r[67]=NULL
 100        Null                  0   68    0                          0  r[68]=NULL
 101        InitCoroutine         3    0    4                          0
 102          Yield               3  116    0                          0
 103          Compare            19   68    1  k(1, Binary)            0  r[19..19]==r[68..68]; compare partition keys to detect new partition
 104          Jump              105  108  105                          0
 105          Gosub              69  117    0                          0  ; detected new partition
 106          Null                0   67    0                          0  r[67]=NULL
 107          Copy               19   68    0                          0  r[68]=r[19]
 108          NotNull            67  110    0                          0  r[67]!=NULL -> goto 110
 109          Null                0   58   58                          0  r[58..58]=NULL; reset accumulator registers
 110          MakeRecord         19    7   70                          0  r[70]=mkrec(r[19..25])
 111          NewRowid           11   67    0                          0  r[67]=rowid
 112          Insert             11   70   67  buffer_table_window_2   0  intkey=r[67] data=r[70]
 113          Copy               24   71    0                          0  r[71]=r[24]
 114          AggStep             0   71   58  sum                     0  accum=r[58] step(r[71])
 115        Goto                  0  102    0                          0
 116        Null                  0   69    0                          0  r[69]=NULL; return remaining buffered rows
 117        Rewind               10  138    0                          0  Rewind  ephemeral(buffer_table_window_2)
 118        AggValue              0   58   59  sum                     0  accum=r[58] dest=r[59]
 119        Integer               1   72    0                          0  r[72]=1
 120          Column             10    1   60                          0  r[60]=ephemeral(buffer_table_window_2).region
 121          Column             10    0   61                          0  r[61]=ephemeral(buffer_table_window_2).department
 122          Column             10    2   62                          0  r[62]=ephemeral(buffer_table_window_2).salary
 123          Column             10    3   63                          0  r[63]=ephemeral(buffer_table_window_2).emp_id
 124          Column             10    4   64                          0  r[64]=ephemeral(buffer_table_window_2).name
 125          Column             10    5   65                          0  r[65]=ephemeral(buffer_table_window_2).amount
 126          Column             10    6   66                          0  r[66]=ephemeral(buffer_table_window_2).column 6
 127          Copy               60   73    0                          0  r[73]=r[60]
 128          Copy               61   74    0                          0  r[74]=r[61]
 129          Copy               62   75    0                          0  r[75]=r[62]
 130          Copy               63   76    0                          0  r[76]=r[63]
 131          Copy               64   77    0                          0  r[77]=r[64]
 132          Copy               65   78    0                          0  r[78]=r[65]
 133          Copy               66   79    0                          0  r[79]=r[66]
 134          Copy               59   80    0                          0  r[80]=r[59]
 135          MakeRecord         73    8   57                          0  r[57]=mkrec(r[73..80])
 136          SorterInsert        9   57    0  0                       0  key=r[57]
 137        Next                 10  120    0                          0
 138        ResetSorter          10    0    0                          0  cursor=10
 139      Return                 69    0    1                          0
 140      OpenPseudo             12   57    8                          0  8 columns in r[57]
 141      SorterSort              9  153    0                          0
 142        SorterData            9   57   12                          0  r[57]=data
 143        Column               12    0   49                          0  r[49]=pseudo.column 0
 144        Column               12    1   50                          0  r[50]=pseudo.column 1
 145        Column               12    2   51                          0  r[51]=pseudo.column 2
 146        Column               12    3   52                          0  r[52]=pseudo.column 3
 147        Column               12    4   53                          0  r[53]=pseudo.column 4
 148        Column               12    5   54                          0  r[54]=pseudo.column 5
 149        Column               12    6   55                          0  r[55]=pseudo.column 6
 150        Column               12    7   56                          0  r[56]=pseudo.column 7
 151        Yield                 2    0    0                          0
 152      SorterNext              9  142    0                          0
 153      EndCoroutine            2    0    0                          0
 154      SorterOpen             13    2    0  k(2,B,-B)               0  cursor=13
 155      OpenEphemeral          14    1    0                          0  cursor=14 is_table=true
 156      OpenDup                15   14    0                          0  new_cursor=15, original_cursor=14
 157      Null                    0  101    0                          0  r[101]=NULL
 158      Null                    0  102    0                          0  r[102]=NULL
 159      InitCoroutine           2    0    3                          0
 160        Yield                 2  174    0                          0
 161        Compare              49  102    1  k(1, Binary)            0  r[49..49]==r[102..102]; compare partition keys to detect new partition
 162        Jump                163  166  163                          0
 163        Gosub               103  175    0                          0  ; detected new partition
 164        Null                  0  101    0                          0  r[101]=NULL
 165        Copy                 49  102    0                          0  r[102]=r[49]
 166        NotNull             101  168    0                          0  r[101]!=NULL -> goto 168
 167        Null                  0   91   91                          0  r[91..91]=NULL; reset accumulator registers
 168        MakeRecord           49    8  104                          0  r[104]=mkrec(r[49..56])
 169        NewRowid             15  101    0                          0  r[101]=rowid
 170        Insert               15  104  101  buffer_table_window_1   0  intkey=r[101] data=r[104]
 171        Copy                 51  105    0                          0  r[105]=r[51]
 172        AggStep               0  105   91  avg                     0  accum=r[91] step(r[105])
 173      Goto                    0  160    0                          0
 174      Null                    0  103    0                          0  r[103]=NULL; return remaining buffered rows
 175      Rewind                 14  198    0                          0  Rewind  ephemeral(buffer_table_window_1)
 176      AggValue                0   91   92  avg                     0  accum=r[91] dest=r[92]
 177      Integer                 1  106    0                          0  r[106]=1
 178        Column               14    1   93                          0  r[93]=ephemeral(buffer_table_window_1).department
 179        Column               14    2   94                          0  r[94]=ephemeral(buffer_table_window_1).salary
 180        Column               14    3   95                          0  r[95]=ephemeral(buffer_table_window_1).emp_id
 181        Column               14    4   96                          0  r[96]=ephemeral(buffer_table_window_1).name
 182        Column               14    5   97                          0  r[97]=ephemeral(buffer_table_window_1).amount
 183        Column               14    0   98                          0  r[98]=ephemeral(buffer_table_window_1).region
 184        Column               14    6   99                          0  r[99]=ephemeral(buffer_table_window_1).column 6
 185        Column               14    7  100                          0  r[100]=ephemeral(buffer_table_window_1).column 7
 186        Copy                 93  107    0                          0  r[107]=r[93]
 187        Copy                 94  108    0                          0  r[108]=r[94]
 188        Copy                 95  109    0                          0  r[109]=r[95]
 189        Copy                 96  110    0                          0  r[110]=r[96]
 190        Copy                 97  111    0                          0  r[111]=r[97]
 191        Copy                 98  112    0                          0  r[112]=r[98]
 192        Copy                 99  113    0                          0  r[113]=r[99]
 193        Copy                100  114    0                          0  r[114]=r[100]
 194        Copy                 92  115    0                          0  r[115]=r[92]
 195        MakeRecord          107    9   90                          0  r[90]=mkrec(r[107..115])
 196        SorterInsert         13   90    0  0                       0  key=r[90]
 197      Next                   14  178    0                          0
 198      ResetSorter            14    0    0                          0  cursor=14
 199    Return                  103    0    1                          0
 200    OpenPseudo               16   90    9                          0  9 columns in r[90]
 201    SorterSort               13  214    0                          0
 202      SorterData             13   90   16                          0  r[90]=data
 203      Column                 16    0   81                          0  r[81]=pseudo.column 0
 204      Column                 16    1   82                          0  r[82]=pseudo.column 1
 205      Column                 16    2   83                          0  r[83]=pseudo.column 2
 206      Column                 16    3   84                          0  r[84]=pseudo.column 3
 207      Column                 16    4   85                          0  r[85]=pseudo.column 4
 208      Column                 16    5   86                          0  r[86]=pseudo.column 5
 209      Column                 16    6   87                          0  r[87]=pseudo.column 6
 210      Column                 16    7   88                          0  r[88]=pseudo.column 7
 211      Column                 16    8   89                          0  r[89]=pseudo.column 8
 212      Yield                   1    0    0                          0
 213    SorterNext               13  202    0                          0
 214    EndCoroutine              1    0    0                          0
 215    OpenEphemeral            17    1    0                          0  cursor=17 is_table=true
 216    OpenDup                  18   17    0                          0  new_cursor=18, original_cursor=17
 217    Null                      0  137    0                          0  r[137]=NULL
 218    Null                      0  138    0                          0  r[138]=NULL
 219    InitCoroutine             1    0    2                          0
 220      Yield                   1  239    0                          0
 221      Copy                   82  141    0                          0  r[141]=r[82]
 222      Compare                81  138    1  k(1, Binary)            0  r[81..81]==r[138..138]; compare partition keys to detect new partition
 223      Jump                  224  227  224                          0
 224      Gosub                 139  240    0                          0  ; detected new partition
 225      Null                    0  137    0                          0  r[137]=NULL
 226      Copy                   81  138    0                          0  r[138]=r[81]
 227      NotNull               137  231    0                          0  r[137]!=NULL -> goto 231
 228      Copy                  141  140    0                          0  r[140]=r[141]; initialize previous peer register for new partition
 229      Null                    0  126  126                          0  r[126..126]=NULL; reset accumulator registers
 230      Integer                 0  127    0                          0  r[127]=0
 231      Compare               140  141    1  k(1, Binary)            0  r[140..140]==r[141..141]; compare ORDER BY columns to detect peer
 232      Jump                  233  235  233                          0
 233      Gosub                 139  240    0                          0  ; detected non-peer row
 234      Copy                  141  140    0                          0  r[140]=r[141]
 235      MakeRecord             81    9  142                          0  r[142]=mkrec(r[81..89])
 236      NewRowid               18  137    0                          0  r[137]=rowid
 237      Insert                 18  142  137  buffer_table_window_0   0  intkey=r[137] data=r[142]
 238    Goto                      0  220    0                          0
 239    Null                      0  139    0                          0  r[139]=NULL; return remaining buffered rows
 240    Rewind                   17  264    0                          0  Rewind  ephemeral(buffer_table_window_0)
 241    Integer                   1  143    0                          0  r[143]=1
 242      Column                 17    2  128                          0  r[128]=ephemeral(buffer_table_window_0).emp_id
 243      Column                 17    3  129                          0  r[129]=ephemeral(buffer_table_window_0).name
 244      Column                 17    0  130                          0  r[130]=ephemeral(buffer_table_window_0).department
 245      Column                 17    1  131                          0  r[131]=ephemeral(buffer_table_window_0).salary
 246      Column                 17    4  132                          0  r[132]=ephemeral(buffer_table_window_0).amount
 247      Column                 17    5  133                          0  r[133]=ephemeral(buffer_table_window_0).region
 248      Column                 17    6  134                          0  r[134]=ephemeral(buffer_table_window_0).column 6
 249      Column                 17    7  135                          0  r[135]=ephemeral(buffer_table_window_0).column 7
 250      Column                 17    8  136                          0  r[136]=ephemeral(buffer_table_window_0).column 8
 251      Add                   127  143  127                          0  r[127]=r[127]+r[143]
 252      Copy                  128  116    0                          0  r[116]=r[128]
 253      Copy                  129  117    0                          0  r[117]=r[129]
 254      Copy                  130  118    0                          0  r[118]=r[130]
 255      Copy                  131  119    0                          0  r[119]=r[131]
 256      Copy                  132  120    0                          0  r[120]=r[132]
 257      Copy                  133  121    0                          0  r[121]=r[133]
 258      Copy                  127  122    0                          0  r[122]=r[127]
 259      Copy                  134  123    0                          0  r[123]=r[134]
 260      Copy                  135  124    0                          0  r[124]=r[135]
 261      Copy                  136  125    0                          0  r[125]=r[136]
 262      ResultRow             116   10    0                          0  output=r[116..125]
 263    Next                     17  242    0                          0
 264    ResetSorter              17    0    0                          0  cursor=17
 265  Return                    139    0    1                          0
 266  Halt                        0    0    0                          0
 267  Transaction                 0    1    7                          0  iDb=0 tx_mode=Read
 268  Goto                        0    1    0                          0
