---
source: indexes.sqltest
expression: |-
  SELECT id, event_type, severity, source
      FROM events
      WHERE (event_type = 'ERROR' AND severity > 5)
         OR (event_type = 'WARNING' AND severity > 7);
info:
  statement_type: SELECT
  tables:
  - events
  setup_blocks:
  - schema
  database: ':memory:'
---
QUERY PLAN
`--SCAN events
