---
source: joins.sqltest
expression: "SELECT\n        o.order_id,\n        o.order_date,\n        o.customer_id\n    FROM\n        customers c\n    RIGHT OUTER JOIN orders o ON c.customer_id = o.customer_id\n    WHERE\n        c.customer_id IS NULL;"
info:
  statement_type: SELECT
  tables:
    - c.customer_id
    - customers
    - orders
  setup_blocks:
    - schema
  database: ":memory:"
---
QUERY PLAN


BYTECODE
