[1msqlite-sqltests/unnest-exists.sqltest[0m
  [[32mPASS[0m] exists-null-keys                         [2m(6.43ms)[0m
  [[32mPASS[0m] not-exists-in-and                        [2m(7.44ms)[0m
  [[32mPASS[0m] not-exists-basic                         [2m(7.69ms)[0m
  [[32mPASS[0m] not-exists-and-exists                    [2m(7.49ms)[0m
  [[32mPASS[0m] exists-multi-correlation                 [2m(7.93ms)[0m
  [[32mPASS[0m] exists-count                             [2m(7.65ms)[0m
  [[32mPASS[0m] exists-empty-inner                       [2m(8.02ms)[0m
  [[32mPASS[0m] exists-basic                             [2m(8.20ms)[0m
  [[32mPASS[0m] not-exists-with-inner-filter             [2m(8.24ms)[0m
  [[32mPASS[0m] not-exists-empty-inner                   [2m(7.18ms)[0m
  [[32mPASS[0m] exists-duplicate-inner                   [2m(8.04ms)[0m
  [[32mPASS[0m] left-join-on-exists-correlated-rhs       [2m(1.93ms)[0m
  [[32mPASS[0m] left-join-on-not-exists-correlated-both-sides [2m(2.14ms)[0m
  [[32mPASS[0m] left-join-not-exists-on-right-table      [2m(2.54ms)[0m
  [[32mPASS[0m] left-join-on-not-exists-correlated-with-rhs-filter [2m(3.46ms)[0m
  [[32mPASS[0m] exists-multi-table-inner-join            [2m(2.93ms)[0m
  [[32mPASS[0m] exists-with-inner-filter                 [2m(11.89ms)[0m
  [[32mPASS[0m] exists-multi-table-inner-join-count      [2m(2.48ms)[0m
  [[32mPASS[0m] not-exists-multi-table-cross-join        [2m(1.46ms)[0m
  [[32mPASS[0m] three-exists-mix                         [2m(4.44ms)[0m
  [[32mPASS[0m] three-not-exists                         [2m(4.53ms)[0m
  [[32mPASS[0m] three-not-exists-with-gaps               [2m(4.52ms)[0m
  [[32mPASS[0m] exists-no-matching-outer-rows            [2m(4.55ms)[0m
  [[32mPASS[0m] not-exists-order-by                      [2m(12.26ms)[0m
  [[32mPASS[0m] not-exists-with-inner-left-join          [2m(1.61ms)[0m
  [[32mPASS[0m] not-exists-multi-table-inner-join        [2m(3.13ms)[0m
  [[32mPASS[0m] not-exists-volatile-function-not-unnested [2m(4.95ms)[0m
  [[32mPASS[0m] not-exists-all-match                     [2m(5.34ms)[0m
  [[32mPASS[0m] exists-with-inner-left-join              [2m(2.66ms)[0m
  [[32mPASS[0m] not-exists-limit-0-always-true           [2m(1.42ms)[0m
  [[32mPASS[0m] join-with-exists-and-not-exists          [2m(13.87ms)[0m
  [[32mPASS[0m] not-exists-with-outer-left-join-hash     [2m(2.45ms)[0m
  [[32mPASS[0m] exists-is-false-wrapper                  [2m(1.35ms)[0m
  [[32mPASS[0m] exists-limit-0-always-false              [2m(2.50ms)[0m
  [[32mPASS[0m] not-exists-inner-constant-false          [2m(2.52ms)[0m
  [[32mPASS[0m] not-exists-under-or                      [2m(2.31ms)[0m
  [[32mPASS[0m] exists-and-not-exists-with-outer-left-join-hash [2m(3.37ms)[0m
  [[32mPASS[0m] exists-with-outer-left-join-hash         [2m(4.13ms)[0m
  [[32mPASS[0m] exists-is-true-wrapper                   [2m(3.04ms)[0m
  [[32mPASS[0m] exists-case-wrapper                      [2m(2.12ms)[0m
  [[32mPASS[0m] not-exists-is-false-wrapper              [2m(2.78ms)[0m
  [[32mPASS[0m] not-exists-inner-constant-null           [2m(4.72ms)[0m
  [[32mPASS[0m] exists-non-equality-correlation          [2m(3.82ms)[0m
  [[32mPASS[0m] not-exists-non-equality-correlation      [2m(3.92ms)[0m
  [[32mPASS[0m] exists-inner-nested-exists               [2m(4.25ms)[0m
  [[32mPASS[0m] not-exists-inner-outer-only-false        [2m(5.00ms)[0m
  [[32mPASS[0m] exists-disjunction-keeps-outer-multiplicity [2m(4.43ms)[0m
  [[32mPASS[0m] exists-is-matches-null-without-duplicating-rows [2m(4.32ms)[0m
  [[32mPASS[0m] exists-over-a-rewritten-shared-producer  [2m(2.51ms)[0m
  [[32mPASS[0m] exists-short-circuit-keeps-error-unreached [2m(4.90ms)[0m
  [[32mPASS[0m] exists-over-nested-rewritten-shared-producers [2m(2.61ms)[0m
  [[32mPASS[0m] two-not-exists-with-outer-left-join-hash [2m(9.67ms)[0m
  [[32mPASS[0m] exists-over-two-materialized-cte-references [2m(5.43ms)[0m
  [[32mPASS[0m] exists-over-an-independent-materialized-cte [2m(3.37ms)[0m
  [[32mPASS[0m] joined-inner-input-retains-a-false-local-filter [2m(2.19ms)[0m
  [[32mPASS[0m] exists-inner-outer-only-false            [2m(9.35ms)[0m
  [[32mPASS[0m] not-exists-is-true-wrapper               [2m(10.31ms)[0m
  [[32mPASS[0m] not-exists-outer-only-disjunction        [2m(8.28ms)[0m
  [[32mPASS[0m] joined-anti-input-preserves-text-affinity-and-nocase [2m(2.47ms)[0m
  [[32mPASS[0m] exists-over-a-shared-input-also-read-by-the-outer-query [2m(5.45ms)[0m
  [[32mPASS[0m] exists-inner-join-filter-independent-joined-equivalent [2m(2.57ms)[0m
  [[32mPASS[0m] joined-inner-input-preserves-text-affinity-and-nocase [2m(4.77ms)[0m
  [[32mPASS[0m] exists-inside-a-limited-derived-input    [2m(3.13ms)[0m
  [[32mPASS[0m] not-exists-disjunction-keeps-null-outer-row [2m(11.76ms)[0m
  [[32mPASS[0m] not-exists-with-a-joined-inner-input     [2m(6.52ms)[0m
  [[32mPASS[0m] not-exists-over-an-empty-rewritten-shared-producer [2m(8.69ms)[0m
  [[32mPASS[0m] nested-anti-input-keeps-duplicate-outer-rows [2m(1.96ms)[0m
  [[32mPASS[0m] exists-with-a-joined-inner-input         [2m(8.02ms)[0m
  [[32mPASS[0m] exists-keeps-a-correlated-materialized-cte [2m(6.42ms)[0m
  [[32mPASS[0m] nested-exists-under-an-anti-filter       [2m(3.13ms)[0m
  [[32mPASS[0m] not-exists-inside-a-limited-derived-input [2m(5.13ms)[0m
  [[32mPASS[0m] exists-under-or                          [2m(18.39ms)[0m
  [[32mPASS[0m] distinct-correlated-filter-orders-an-expression-of-projected-columns [2m(1.85ms)[0m
  [[32mPASS[0m] nested-exists-with-inequality-and-null-aware-disjunction [2m(6.44ms)[0m
  [[32mPASS[0m] distinct-precedes-limit-and-offset-after-a-correlated-filter [2m(3.36ms)[0m
  [[32mPASS[0m] nested-empty-anti-input-keeps-left-rows  [2m(4.39ms)[0m
  [[32mPASS[0m] distinct-correlated-filter-preserves-value-type-keys [2m(2.47ms)[0m
  [[32mPASS[0m] nested-anti-input-under-an-anti-filter   [2m(5.69ms)[0m
  [[32mPASS[0m] distinct-correlated-filter-with-zero-limit-is-empty [2m(3.94ms)[0m
  [[32mPASS[0m] not-exists-sum                           [2m(1.71ms)[0m
  [[32mPASS[0m] not-exists-over-an-independent-materialized-cte [2m(14.42ms)[0m
  [[32mPASS[0m] exists-group-by                          [2m(1.60ms)[0m
  [[32mPASS[0m] exists-in-and                            [2m(8.94ms)[0m
  [[32mPASS[0m] exists-after-merging-an-inner-join-filter [2m(11.11ms)[0m
  [[32mPASS[0m] exists-indexed                           [2m(3.58ms)[0m
  [[32mPASS[0m] not-exists-count                         [2m(3.41ms)[0m
  [[32mPASS[0m] nested-empty-semi-input-under-an-anti-filter [2m(8.13ms)[0m
  [[32mPASS[0m] distinct-correlated-filter-orders-projected-expressions-before-limit [2m(6.90ms)[0m
  [[32mPASS[0m] distinct-after-a-correlated-filter-removes-duplicate-rows [2m(8.61ms)[0m
  [[32mPASS[0m] distinct-correlated-filter-preserves-an-empty-input [2m(5.98ms)[0m
  [[32mPASS[0m] left-join-on-exists-correlated           [2m(2.21ms)[0m
  [[32mPASS[0m] join-with-two-not-exists                 [2m(2.60ms)[0m
  [[32mPASS[0m] not-exists-indexed                       [2m(6.84ms)[0m
  [[32mPASS[0m] exists-order-by                          [2m(5.33ms)[0m
  [[32mPASS[0m] join-with-exists                         [2m(4.87ms)[0m
  [[32mPASS[0m] exists-on-join-aggregate                 [2m(3.05ms)[0m
  [[32mPASS[0m] two-exists-count                         [2m(5.55ms)[0m
  [[32mPASS[0m] two-exists                               [2m(4.10ms)[0m
  [[32mPASS[0m] distinct-correlated-filter-preserves-column-collation [2m(9.51ms)[0m
  [[32mPASS[0m] join-with-not-exists                     [2m(5.93ms)[0m
  [[32mPASS[0m] not-exists-self-join                     [2m(2.85ms)[0m
  [[32mPASS[0m] exists-and-not-exists                    [2m(2.01ms)[0m
  [[32mPASS[0m] two-not-exists                           [2m(2.82ms)[0m
  [[32mPASS[0m] exists-self-join                         [2m(4.58ms)[0m
  [[32mPASS[0m] left-join-with-exists                    [2m(6.21ms)[0m
  [[32mPASS[0m] not-exists-group-by                      [2m(8.90ms)[0m
  [[32mPASS[0m] exists-and-not-exists-count              [2m(8.24ms)[0m
  [[32mPASS[0m] left-join-on-exists-correlated-with-rhs-filter [2m(5.02ms)[0m
  [[32mPASS[0m] left-join-on-not-exists-correlated       [2m(5.52ms)[0m
  [[32mPASS[0m] not-exists-null-keys                     [2m(3.37ms)[0m
[1mSummary:[0m
  [32m110 passed[39m
  [2mTotal time: 45.65ms[0m

[1m[32mAll tests passed![39m[0m
