---
source: joins.sqltest
expression: |-
  SELECT h.order_id, i.product, r.reason
      FROM h_orders h
      JOIN h_items i ON h.customer_name = i.order_name
      JOIN h_returns r ON h.customer_name = r.order_name;
info:
  statement_type: SELECT
  tables:
  - h.customer_name
  - h_items
  - h_orders
  - h_returns
  setup_blocks:
  - hash_schema
  database: ':memory:'
---
QUERY PLAN
|--HASH JOIN h_items AS i
|--SEARCH r USING COVERING INDEX ephemeral_h_returns_t3 (order_name=?)
`--SCAN h_orders AS h

BYTECODE
addr  opcode              p1  p2  p3  p4                                     p5  comment
   0  Init                 0  57   0                                          0  Start at 57
   1  OpenRead             0   2   0  k(3,B,B,B)                              0  table=h_orders, root=2, iDb=0
   2  OpenRead             1   3   0  k(4,B,B,B,B)                            0  table=h_items, root=3, iDb=0
   3  OpenRead             2   4   0  k(3,B,B,B)                              0  table=h_returns, root=4, iDb=0
   4  Once                14   0   0                                          0  goto 14
   5  OpenRead             4   2   0  k(3,B,B,B)                              0  table=h_orders, root=2, iDb=0
   6  Rewind               4  13   0                                          0  Rewind table h_orders
   7    Column             4   1   4                                          0  r[4]=h_orders.customer_name
   8    Affinity           4   1   0                                          0  r[4..5] = A
   9    RowId              4   5   0                                          0  r[5]=h_orders.rowid
  10    Column             4   1   6                                          0  r[6]=h_orders.customer_name
  11    HashBuild          4   4   1  r=[1] budget=32768 payload=r[5]..r[6]   0
  12  Next                 4   7   0                                          0
  13  HashBuildFinalize    1   0   0                                          0
  14  Rewind               1  43   0                                          0  Rewind table h_items
  15    Column             1   1   7                                          0  r[7]=h_items.order_name
  16    Affinity           7   1   0                                          0  r[7..8] = A
  17    RowId              1  10   0                                          0  r[10]=h_items.rowid
  18    Integer            0  11   0                                          0  r[11]=0
  19    HashProbe          1   7   1  r[12]=42 payload=r[8]..r[9]             0
  20    Once              29   0   0                                          0  goto 29
  21    OpenAutoindex      3   0   0                                          0  cursor=3
  22    Rewind             2  23   0                                          0  Rewind table h_returns
  23      ColumnRange      2   1  13  2                                       0  r[13..14]=h_returns.order_name..reason
  24      RowId            2  15   0                                          0  r[15]=h_returns.rowid
  25      MakeRecord      13   3  16                                          0  r[16]=mkrec(r[13..15]); for ephemeral_h_returns_t3
  26      FilterAdd        3  13   1                                          0  bloom_filter_add(r[13..14])
  27      IdxInsert        3  16  13                                          0  key=r[16]
  28    Next               2  23   0                                          0
  29    Copy               9  17   0                                          0  r[17]=r[9]
  30    Filter             3  39  17                                          1  if !bloom_filter(r[17..18]) goto 39
  31    SeekGE             3  39  17                                          0  key=[17..17]
  32      IdxGT            3  39  17                                          0  key=[17..17]
  33      DeferredSeek     3   2   0                                          0
  34      Copy             8   1   0                                          0  r[1]=r[8]
  35      Column           1   2   2                                          0  r[2]=h_items.product
  36      Column           3   1   3                                          0  r[3]=ephemeral(ephemeral_h_returns_t3).reason
  37      ResultRow        1   3   0                                          0  output=r[1..3]
  38    Next               3  32   0                                          0
  39    IfPos             11  50   0                                          0  r[11]>0 -> r[11]-=0, goto 50
  40    HashNext           1  12  42   payload=r[8]..r[9]                     0
  41    Goto               0  20   0                                          0
  42  Next                 1  15   0                                          0
  43  HashGraceInit        1   0  55                                          0  hash_table_id=1
  44  Integer              1  11   0                                          0  r[11]=1
  45  HashGraceLoadPart    1   0  54                                          0  hash_table_id=1
  46  HashGraceNextProbe   1   7  52                                          0  hash_table_id=1 keys=r[7]..r[7] probe_rowid_dest=r[10]
  47  SeekRowid            1  10  46                                          0  if (r[10]!=cursor 1 for table h_items.rowid) goto 46
  48  HashProbe            1   7   1  r[12]=46 payload=r[8]..r[9]             0
  49  Goto                 0  20   0                                          0
  50  HashNext             1  12  46   payload=r[8]..r[9]                     0
  51  Goto                 0  20   0                                          0
  52  HashGraceAdvPart     1   0  54                                          0  hash_table_id=1
  53  Goto                 0  45   0                                          0
  54  Integer              0  11   0                                          0  r[11]=0
  55  HashClose            1   0   0                                          0
  56  Halt                 0   0   0                                          0
  57  Transaction          0   1   3                                          0  iDb=0 tx_mode=Read
  58  Goto                 0   1   0                                          0
