[1msqlite-sqltests/select/simple_min_max.sqltest[0m
  [[32mPASS[0m] indexed-min-with-equality-prefix-skips-null [2m(12.15ms)[0m
  [[32mPASS[0m] indexed-min-empty-table-returns-null     [2m(12.19ms)[0m
  [[32mPASS[0m] indexed-min-max-real-with-negatives      [2m(12.03ms)[0m
  [[32mPASS[0m] indexed-min-result-skips-null            [2m(12.29ms)[0m
  [[32mPASS[0m] indexed-max-with-equality-prefix         [2m(12.18ms)[0m
  [[32mPASS[0m] unindexed-min-does-not-early-exit        [2m(12.48ms)[0m
  [[32mPASS[0m] indexed-min-all-null-returns-null        [2m(12.34ms)[0m
  [[32mPASS[0m] unindexed-max-does-not-early-exit        [2m(12.94ms)[0m
  [[32mPASS[0m] indexed-min-max-text                     [2m(12.43ms)[0m
  [[32mPASS[0m] indexed-max-extreme-integers             [2m(12.08ms)[0m
  [[32mPASS[0m] indexed-max-text                         [2m(12.20ms)[0m
  [[32mPASS[0m] indexed-max-result                       [2m(13.21ms)[0m
  [[32mPASS[0m] simple-count-scalar-subquery             [2m(13.27ms)[0m
  [[32mPASS[0m] indexed-max-real-with-negatives          [2m(12.43ms)[0m
  [[32mPASS[0m] materialized-cte-min-with-where-skips-null [2m(1.75ms)[0m
  [[32mPASS[0m] indexed-max-nocase-column-collation      [2m(2.63ms)[0m
  [[32mPASS[0m] indexed-max-all-null-returns-null        [2m(3.44ms)[0m
  [[32mPASS[0m] indexed-min-multi-equality-prefix        [2m(2.46ms)[0m
  [[32mPASS[0m] unordered-materialized-cte-correlated-max [2m(3.44ms)[0m
  [[32mPASS[0m] indexed-max-multi-equality-prefix        [2m(2.33ms)[0m
  [[32mPASS[0m] indexed-min-desc-index                   [2m(3.63ms)[0m
  [[32mPASS[0m] indexed-max-single-row                   [2m(4.53ms)[0m
  [[32mPASS[0m] indexed-max-empty-table-returns-null     [2m(4.86ms)[0m
  [[32mPASS[0m] unordered-materialized-cte-max-without-where [2m(4.75ms)[0m
  [[32mPASS[0m] indexed-min-nocase-column-collation      [2m(4.45ms)[0m
  [[32mPASS[0m] indexed-min-in-scalar-subquery           [2m(2.28ms)[0m
  [[32mPASS[0m] materialized-cte-correlated-max-with-implicit-inner-order [2m(6.13ms)[0m
  [[32mPASS[0m] negative-coalesce-wrapping-max           [2m(2.60ms)[0m
  [[32mPASS[0m] indexed-max-desc-index                   [2m(6.25ms)[0m
  [[32mPASS[0m] materialized-cte-max-with-where          [2m(7.29ms)[0m
  [[32mPASS[0m] negative-min-and-max-together            [2m(3.01ms)[0m
  [[32mPASS[0m] negative-min-plus-constant               [2m(4.54ms)[0m
  [[32mPASS[0m] negative-negated-min                     [2m(5.24ms)[0m
  [[32mPASS[0m] indexed-min-max-extreme-integers         [2m(4.65ms)[0m
  [[32mPASS[0m] negative-length-of-min                   [2m(5.47ms)[0m
  [[32mPASS[0m] negative-max-partial-index-prefix        [2m(3.62ms)[0m
  [[32mPASS[0m] negative-min-with-group-by               [2m(5.50ms)[0m
  [[32mPASS[0m] negative-min-cast-argument               [2m(2.81ms)[0m
  [[32mPASS[0m] negative-min-expression-argument         [2m(5.98ms)[0m
  [[32mPASS[0m] negative-min-correlated-subquery         [2m(2.15ms)[0m
  [[32mPASS[0m] negative-max-with-limit-zero             [2m(4.15ms)[0m
  [[32mPASS[0m] negative-min-with-inequality-where       [2m(4.63ms)[0m
  [[32mPASS[0m] negative-min-partial-index-prefix        [2m(6.07ms)[0m
  [[32mPASS[0m] indexed-min-single-row                   [2m(2.99ms)[0m
  [[32mPASS[0m] negative-min-abs-expression              [2m(8.92ms)[0m
  [[32mPASS[0m] materialized-cte-max-without-where       [2m(14.67ms)[0m
  [[32mPASS[0m] negative-max-with-inequality-where       [2m(7.59ms)[0m
  [[32mPASS[0m] minmax-filter-and-distinct-retain-the-selected-row [2m(4.22ms)[0m
  [[32mPASS[0m] minmax-grouped-bare-columns-follow-each-group [2m(5.04ms)[0m
  [[32mPASS[0m] minmax-result-expressions-do-not-evaluate-other-rows [2m(4.05ms)[0m
  [[32mPASS[0m] negative-max-times-one                   [2m(11.49ms)[0m
  [[32mPASS[0m] minmax-indexed-grouping-keeps-the-selected-bare-columns [2m(4.79ms)[0m
  [[32mPASS[0m] minmax-ties-and-null-only-input-keep-a-permitted-row [2m(2.77ms)[0m
  [[32mPASS[0m] minmax-bare-columns-can-occur-inside-an-aggregate-result-expression [2m(4.52ms)[0m
  [[32mPASS[0m] minmax-bare-columns-preserve-text-collation [2m(2.41ms)[0m
  [[32mPASS[0m] minmax-bare-columns-use-the-row-that-supplied-the-extremum [2m(6.19ms)[0m
  [[32mPASS[0m] minmax-empty-correlated-input-does-not-reuse-a-previous-row [2m(4.22ms)[0m
  [[32mPASS[0m] minmax-bare-columns-preserve-storage-class-comparisons [2m(1.54ms)[0m
  [[32mPASS[0m] aggregate-having-rejects-the-row-before-result-expressions-run [2m(4.49ms)[0m
[1mSummary:[0m
  [32m59 passed[39m
  [2mTotal time: 34.18ms[0m

[1m[32mAll tests passed![39m[0m
