[1msqlite-sqltests/compound-select-orderby.sqltest[0m
  [[32mPASS[0m] compound-order-by-integer-beyond-i32-does-not-match [2m(35.51ms)[0m
  [[32mPASS[0m] compound-collation-union-keeps-leftmost-collation [2m(39.75ms)[0m
  [[32mPASS[0m] compound-collation-ordering-finds-middle-collation [2m(3.48ms)[0m
  [[32mPASS[0m] compound-collation-except-keeps-leftmost-collation [2m(39.39ms)[0m
  [[32mPASS[0m] compound-collation-later-input-defines-earlier-comparisons [2m(39.27ms)[0m
  [[32mPASS[0m] compound-collation-intersect-keeps-leftmost-collation [2m(39.77ms)[0m
  [[32mPASS[0m] union-all-expressions-order-by           [2m(38.50ms)[0m
  [[32mPASS[0m] three-way-union-order-by                 [2m(38.60ms)[0m
  [[32mPASS[0m] union-all-order-by-multiple-cols         [2m(39.56ms)[0m
  [[32mPASS[0m] union-all-order-by-col-name              [2m(39.73ms)[0m
  [[32mPASS[0m] intersect-order-by-limit                 [2m(38.54ms)[0m
  [[32mPASS[0m] intersect-order-by                       [2m(38.75ms)[0m
  [[32mPASS[0m] simple-union-order-by-1-desc             [2m(38.83ms)[0m
  [[32mPASS[0m] except-order-by-col-name                 [2m(40.62ms)[0m
  [[32mPASS[0m] union-all-order-by-qualified-collate-nocase-desc [2m(2.89ms)[0m
  [[32mPASS[0m] union-then-intersect-order-by            [2m(41.81ms)[0m
  [[32mPASS[0m] three-way-union-all-order-by-limit       [2m(4.82ms)[0m
  [[32mPASS[0m] three-arm-compound-order-by-qualified-last-arm [2m(7.42ms)[0m
  [[32mPASS[0m] union-all-order-by-unknown-table-errors  [2m(7.50ms)[0m
  [[32mPASS[0m] union-all-where-order-by                 [2m(5.64ms)[0m
  [[32mPASS[0m] union-all-nulls-order-by                 [2m(7.67ms)[0m
  [[32mPASS[0m] intersect-order-by-qualified-second-arm  [2m(8.59ms)[0m
  [[32mPASS[0m] union-all-order-by-qualified-with-alias  [2m(10.34ms)[0m
  [[32mPASS[0m] union-all-order-by-qualified-desc        [2m(12.65ms)[0m
  [[32mPASS[0m] union-all-order-by-arithmetic-expression [2m(13.89ms)[0m
  [[32mPASS[0m] union-all-order-by-function-expression   [2m(14.86ms)[0m
  [[32mPASS[0m] union-all-order-by-qualified-non-result-column-errors [2m(17.88ms)[0m
  [[32mPASS[0m] except-order-by-qualified-result-column  [2m(18.53ms)[0m
  [[32mPASS[0m] union-all-many-order-by                  [2m(8.44ms)[0m
  [[32mPASS[0m] three-way-union-all-order-by-limit-offset [2m(16.06ms)[0m
  [[32mPASS[0m] intersect-union-order-by                 [2m(11.84ms)[0m
  [[32mPASS[0m] union-all-many-order-by-desc             [2m(8.05ms)[0m
  [[32mPASS[0m] union-all-literals-order-by-desc         [2m(12.45ms)[0m
  [[32mPASS[0m] except-reversed-order-by                 [2m(14.41ms)[0m
  [[32mPASS[0m] union-literals-order-by                  [2m(13.72ms)[0m
  [[32mPASS[0m] union-nulls-order-by-desc                [2m(22.17ms)[0m
  [[32mPASS[0m] except-order-by-limit-offset             [2m(8.83ms)[0m
  [[32mPASS[0m] union-order-by-limit-zero                [2m(10.46ms)[0m
  [[32mPASS[0m] union-all-order-by-collate-nocase-name   [2m(4.49ms)[0m
  [[32mPASS[0m] union-all-order-by-collate-nocase        [2m(8.00ms)[0m
  [[32mPASS[0m] union-all-order-by-mixed-asc-desc        [2m(21.94ms)[0m
  [[32mPASS[0m] union-all-order-by-non-leftmost-col-name [2m(12.58ms)[0m
  [[32mPASS[0m] union-order-by-non-leftmost-col-name     [2m(13.97ms)[0m
  [[32mPASS[0m] union-all-order-by-qualified-result-column [2m(10.85ms)[0m
  [[32mPASS[0m] union-all-order-by-collate-nocase-desc   [2m(12.10ms)[0m
  [[32mPASS[0m] union-all-order-by-desc                  [2m(8.92ms)[0m
  [[32mPASS[0m] compound-collation-explicit-binary-precedes-later-nocase [2m(11.31ms)[0m
  [[32mPASS[0m] except-order-by-limit                    [2m(10.66ms)[0m
  [[32mPASS[0m] three-way-union-order-by-desc            [2m(2.66ms)[0m
  [[32mPASS[0m] union-order-by-expr-no-match             [2m(16.76ms)[0m
  [[32mPASS[0m] union-order-by-alias                     [2m(3.11ms)[0m
  [[32mPASS[0m] union-all-order-by-second-col            [2m(6.02ms)[0m
  [[32mPASS[0m] union-all-order-by-limit-offset          [2m(15.10ms)[0m
  [[32mPASS[0m] intersect-order-by-desc                  [2m(6.65ms)[0m
  [[32mPASS[0m] union-all-order-by-limit                 [2m(17.22ms)[0m
  [[32mPASS[0m] union-all-order-by-qualified-second-arm  [2m(7.94ms)[0m
  [[32mPASS[0m] simple-union-all-order-by-1              [2m(4.50ms)[0m
  [[32mPASS[0m] subquery-union-order-by                  [2m(35.63ms)[0m
  [[32mPASS[0m] three-way-union-all-order-by             [2m(4.68ms)[0m
  [[32mPASS[0m] union-then-union-all-order-by            [2m(14.75ms)[0m
  [[32mPASS[0m] union-all-order-by-col-number            [2m(12.52ms)[0m
  [[32mPASS[0m] simple-union-order-by-1                  [2m(9.98ms)[0m
  [[32mPASS[0m] union-order-by-limit-offset              [2m(19.97ms)[0m
  [[32mPASS[0m] union-order-by-limit                     [2m(25.79ms)[0m
  [[32mPASS[0m] intersect-order-by-col-name              [2m(19.70ms)[0m
  [[32mPASS[0m] except-order-by-desc                     [2m(12.20ms)[0m
  [[32mPASS[0m] union-all-then-except-order-by           [2m(14.19ms)[0m
  [[32mPASS[0m] except-order-by                          [2m(13.55ms)[0m
  [[32mPASS[0m] union-order-by-desc                      [2m(11.52ms)[0m
  [[32mPASS[0m] union-all-order-by-alias-desc            [2m(19.31ms)[0m
  [[32mPASS[0m] union-order-by-col-number                [2m(10.26ms)[0m
  [[32mPASS[0m] union-order-by-multiple-cols             [2m(10.01ms)[0m
  [[32mPASS[0m] union-order-by-col-name                  [2m(15.15ms)[0m
[1mSummary:[0m
  [32m73 passed[39m
  [2mTotal time: 102.57ms[0m

[1m[32mAll tests passed![39m[0m
