[1msqlite-sqltests/compound-select-orderby.sqltest[0m
  [[32mPASS[0m] compound-collation-union-keeps-leftmost-collation [2m(137.57ms)[0m
  [[32mPASS[0m] union-all-order-by-qualified-with-alias  [2m(131.54ms)[0m
  [[32mPASS[0m] union-all-order-by-arithmetic-expression [2m(132.83ms)[0m
  [[32mPASS[0m] union-order-by-col-number                [2m(143.14ms)[0m
  [[32mPASS[0m] compound-collation-intersect-keeps-leftmost-collation [2m(146.42ms)[0m
  [[32mPASS[0m] union-all-order-by-col-number            [2m(147.32ms)[0m
  [[32mPASS[0m] union-all-order-by-limit                 [2m(148.41ms)[0m
  [[32mPASS[0m] intersect-order-by-desc                  [2m(152.15ms)[0m
  [[32mPASS[0m] three-way-union-order-by-desc            [2m(155.05ms)[0m
  [[32mPASS[0m] union-all-order-by-qualified-result-column [2m(155.31ms)[0m
  [[32mPASS[0m] union-order-by-alias                     [2m(157.44ms)[0m
  [[32mPASS[0m] union-all-order-by-limit-offset          [2m(161.91ms)[0m
  [[32mPASS[0m] compound-collation-except-keeps-leftmost-collation [2m(18.38ms)[0m
  [[32mPASS[0m] intersect-order-by-qualified-second-arm  [2m(157.64ms)[0m
  [[32mPASS[0m] simple-union-order-by-1                  [2m(162.70ms)[0m
  [[32mPASS[0m] union-all-order-by-function-expression   [2m(27.30ms)[0m
  [[32mPASS[0m] union-order-by-limit                     [2m(21.92ms)[0m
  [[32mPASS[0m] union-all-order-by-col-name              [2m(25.51ms)[0m
  [[32mPASS[0m] union-order-by-col-name                  [2m(29.15ms)[0m
  [[32mPASS[0m] except-order-by-qualified-result-column  [2m(34.47ms)[0m
  [[32mPASS[0m] intersect-order-by-col-name              [2m(22.05ms)[0m
  [[32mPASS[0m] union-all-order-by-qualified-second-arm  [2m(15.20ms)[0m
  [[32mPASS[0m] simple-union-all-order-by-1              [2m(12.68ms)[0m
  [[32mPASS[0m] compound-collation-ordering-finds-middle-collation [2m(14.04ms)[0m
  [[32mPASS[0m] union-order-by-limit-offset              [2m(15.63ms)[0m
  [[32mPASS[0m] union-all-order-by-alias-desc            [2m(20.39ms)[0m
  [[32mPASS[0m] three-arm-compound-order-by-qualified-last-arm [2m(15.87ms)[0m
  [[32mPASS[0m] union-then-union-all-order-by            [2m(23.31ms)[0m
  [[32mPASS[0m] union-all-order-by-desc                  [2m(8.81ms)[0m
  [[32mPASS[0m] union-all-order-by-qualified-non-result-column-errors [2m(46.12ms)[0m
  [[32mPASS[0m] union-all-order-by-qualified-collate-nocase-desc [2m(16.80ms)[0m
  [[32mPASS[0m] union-all-nulls-order-by                 [2m(10.30ms)[0m
  [[32mPASS[0m] union-order-by-desc                      [2m(11.14ms)[0m
  [[32mPASS[0m] simple-union-order-by-1-desc             [2m(8.80ms)[0m
  [[32mPASS[0m] except-order-by                          [2m(10.83ms)[0m
  [[32mPASS[0m] union-all-order-by-qualified-desc        [2m(10.00ms)[0m
  [[32mPASS[0m] union-all-order-by-second-col            [2m(6.40ms)[0m
  [[32mPASS[0m] three-way-union-all-order-by             [2m(8.12ms)[0m
  [[32mPASS[0m] except-order-by-limit                    [2m(15.46ms)[0m
  [[32mPASS[0m] union-all-where-order-by                 [2m(8.18ms)[0m
  [[32mPASS[0m] three-way-union-all-order-by-limit-offset [2m(8.06ms)[0m
  [[32mPASS[0m] union-all-expressions-order-by           [2m(11.96ms)[0m
  [[32mPASS[0m] compound-collation-later-input-defines-earlier-comparisons [2m(14.84ms)[0m
  [[32mPASS[0m] union-all-then-except-order-by           [2m(12.44ms)[0m
  [[32mPASS[0m] union-all-order-by-unknown-table-errors  [2m(11.89ms)[0m
  [[32mPASS[0m] subquery-union-order-by                  [2m(8.36ms)[0m
  [[32mPASS[0m] intersect-union-order-by                 [2m(8.85ms)[0m
  [[32mPASS[0m] union-order-by-multiple-cols             [2m(11.71ms)[0m
  [[32mPASS[0m] union-nulls-order-by-desc                [2m(13.23ms)[0m
  [[32mPASS[0m] compound-collation-explicit-binary-precedes-later-nocase [2m(4.58ms)[0m
  [[32mPASS[0m] three-way-union-order-by                 [2m(11.00ms)[0m
  [[32mPASS[0m] three-way-union-all-order-by-limit       [2m(10.38ms)[0m
  [[32mPASS[0m] union-all-order-by-multiple-cols         [2m(12.62ms)[0m
  [[32mPASS[0m] intersect-order-by-limit                 [2m(14.77ms)[0m
  [[32mPASS[0m] union-all-literals-order-by-desc         [2m(8.33ms)[0m
  [[32mPASS[0m] union-all-many-order-by                  [2m(7.95ms)[0m
  [[32mPASS[0m] except-reversed-order-by                 [2m(12.95ms)[0m
  [[32mPASS[0m] union-then-intersect-order-by            [2m(11.62ms)[0m
  [[32mPASS[0m] compound-order-by-integer-beyond-i32-does-not-match [2m(9.04ms)[0m
  [[32mPASS[0m] union-literals-order-by                  [2m(16.28ms)[0m
  [[32mPASS[0m] intersect-order-by                       [2m(13.41ms)[0m
  [[32mPASS[0m] union-all-order-by-mixed-asc-desc        [2m(13.56ms)[0m
  [[32mPASS[0m] union-order-by-limit-zero                [2m(10.69ms)[0m
  [[32mPASS[0m] union-order-by-non-leftmost-col-name     [2m(9.54ms)[0m
  [[32mPASS[0m] except-order-by-desc                     [2m(23.39ms)[0m
  [[32mPASS[0m] except-order-by-limit-offset             [2m(11.56ms)[0m
  [[32mPASS[0m] union-all-order-by-collate-nocase        [2m(7.70ms)[0m
  [[32mPASS[0m] union-all-order-by-non-leftmost-col-name [2m(9.08ms)[0m
  [[32mPASS[0m] union-all-order-by-collate-nocase-name   [2m(8.50ms)[0m
  [[32mPASS[0m] union-order-by-expr-no-match             [2m(10.47ms)[0m
  [[32mPASS[0m] union-all-order-by-collate-nocase-desc   [2m(9.55ms)[0m
  [[32mPASS[0m] except-order-by-col-name                 [2m(9.67ms)[0m
  [[32mPASS[0m] union-all-many-order-by-desc             [2m(20.65ms)[0m
[1mSummary:[0m
  [32m73 passed[39m
  [2mTotal time: 224.40ms[0m

[1m[32mAll tests passed![39m[0m
