---
source: analyze.sqltest
expression: |-
  SELECT c.name, COUNT(*) as purchase_count, SUM(p.amount) as total
      FROM customers c
      JOIN purchases p ON c.id = p.customer_id
      GROUP BY c.id;
info:
  statement_type: SELECT
  tables:
  - c.id
  - customers
  - purchases
  setup_blocks:
  - join_tables
  database: ':memory:'
---
QUERY PLAN
|--SCAN purchases AS p
|--SEARCH c USING INDEX ephemeral_customers_t1 (id=?)
`--USE SORTER FOR GROUP BY

BYTECODE
addr  opcode                    p1  p2  p3  p4            p5  comment
   0          Init               0  67   0                 0  Start at 67
   1          Null               0  10  11                 0  r[10..11]=NULL
   2          SorterOpen         0   3   0  k(1,B)         0  cursor=0
   3          Integer            0   6   0                 0  r[6]=0; clear group by abort flag
   4          Null               0   7   0                 0  r[7]=NULL; initialize group by comparison registers to NULL
   5          Gosub             16  63   0                 0  ; go to clear accumulator subroutine
   6          OpenRead           2   2   0  k(2,B,B)       0  table=customers, root=2, iDb=0
   7          OpenRead           4   3   0  k(3,B,B,B)     0  table=purchases, root=3, iDb=0
   8          Rewind             4  33   0                 0  Rewind table purchases
   9            Once            19   0   0                 0  goto 19
  10            OpenAutoindex    3   0   0                 0  cursor=3
  11            Rewind           2  12   0                 0  Rewind table customers
  12              RowId          2  17   0                 0  r[17]=customers.rowid
  13              Column         2   1  18                 0  r[18]=customers.name
  14              RowId          2  19   0                 0  r[19]=customers.rowid
  15              MakeRecord    17   3  20                 0  r[20]=mkrec(r[17..19]); for ephemeral_customers_t1
  16              FilterAdd      3  17   1                 0  bloom_filter_add(r[17..18])
  17              IdxInsert      3  20  17                 0  key=r[20]
  18            Next             2  12   0                 0
  19            Column           4   1  21                 0  r[21]=purchases.customer_id
  20            Affinity        21   1   0                 0  r[21..22] = C
  21            Filter           3  32  21                 1  if !bloom_filter(r[21..22]) goto 32
  22            SeekGE           3  32  21                 0  key=[21..21]
  23              IdxGT          3  32  21                 0  key=[21..21]
  24              DeferredSeek   3   2   0                 0
  25              IdxRowId       3  13   0                 0  r[13]=cursor 3 for index ephemeral(ephemeral_customers_t1).rowid
  26              Column         3   1  14                 0  r[14]=ephemeral(ephemeral_customers_t1).name
  27              Column         4   2  15                 0  r[15]=purchases.amount
  28              RealAffinity  15   0   0                 0
  29              MakeRecord    13   3  12                 0  r[12]=mkrec(r[13..15])
  30              SorterInsert   0  12   0  0              0  key=r[12]
  31            Next             3  23   0                 0
  32          Next               4   9   0                 0
  33          OpenPseudo         1  12   3                 0  3 columns in r[12]
  34          SorterSort         0  50   0                 0
  35            SorterData       0  12   1                 0  r[12]=data
  36            Column           1   0  22                 0  r[22]=pseudo.column 0
  37            Compare          7  22   1  k(1, Binary)   0  r[7..7]==r[22..22]
  38            Jump            39  43  39                 0  ; start new group if comparison is not equal
  39            Gosub            4  54   0                 0  ; check if ended group had data, and output if so
  40            Move            22   7   1                 0  r[7..7]=r[22..22]
  41            IfPos            6  66   0                 0  r[6]>0 -> r[6]-=0, goto 66; check abort flag
  42            Gosub           16  63   0                 0  ; goto clear accumulator subroutine
  43            Column           1   2  23                 0  r[23]=pseudo.column 2
  44            AggStep          0  24  10  count          0  accum=r[10] step(r[24])
  45            AggStep          0  23  11  sum            0  accum=r[11] step(r[23])
  46            If               5  48   0                 0  if r[5] goto 48; don't emit group columns if continuing existing group
  47            Column           1   1   8                 0  r[8]=pseudo.column 1
  48            Integer          1   5   0                 0  r[5]=1; indicate data in accumulator
  49          SorterNext         0  35   0                 0
  50          Gosub              4  54   0                 0  ; emit row for final group
  51          Goto               0  66   0                 0  ; group by finished
  52          Integer            1   6   0                 0  r[6]=1
  53        Return               4   0   0                 0
  54        IfPos                5  56   0                 0  r[5]>0 -> r[5]-=0, goto 56; output group by row subroutine start
  55      Return                 4   0   0                 0
  56      AggFinal               0  10   0  count          0  accum=r[10]
  57      AggFinal               0  11   0  sum            0  accum=r[11]
  58      Copy                   8   1   0                 0  r[1]=r[8]
  59      Copy                  10   2   0                 0  r[2]=r[10]
  60      Copy                  11   3   0                 0  r[3]=r[11]
  61      ResultRow              1   3   0                 0  output=r[1..3]
  62    Return                   4   0   0                 0
  63    Null                     0   8  11                 0  r[8..11]=NULL; clear accumulator subroutine start
  64    Integer                  0   5   0                 0  r[5]=0
  65  Return                    16   0   0                 0
  66  Halt                       0   0   0                 0
  67  Transaction                0   1   4                 0  iDb=0 tx_mode=Read
  68  Integer                    1  24   0                 0  r[24]=1
  69  Goto                       0   1   0                 0
