---
source: windows.sqltest
expression: |-
  SELECT
          sale_id,
          emp_id,
          sale_date,
          amount,
          SUM(amount) OVER (ORDER BY sale_date) AS running_total,
          SUM(amount) OVER (
              PARTITION BY emp_id
              ORDER BY sale_date
          ) AS emp_running_total
      FROM sales;
info:
  statement_type: SELECT
  tables:
  - sales
  setup_blocks:
  - schema
  database: ':memory:'
---
QUERY PLAN
`--SCAN window_subquery_0
   |--SCAN window_subquery_1
   |  |--SCAN sales
   |  `--USE SORTER FOR ORDER BY
   `--USE SORTER FOR ORDER BY

BYTECODE
addr  opcode                   p1   p2   p3  p4                     p5  comment
   0          Init              0  206    0                          0  Start at 206
   1          InitCoroutine     1  122    2                          0
   2          InitCoroutine     2   23    3                          0
   3          SorterOpen        0    2    0  k(2,B,B)                0  cursor=0
   4          OpenRead          1    3    0  k(5,B,B,B,B,B)          0  table=sales, root=3, iDb=0
   5          Rewind            1   13    0                          0  Rewind table sales
   6            Column          1    1    8                          0  r[8]=sales.emp_id
   7            Column          1    2    9                          0  r[9]=sales.sale_date
   8            RowId           1   10    0                          0  r[10]=sales.rowid
   9            Column          1    3   11                          0  r[11]=sales.amount
  10            MakeRecord      8    4    7                          0  r[7]=mkrec(r[8..11])
  11            SorterInsert    0    7    0  0                       0  key=r[7]
  12          Next              1    6    0                          0
  13          OpenPseudo        2    7    4                          0  4 columns in r[7]
  14          SorterSort        0   22    0                          0
  15            SorterData      0    7    2                          0  r[7]=data
  16            Column          2    0    3                          0  r[3]=pseudo.column 0
  17            Column          2    1    4                          0  r[4]=pseudo.column 1
  18            Column          2    2    5                          0  r[5]=pseudo.column 2
  19            Column          2    3    6                          0  r[6]=pseudo.column 3
  20            Yield           2    0    0                          0
  21          SorterNext        0   15    0                          0
  22          EndCoroutine      2    0    0                          0
  23          SorterOpen        3    1    0  k(1,B)                  0  cursor=3
  24          OpenEphemeral     4    1    0                          0  cursor=4 is_table=true
  25          OpenDup           5    4    0                          0  new_cursor=5, original_cursor=4
  26          OpenDup           6    4    0                          0  new_cursor=6, original_cursor=4
  27          Null              0   24    0                          0  r[24]=NULL
  28          Null              0   25    0                          0  r[25]=NULL
  29          InitCoroutine     2    0    3                          0
  30            Yield           2   76    0                          0
  31            Copy            4   27    0                          0  r[27]=r[4]
  32            Compare         3   25    1  k(1, Binary)            0  r[3..3]==r[25..25]; compare partition keys to detect new partition
  33            Jump           34   37   34                          0
  34            Gosub          26   77    0                          0  ; detected new partition
  35            Null            0   24    0                          0  r[24]=NULL
  36            Copy            3   25    0                          0  r[25]=r[3]
  37            NotNull        24   48    0                          0  r[24]!=NULL -> goto 48
  38            Copy           27   28    0                          0  r[28]=r[27]; initialize peer-reference registers for new partition
  39            Copy           28   29    0                          0  r[29]=r[28]
  40            Copy           28   30    0                          0  r[30]=r[28]
  41            Null            0   18   18                          0  r[18..18]=NULL; reset accumulator registers
  42            MakeRecord      3    4   32                          0  r[32]=mkrec(r[3..6])
  43            NewRowid        5   24    0                          0  r[24]=rowid
  44            Insert          5   32   24  buffer_table_window_1   2  intkey=r[24] data=r[32]
  45            Rewind          4   47    0                          0  Rewind  ephemeral(buffer_table_window_1)
  46            Rewind          6   47    0                          0  Rewind  ephemeral(buffer_table_window_1)
  47            Goto            0   75    0                          0
  48            MakeRecord      3    4   33                          0  r[33]=mkrec(r[3..6])
  49            NewRowid        5   24    0                          0  r[24]=rowid
  50            Insert          5   33   24  buffer_table_window_1   2  intkey=r[24] data=r[33]
  51            Compare        27   28    1  k(1, Binary)            0  r[27..27]==r[28..28]; skip frame ops when peer of previous row
  52            Jump           53   75   53                          0
  53            Copy           27   28    0                          0  r[28]=r[27]
  54            Column          6    3   34                          0  r[34]=ephemeral(buffer_table_window_1).amount
  55            AggStep         0   34   18  sum                     0  accum=r[18] step(r[34])
  56            Next            6   58    0                          0
  57            Goto            0   62    0                          0
  58            Column          6    1   35                          0  r[35]=ephemeral(buffer_table_window_1).sale_date
  59            Compare        30   35    1  k(1, Binary)            0  r[30..30]==r[35..35]
  60            Jump           61   54   61                          0
  61            Copy           35   30    0                          0  r[30]=r[35]
  62            AggValue        0   18   19  sum                     0  accum=r[18] dest=r[19]
  63            Column          4    1   20                          0  r[20]=ephemeral(buffer_table_window_1).sale_date
  64            Column          4    2   21                          0  r[21]=ephemeral(buffer_table_window_1).sale_id
  65            Column          4    0   22                          0  r[22]=ephemeral(buffer_table_window_1).emp_id
  66            Column          4    3   23                          0  r[23]=ephemeral(buffer_table_window_1).amount
  67            Gosub          31  103    0                          0
  68            Delete          4    0    0  buffer_table_window_1   0
  69            Next            4   71    0                          0
  70            Goto            0   75    0                          0
  71            Column          4    1   36                          0  r[36]=ephemeral(buffer_table_window_1).sale_date
  72            Compare        29   36    1  k(1, Binary)            0  r[29..29]==r[36..36]
  73            Jump           74   63   74                          0
  74            Copy           36   29    0                          0  r[29]=r[36]
  75          Goto              0   30    0                          0
  76          Null              0   26    0                          0  r[26]=NULL; return remaining buffered rows
  77          Rewind            5  100    0                          0  Rewind  ephemeral(buffer_table_window_1)
  78          Column            6    3   37                          0  r[37]=ephemeral(buffer_table_window_1).amount
  79          AggStep           0   37   18  sum                     0  accum=r[18] step(r[37])
  80          Next              6   82    0                          0
  81          Goto              0   86    0                          0
  82          Column            6    1   38                          0  r[38]=ephemeral(buffer_table_window_1).sale_date
  83          Compare          30   38    1  k(1, Binary)            0  r[30..30]==r[38..38]
  84          Jump             85   78   85                          0
  85          Copy             38   30    0                          0  r[30]=r[38]
  86          AggValue          0   18   19  sum                     0  accum=r[18] dest=r[19]
  87          Column            4    1   20                          0  r[20]=ephemeral(buffer_table_window_1).sale_date
  88          Column            4    2   21                          0  r[21]=ephemeral(buffer_table_window_1).sale_id
  89          Column            4    0   22                          0  r[22]=ephemeral(buffer_table_window_1).emp_id
  90          Column            4    3   23                          0  r[23]=ephemeral(buffer_table_window_1).amount
  91          Gosub            31  103    0                          0
  92          Delete            4    0    0  buffer_table_window_1   0
  93          Next              4   95    0                          0
  94          Goto              0  100    0                          0
  95          Column            4    1   39                          0  r[39]=ephemeral(buffer_table_window_1).sale_date
  96          Compare          29   39    1  k(1, Binary)            0  r[29..29]==r[39..39]
  97          Jump             98   87   98                          0
  98          Copy             39   29    0                          0  r[29]=r[39]
  99          Goto              0   86    0                          0
 100          ResetSorter       4    0    0                          0  cursor=4
 101        Return             26    0    1                          0
 102        Goto                0  111    0                          0
 103        Copy               20   40    0                          0  r[40]=r[20]
 104        Copy               21   41    0                          0  r[41]=r[21]
 105        Copy               22   42    0                          0  r[42]=r[22]
 106        Copy               23   43    0                          0  r[43]=r[23]
 107        Copy               19   44    0                          0  r[44]=r[19]
 108        MakeRecord         40    5   17                          0  r[17]=mkrec(r[40..44])
 109        SorterInsert        3   17    0  0                       0  key=r[17]
 110      Return               31    0    0                          0
 111      OpenPseudo            7   17    5                          0  5 columns in r[17]
 112      SorterSort            3  121    0                          0
 113        SorterData          3   17    7                          0  r[17]=data
 114        Column              7    0   12                          0  r[12]=pseudo.column 0
 115        Column              7    1   13                          0  r[13]=pseudo.column 1
 116        Column              7    2   14                          0  r[14]=pseudo.column 2
 117        Column              7    3   15                          0  r[15]=pseudo.column 3
 118        Column              7    4   16                          0  r[16]=pseudo.column 4
 119        Yield               1    0    0                          0
 120      SorterNext            3  113    0                          0
 121      EndCoroutine          1    0    0                          0
 122      OpenEphemeral         8    1    0                          0  cursor=8 is_table=true
 123      OpenDup               9    8    0                          0  new_cursor=9, original_cursor=8
 124      OpenDup              10    8    0                          0  new_cursor=10, original_cursor=8
 125      Null                  0   58    0                          0  r[58]=NULL
 126      InitCoroutine         1    0    2                          0
 127        Yield               1  169    0                          0
 128        Copy               12   60    0                          0  r[60]=r[12]
 129        NotNull            58  140    0                          0  r[58]!=NULL -> goto 140
 130        Copy               60   61    0                          0  r[61]=r[60]; initialize peer-reference registers for new partition
 131        Copy               61   62    0                          0  r[62]=r[61]
 132        Copy               61   63    0                          0  r[63]=r[61]
 133        Null                0   51   51                          0  r[51..51]=NULL; reset accumulator registers
 134        MakeRecord         12    5   65                          0  r[65]=mkrec(r[12..16])
 135        NewRowid            9   58    0                          0  r[58]=rowid
 136        Insert              9   65   58  buffer_table_window_0   2  intkey=r[58] data=r[65]
 137        Rewind              8  139    0                          0  Rewind  ephemeral(buffer_table_window_0)
 138        Rewind             10  139    0                          0  Rewind  ephemeral(buffer_table_window_0)
 139        Goto                0  168    0                          0
 140        MakeRecord         12    5   66                          0  r[66]=mkrec(r[12..16])
 141        NewRowid            9   58    0                          0  r[58]=rowid
 142        Insert              9   66   58  buffer_table_window_0   2  intkey=r[58] data=r[66]
 143        Compare            60   61    1  k(1, Binary)            0  r[60..60]==r[61..61]; skip frame ops when peer of previous row
 144        Jump              145  168  145                          0
 145        Copy               60   61    0                          0  r[61]=r[60]
 146        Column             10    3   67                          0  r[67]=ephemeral(buffer_table_window_0).amount
 147        AggStep             0   67   51  sum                     0  accum=r[51] step(r[67])
 148        Next               10  150    0                          0
 149        Goto                0  154    0                          0
 150        Column             10    0   68                          0  r[68]=ephemeral(buffer_table_window_0).sale_date
 151        Compare            63   68    1  k(1, Binary)            0  r[63..63]==r[68..68]
 152        Jump              153  146  153                          0
 153        Copy               68   63    0                          0  r[63]=r[68]
 154        AggValue            0   51   52  sum                     0  accum=r[51] dest=r[52]
 155        Column              8    1   53                          0  r[53]=ephemeral(buffer_table_window_0).sale_id
 156        Column              8    2   54                          0  r[54]=ephemeral(buffer_table_window_0).emp_id
 157        Column              8    0   55                          0  r[55]=ephemeral(buffer_table_window_0).sale_date
 158        Column              8    3   56                          0  r[56]=ephemeral(buffer_table_window_0).amount
 159        Column              8    4   57                          0  r[57]=ephemeral(buffer_table_window_0).column 4
 160        Gosub              64  197    0                          0
 161        Delete              8    0    0  buffer_table_window_0   0
 162        Next                8  164    0                          0
 163        Goto                0  168    0                          0
 164        Column              8    0   69                          0  r[69]=ephemeral(buffer_table_window_0).sale_date
 165        Compare            62   69    1  k(1, Binary)            0  r[62..62]==r[69..69]
 166        Jump              167  155  167                          0
 167        Copy               69   62    0                          0  r[62]=r[69]
 168      Goto                  0  127    0                          0
 169      Null                  0   59    0                          0  r[59]=NULL; return remaining buffered rows
 170      Rewind                9  194    0                          0  Rewind  ephemeral(buffer_table_window_0)
 171      Column               10    3   70                          0  r[70]=ephemeral(buffer_table_window_0).amount
 172      AggStep               0   70   51  sum                     0  accum=r[51] step(r[70])
 173      Next                 10  175    0                          0
 174      Goto                  0  179    0                          0
 175      Column               10    0   71                          0  r[71]=ephemeral(buffer_table_window_0).sale_date
 176      Compare              63   71    1  k(1, Binary)            0  r[63..63]==r[71..71]
 177      Jump                178  171  178                          0
 178      Copy                 71   63    0                          0  r[63]=r[71]
 179      AggValue              0   51   52  sum                     0  accum=r[51] dest=r[52]
 180      Column                8    1   53                          0  r[53]=ephemeral(buffer_table_window_0).sale_id
 181      Column                8    2   54                          0  r[54]=ephemeral(buffer_table_window_0).emp_id
 182      Column                8    0   55                          0  r[55]=ephemeral(buffer_table_window_0).sale_date
 183      Column                8    3   56                          0  r[56]=ephemeral(buffer_table_window_0).amount
 184      Column                8    4   57                          0  r[57]=ephemeral(buffer_table_window_0).column 4
 185      Gosub                64  197    0                          0
 186      Delete                8    0    0  buffer_table_window_0   0
 187      Next                  8  189    0                          0
 188      Goto                  0  194    0                          0
 189      Column                8    0   72                          0  r[72]=ephemeral(buffer_table_window_0).sale_date
 190      Compare              62   72    1  k(1, Binary)            0  r[62..62]==r[72..72]
 191      Jump                192  180  192                          0
 192      Copy                 72   62    0                          0  r[62]=r[72]
 193      Goto                  0  179    0                          0
 194      ResetSorter           8    0    0                          0  cursor=8
 195    Return                 59    0    1                          0
 196    Goto                    0  205    0                          0
 197    Copy                   53   45    0                          0  r[45]=r[53]
 198    Copy                   54   46    0                          0  r[46]=r[54]
 199    Copy                   55   47    0                          0  r[47]=r[55]
 200    Copy                   56   48    0                          0  r[48]=r[56]
 201    Copy                   52   49    0                          0  r[49]=r[52]
 202    Copy                   57   50    0                          0  r[50]=r[57]
 203    ResultRow              45    6    0                          0  output=r[45..50]
 204  Return                   64    0    0                          0
 205  Halt                      0    0    0                          0
 206  Transaction               0    1    7                          0  iDb=0 tx_mode=Read
 207  Goto                      0    1    0                          0
