---
source: windows.sqltest
expression: |-
  SELECT
          sale_id,
          emp_id,
          sale_date,
          amount,
          SUM(amount) OVER (ORDER BY sale_date) AS running_total,
          SUM(amount) OVER (
              PARTITION BY emp_id
              ORDER BY sale_date
          ) AS emp_running_total
      FROM sales;
info:
  statement_type: SELECT
  tables:
  - sales
  setup_blocks:
  - schema
  database: ':memory:'
---
QUERY PLAN
`--SCAN window_subquery_0
   |--SCAN window_subquery_1
   |  |--SCAN sales
   |  `--USE SORTER FOR ORDER BY
   `--USE SORTER FOR ORDER BY

BYTECODE
addr  opcode                   p1   p2   p3  p4                     p5  comment
   0          Init              0  188    0                          0  Start at 188
   1          InitCoroutine     1  110    2                          0
   2          InitCoroutine     2   19    3                          0
   3          SorterOpen        0    2    0  k(2,B,B)                0  cursor=0
   4          OpenRead          1    3    0  k(5,B,B,B,B,B)          0  table=sales, root=3, iDb=0
   5          Rewind            1   12    0                          0  Rewind table sales
   6            ColumnRange     1    1    8  2                       0  r[8..9]=sales.emp_id..sale_date
   7            RowId           1   10    0                          0  r[10]=sales.rowid
   8            Column          1    3   11                          0  r[11]=sales.amount
   9            MakeRecord      8    4    7                          0  r[7]=mkrec(r[8..11])
  10            SorterInsert    0    7    0  0                       0  key=r[7]
  11          Next              1    6    0                          0
  12          OpenPseudo        2    7    4                          0  4 columns in r[7]
  13          SorterSort        0   18    0                          0
  14            SorterData      0    7    2                          0  r[7]=data
  15            ColumnRange     2    0    3  4                       0  r[3..6]=pseudo.column 0..column 3
  16            Yield           2    0    0                          0
  17          SorterNext        0   14    0                          0
  18          EndCoroutine      2    0    0                          0
  19          SorterOpen        3    1    0  k(1,B)                  0  cursor=3
  20          OpenEphemeral     4    1    0                          0  cursor=4 is_table=true
  21          OpenDup           5    4    0                          0  new_cursor=5, original_cursor=4
  22          OpenDup           6    4    0                          0  new_cursor=6, original_cursor=4
  23          Null              0   24    0                          0  r[24]=NULL
  24          Null              0   25    0                          0  r[25]=NULL
  25          InitCoroutine     2    0    3                          0
  26            Yield           2   69    0                          0
  27            Copy            4   27    0                          0  r[27]=r[4]
  28            Compare         3   25    1  k(1, Binary)            0  r[3..3]==r[25..25]; compare partition keys to detect new partition
  29            Jump           30   33   30                          0
  30            Gosub          26   70    0                          0  ; detected new partition
  31            Null            0   24    0                          0  r[24]=NULL
  32            Copy            3   25    0                          0  r[25]=r[3]
  33            NotNull        24   43    0                          0  r[24]!=NULL -> goto 43
  34            Copy           27   28    0                          0  r[28]=r[27]; initialize per-cursor peer-reference registers for new partition
  35            Copy           27   29    0                          0  r[29]=r[27]
  36            Null            0   18   18                          0  r[18..18]=NULL; reset accumulator registers
  37            MakeRecord      3    4   31                          0  r[31]=mkrec(r[3..6])
  38            NewRowid        5   24    0                          0  r[24]=rowid
  39            Insert          5   31   24  buffer_table_window_1   2  intkey=r[24] data=r[31]
  40            Rewind          4   42    0                          0  Rewind  ephemeral(buffer_table_window_1)
  41            Rewind          6   42    0                          0  Rewind  ephemeral(buffer_table_window_1)
  42            Goto            0   68    0                          0
  43            MakeRecord      3    4   32                          0  r[32]=mkrec(r[3..6])
  44            NewRowid        5   24    0                          0  r[24]=rowid
  45            Insert          5   32   24  buffer_table_window_1   2  intkey=r[24] data=r[32]
  46            Compare        27   29    1  k(1, Binary)            0  r[27..27]==r[29..29]; compare ORDER BY columns to detect peer
  47            Jump           48   68   48                          0
  48            Column          6    3   33                          0  r[33]=ephemeral(buffer_table_window_1).amount
  49            AggStep         0   33   18  sum                     0  accum=r[18] step(r[33])
  50            Next            6   52    0                          0
  51            Goto            0   56    0                          0
  52            Column          6    1   34                          0  r[34]=ephemeral(buffer_table_window_1).sale_date
  53            Compare        29   34    1  k(1, Binary)            0  r[29..29]==r[34..34]
  54            Jump           55   48   55                          0
  55            Copy           34   29    0                          0  r[29]=r[34]
  56            AggValue        0   18   19  sum                     0  accum=r[18] dest=r[19]
  57            ColumnRange     4    1   20  2                       0  r[20..21]=ephemeral(buffer_table_window_1).sale_date..sale_id
  58            Column          4    0   22                          0  r[22]=ephemeral(buffer_table_window_1).emp_id
  59            Column          4    3   23                          0  r[23]=ephemeral(buffer_table_window_1).amount
  60            Gosub          30   95    0                          0
  61            Delete          4    0    0  buffer_table_window_1   0
  62            Next            4   64    0                          0
  63            Goto            0   68    0                          0
  64            Column          4    1   35                          0  r[35]=ephemeral(buffer_table_window_1).sale_date
  65            Compare        28   35    1  k(1, Binary)            0  r[28..28]==r[35..35]
  66            Jump           67   57   67                          0
  67            Copy           35   28    0                          0  r[28]=r[35]
  68          Goto              0   26    0                          0
  69          Null              0   26    0                          0  r[26]=NULL; return remaining buffered rows
  70          Rewind            5   92    0                          0  Rewind  ephemeral(buffer_table_window_1)
  71          Column            6    3   36                          0  r[36]=ephemeral(buffer_table_window_1).amount
  72          AggStep           0   36   18  sum                     0  accum=r[18] step(r[36])
  73          Next              6   75    0                          0
  74          Goto              0   79    0                          0
  75          Column            6    1   37                          0  r[37]=ephemeral(buffer_table_window_1).sale_date
  76          Compare          29   37    1  k(1, Binary)            0  r[29..29]==r[37..37]
  77          Jump             78   71   78                          0
  78          Copy             37   29    0                          0  r[29]=r[37]
  79          AggValue          0   18   19  sum                     0  accum=r[18] dest=r[19]
  80          ColumnRange       4    1   20  2                       0  r[20..21]=ephemeral(buffer_table_window_1).sale_date..sale_id
  81          Column            4    0   22                          0  r[22]=ephemeral(buffer_table_window_1).emp_id
  82          Column            4    3   23                          0  r[23]=ephemeral(buffer_table_window_1).amount
  83          Gosub            30   95    0                          0
  84          Delete            4    0    0  buffer_table_window_1   0
  85          Next              4   87    0                          0
  86          Goto              0   92    0                          0
  87          Column            4    1   38                          0  r[38]=ephemeral(buffer_table_window_1).sale_date
  88          Compare          28   38    1  k(1, Binary)            0  r[28..28]==r[38..38]
  89          Jump             90   80   90                          0
  90          Copy             38   28    0                          0  r[28]=r[38]
  91          Goto              0   79    0                          0
  92          ResetSorter       4    0    0                          0  cursor=4
  93        Return             26    0    1                          0
  94        Goto                0  103    0                          0
  95        Copy               20   39    0                          0  r[39]=r[20]
  96        Copy               21   40    0                          0  r[40]=r[21]
  97        Copy               22   41    0                          0  r[41]=r[22]
  98        Copy               23   42    0                          0  r[42]=r[23]
  99        Copy               19   43    0                          0  r[43]=r[19]
 100        MakeRecord         39    5   17                          0  r[17]=mkrec(r[39..43])
 101        SorterInsert        3   17    0  0                       0  key=r[17]
 102      Return               30    0    0                          0
 103      OpenPseudo            7   17    5                          0  5 columns in r[17]
 104      SorterSort            3  109    0                          0
 105        SorterData          3   17    7                          0  r[17]=data
 106        ColumnRange         7    0   12  5                       0  r[12..16]=pseudo.column 0..column 4
 107        Yield               1    0    0                          0
 108      SorterNext            3  105    0                          0
 109      EndCoroutine          1    0    0                          0
 110      OpenEphemeral         8    1    0                          0  cursor=8 is_table=true
 111      OpenDup               9    8    0                          0  new_cursor=9, original_cursor=8
 112      OpenDup              10    8    0                          0  new_cursor=10, original_cursor=8
 113      Null                  0   57    0                          0  r[57]=NULL
 114      InitCoroutine         1    0    2                          0
 115        Yield               1  153    0                          0
 116        Copy               12   59    0                          0  r[59]=r[12]
 117        NotNull            57  127    0                          0  r[57]!=NULL -> goto 127
 118        Copy               59   60    0                          0  r[60]=r[59]; initialize per-cursor peer-reference registers for new partition
 119        Copy               59   61    0                          0  r[61]=r[59]
 120        Null                0   50   50                          0  r[50..50]=NULL; reset accumulator registers
 121        MakeRecord         12    5   63                          0  r[63]=mkrec(r[12..16])
 122        NewRowid            9   57    0                          0  r[57]=rowid
 123        Insert              9   63   57  buffer_table_window_0   2  intkey=r[57] data=r[63]
 124        Rewind              8  126    0                          0  Rewind  ephemeral(buffer_table_window_0)
 125        Rewind             10  126    0                          0  Rewind  ephemeral(buffer_table_window_0)
 126        Goto                0  152    0                          0
 127        MakeRecord         12    5   64                          0  r[64]=mkrec(r[12..16])
 128        NewRowid            9   57    0                          0  r[57]=rowid
 129        Insert              9   64   57  buffer_table_window_0   2  intkey=r[57] data=r[64]
 130        Compare            59   61    1  k(1, Binary)            0  r[59..59]==r[61..61]; compare ORDER BY columns to detect peer
 131        Jump              132  152  132                          0
 132        Column             10    3   65                          0  r[65]=ephemeral(buffer_table_window_0).amount
 133        AggStep             0   65   50  sum                     0  accum=r[50] step(r[65])
 134        Next               10  136    0                          0
 135        Goto                0  140    0                          0
 136        Column             10    0   66                          0  r[66]=ephemeral(buffer_table_window_0).sale_date
 137        Compare            61   66    1  k(1, Binary)            0  r[61..61]==r[66..66]
 138        Jump              139  132  139                          0
 139        Copy               66   61    0                          0  r[61]=r[66]
 140        AggValue            0   50   51  sum                     0  accum=r[50] dest=r[51]
 141        ColumnRange         8    1   52  2                       0  r[52..53]=ephemeral(buffer_table_window_0).sale_id..emp_id
 142        Column              8    0   54                          0  r[54]=ephemeral(buffer_table_window_0).sale_date
 143        ColumnRange         8    3   55  2                       0  r[55..56]=ephemeral(buffer_table_window_0).amount..column 4
 144        Gosub              62  179    0                          0
 145        Delete              8    0    0  buffer_table_window_0   0
 146        Next                8  148    0                          0
 147        Goto                0  152    0                          0
 148        Column              8    0   67                          0  r[67]=ephemeral(buffer_table_window_0).sale_date
 149        Compare            60   67    1  k(1, Binary)            0  r[60..60]==r[67..67]
 150        Jump              151  141  151                          0
 151        Copy               67   60    0                          0  r[60]=r[67]
 152      Goto                  0  115    0                          0
 153      Null                  0   58    0                          0  r[58]=NULL; return remaining buffered rows
 154      Rewind                9  176    0                          0  Rewind  ephemeral(buffer_table_window_0)
 155      Column               10    3   68                          0  r[68]=ephemeral(buffer_table_window_0).amount
 156      AggStep               0   68   50  sum                     0  accum=r[50] step(r[68])
 157      Next                 10  159    0                          0
 158      Goto                  0  163    0                          0
 159      Column               10    0   69                          0  r[69]=ephemeral(buffer_table_window_0).sale_date
 160      Compare              61   69    1  k(1, Binary)            0  r[61..61]==r[69..69]
 161      Jump                162  155  162                          0
 162      Copy                 69   61    0                          0  r[61]=r[69]
 163      AggValue              0   50   51  sum                     0  accum=r[50] dest=r[51]
 164      ColumnRange           8    1   52  2                       0  r[52..53]=ephemeral(buffer_table_window_0).sale_id..emp_id
 165      Column                8    0   54                          0  r[54]=ephemeral(buffer_table_window_0).sale_date
 166      ColumnRange           8    3   55  2                       0  r[55..56]=ephemeral(buffer_table_window_0).amount..column 4
 167      Gosub                62  179    0                          0
 168      Delete                8    0    0  buffer_table_window_0   0
 169      Next                  8  171    0                          0
 170      Goto                  0  176    0                          0
 171      Column                8    0   70                          0  r[70]=ephemeral(buffer_table_window_0).sale_date
 172      Compare              60   70    1  k(1, Binary)            0  r[60..60]==r[70..70]
 173      Jump                174  164  174                          0
 174      Copy                 70   60    0                          0  r[60]=r[70]
 175      Goto                  0  163    0                          0
 176      ResetSorter           8    0    0                          0  cursor=8
 177    Return                 58    0    1                          0
 178    Goto                    0  187    0                          0
 179    Copy                   52   44    0                          0  r[44]=r[52]
 180    Copy                   53   45    0                          0  r[45]=r[53]
 181    Copy                   54   46    0                          0  r[46]=r[54]
 182    Copy                   55   47    0                          0  r[47]=r[55]
 183    Copy                   51   48    0                          0  r[48]=r[51]
 184    Copy                   56   49    0                          0  r[49]=r[56]
 185    ResultRow              44    6    0                          0  output=r[44..49]
 186  Return                   62    0    0                          0
 187  Halt                      0    0    0                          0
 188  Transaction               0    1    7                          0  iDb=0 tx_mode=Read
 189  Goto                      0    1    0                          0
