---
source: subqueries.sqltest
expression: |-
  SELECT top_customers.name, top_customers.total_spent
      FROM (
          SELECT c.name, stats.total_spent
          FROM customers c
          JOIN (
              SELECT customer_id, sum(total_amount) AS total_spent
              FROM orders
              GROUP BY customer_id
          ) AS stats ON stats.customer_id = c.id
      ) AS top_customers
      WHERE top_customers.total_spent > 1000
      ORDER BY top_customers.total_spent DESC;
info:
  statement_type: SELECT
  tables:
  - customers
  - orders
  - stats.customer_id
  setup_blocks:
  - schema
  database: ':memory:'
---
QUERY PLAN
|--SEARCH top_customers USING INDEX ephemeral_subquery_t4 (total_spent>?)
|  |--SCAN customers AS c
|  `--SEARCH stats USING INDEX ephemeral_subquery_t3 (customer_id=?)
|     `--SCAN orders USING INDEX idx_orders_customer
`--USE SORTER FOR ORDER BY

BYTECODE
addr  opcode                    p1  p2  p3  p4            p5  comment
   0          Init               0  76   0                 0  Start at 76
   1          OpenEphemeral      0   0   0                 0  cursor=0 is_table=false
   2          OpenEphemeral      1   0   0                 0  cursor=1 is_table=false
   3          Null               0  12   0                 0  r[12]=NULL
   4          Integer            0   9   0                 0  r[9]=0; clear group by abort flag
   5          Null               0  10   0                 0  r[10]=NULL; initialize group by comparison registers to NULL
   6          Gosub             16  39   0                 0  ; go to clear accumulator subroutine
   7          OpenRead           2   4   0  k(4,B,B,B,B)   0  table=orders, root=4, iDb=0
   8          OpenRead           3   9   0  k(2,B)         0  index=idx_orders_customer, root=9, iDb=0
   9          Rewind             3  25   0                 0  Rewind index idx_orders_customer
  10            DeferredSeek     3   2   0                 0
  11            Column           2   1  14                 0  r[14]=orders.customer_id
  12            Column           2   3  15                 0  r[15]=orders.total_amount
  13            RealAffinity    15   0   0                 0
  14            Compare         10  14   1  k(1, Binary)   0  r[10..10]==r[14..14]
  15            Jump            16  20  16                 0  ; start new group if comparison is not equal
  16            Gosub            7  29   0                 0  ; check if ended group had data, and output if so
  17            Move            14  10   1                 0  r[10..10]=r[14..14]
  18            IfPos            9  42   0                 0  r[9]>0 -> r[9]-=0, goto 42; check abort flag
  19            Gosub           16  39   0                 0  ; goto clear accumulator subroutine
  20            AggStep          0  15  12  sum            0  accum=r[12] step(r[15])
  21            If               8  23   0                 0  if r[8] goto 23; don't emit group columns if continuing existing group
  22            Column           2   1  11                 0  r[11]=orders.customer_id
  23            Integer          1   8   0                 0  r[8]=1; indicate data in accumulator
  24          Next               3  10   0                 0
  25          Gosub              7  29   0                 0  ; emit row for final group
  26          Goto               0  42   0                 0  ; group by finished
  27          Integer            1   9   0                 0  r[9]=1
  28        Return               7   0   0                 0
  29        IfPos                8  31   0                 0  r[8]>0 -> r[8]-=0, goto 31; output group by row subroutine start
  30      Return                 7   0   0                 0
  31      AggFinal               0  12   0  sum            0  accum=r[12]
  32      Copy                  11   5   0                 0  r[5]=r[11]
  33      Copy                  12   6   0                 0  r[6]=r[12]
  34      Copy                   5  18   1                 0  r[18]=r[5]
  35      Sequence               1  20   0                 0
  36      MakeRecord            18   3  17                 0  r[17]=mkrec(r[18..20]); for ephemeral_subquery_t3
  37      IdxInsert              1  17   0                 8  key=r[17]
  38    Return                   7   0   0                 0
  39    Null                     0  11  12                 0  r[11..12]=NULL; clear accumulator subroutine start
  40    Integer                  0   8   0                 0  r[8]=0
  41  Return                    16   0   0                 0
  42  OpenRead                   4   6   0  k(4,B,B,B,B)   0  table=customers, root=6, iDb=0
  43  Rewind                     4  58   0                 0  Rewind table customers
  44    RowId                    4  23   0                 0  r[23]=customers.rowid
  45    SeekGE                   1  57  23                 0  key=[23..23]
  46      IdxGT                  1  57  23                 0  key=[23..23]
  47      Column                 1   0   3                 0  r[3]=ephemeral(ephemeral_subquery_t3).customer_id
  48      Column                 1   1   4                 0  r[4]=ephemeral(ephemeral_subquery_t3).total_spent
  49      Column                 4   1  21                 0  r[21]=customers.name
  50      Column                 1   1  22                 0  r[22]=ephemeral(ephemeral_subquery_t3).total_spent
  51      Copy                  22  25   0                 0  r[25]=r[22]
  52      Copy                  21  26   0                 0  r[26]=r[21]
  53      Sequence               0  27   0                 0
  54      MakeRecord            25   3  24                 0  r[24]=mkrec(r[25..27]); for ephemeral_subquery_t4
  55      IdxInsert              0  24   0                 8  key=r[24]
  56    Next                     1  46   0                 0
  57  Next                       4  44   0                 0
  58  SorterOpen                 5   1   0  k(1,-B)        0  cursor=5
  59  Integer                 1000  31   0                 0  r[31]=1000
  60  SeekGT                     0  68  31                 0  key=[31..31]
  61    Column                   0   1   1                 0  r[1]=ephemeral(ephemeral_subquery_t4).name
  62    Column                   0   0   2                 0  r[2]=ephemeral(ephemeral_subquery_t4).total_spent
  63    Column                   0   0  32                 0  r[32]=ephemeral(ephemeral_subquery_t4).total_spent
  64    Column                   0   1  33                 0  r[33]=ephemeral(ephemeral_subquery_t4).name
  65    MakeRecord              32   2  30                 0  r[30]=mkrec(r[32..33])
  66    SorterInsert             5  30   0  0              0  key=r[30]
  67  Next                       0  61   0                 0
  68  OpenPseudo                 6  30   2                 0  2 columns in r[30]
  69  SorterSort                 5  75   0                 0
  70    SorterData               5  30   6                 0  r[30]=data
  71    Column                   6   1  28                 0  r[28]=pseudo.column 1
  72    Column                   6   0  29                 0  r[29]=pseudo.column 0
  73    ResultRow               28   2   0                 0  output=r[28..29]
  74  SorterNext                 5  70   0                 0
  75  Halt                       0   0   0                 0
  76  Transaction                0   1  11                 0  iDb=0 tx_mode=Read
  77  Goto                       0   1   0                 0
