---
source: subqueries.sqltest
expression: |-
  SELECT id, name, price
      FROM products
      WHERE category_id IN (
          SELECT id
          FROM categories
          WHERE name LIKE '%Electronics%'
      );
info:
  statement_type: SELECT
  tables:
  - categories
  - products
  setup_blocks:
  - schema
  database: ':memory:'
---
QUERY PLAN
|--LIST SUBQUERY 1
|  `--SCAN categories
`--SCAN products
