---
source: subqueries.sqltest
expression: |-
  WITH
      product_sales AS (
          SELECT
              oi.product_id,
              sum(oi.quantity) AS total_quantity,
              sum(oi.quantity * oi.unit_price) AS total_revenue
          FROM order_items oi
          GROUP BY oi.product_id
      ),
      top_products AS (
          SELECT product_id, total_quantity, total_revenue
          FROM product_sales
          WHERE total_revenue > 1000
      ),
      top_product_details AS (
          SELECT p.name, p.category_id, tp.total_quantity, tp.total_revenue
          FROM top_products tp
          JOIN products p ON p.id = tp.product_id
      )
      SELECT tpd.name, c.name AS category_name, tpd.total_revenue
      FROM top_product_details tpd
      JOIN categories c ON c.id = tpd.category_id
      ORDER BY tpd.total_revenue DESC;
info:
  statement_type: WITH (CTE)
  tables:
  - c.id
  - categories
  - order_items
  - p.id
  - product_sales
  - products
  - top_product_details
  - top_products
  setup_blocks:
  - schema
  database: ':memory:'
---
QUERY PLAN
|--SCAN categories AS c
|--SEARCH tpd USING INDEX ephemeral_subquery_t7 (category_id=?)
|  |--SCAN products AS p
|  `--SEARCH tp USING INDEX ephemeral_subquery_t5 (product_id=?)
|     `--SEARCH product_sales USING INDEX ephemeral_subquery_t3 (total_revenue>?)
|        `--SCAN order_items AS oi USING INDEX idx_order_items_product
`--USE SORTER FOR ORDER BY

BYTECODE
addr  opcode                    p1   p2  p3  p4              p5  comment
   0          Init               0  141   0                   0  Start at 141
   1          OpenEphemeral      0    1   0                   0  cursor=0 is_table=true
   2          OpenEphemeral      1    1   0                   0  cursor=1 is_table=true
   3          OpenEphemeral      2    1   0                   0  cursor=2 is_table=true
   4          Null               0   19  20                   0  r[19..20]=NULL
   5          Integer            0   16   0                   0  r[16]=0; clear group by abort flag
   6          Null               0   17   0                   0  r[17]=NULL; initialize group by comparison registers to NULL
   7          Gosub             25   45   0                   0  ; go to clear accumulator subroutine
   8          OpenRead           3    5   0  k(5,B,B,B,B,B)   0  table=order_items, root=5, iDb=0
   9          OpenRead           4   11   0  k(2,B)           0  index=idx_order_items_product, root=11, iDb=0
  10          Rewind             4   30   0                   0  Rewind index idx_order_items_product
  11            DeferredSeek     4    3   0                   0
  12            Column           3    2  22                   0  r[22]=order_items.product_id
  13            Column           3    3  23                   0  r[23]=order_items.quantity
  14            Column           3    3  26                   0  r[26]=order_items.quantity
  15            Column           3    4  27                   0  r[27]=order_items.unit_price
  16            RealAffinity    27    0   0                   0
  17            Multiply        26   27  24                   0  r[24]=r[26]*r[27]
  18            Compare         17   22   1  k(1, Binary)     0  r[17..17]==r[22..22]
  19            Jump            20   24  20                   0  ; start new group if comparison is not equal
  20            Gosub           14   34   0                   0  ; check if ended group had data, and output if so
  21            Move            22   17   1                   0  r[17..17]=r[22..22]
  22            IfPos           16   48   0                   0  r[16]>0 -> r[16]-=0, goto 48; check abort flag
  23            Gosub           25   45   0                   0  ; goto clear accumulator subroutine
  24            AggStep          0   23  19  sum              0  accum=r[19] step(r[23])
  25            AggStep          0   24  20  sum              0  accum=r[20] step(r[24])
  26            If              15   28   0                   0  if r[15] goto 28; don't emit group columns if continuing existing group
  27            Column           3    2  18                   0  r[18]=order_items.product_id
  28            Integer          1   15   0                   0  r[15]=1; indicate data in accumulator
  29          Next               4   11   0                   0
  30          Gosub             14   34   0                   0  ; emit row for final group
  31          Goto               0   48   0                   0  ; group by finished
  32          Integer            1   16   0                   0  r[16]=1
  33        Return              14    0   0                   0
  34        IfPos               15   36   0                   0  r[15]>0 -> r[15]-=0, goto 36; output group by row subroutine start
  35      Return                14    0   0                   0
  36      AggFinal               0   19   0  sum              0  accum=r[19]
  37      AggFinal               0   20   0  sum              0  accum=r[20]
  38      Copy                  18   11   0                   0  r[11]=r[18]
  39      Copy                  19   12   0                   0  r[12]=r[19]
  40      Copy                  20   13   0                   0  r[13]=r[20]
  41      MakeRecord            11    3  28                   0  r[28]=mkrec(r[11..13]); for
  42      NewRowid               2   29   0                   0  r[29]=rowid
  43      Insert                 2   28  29                   4  intkey=r[29] data=r[28]
  44    Return                  14    0   0                   0
  45    Null                     0   18  20                   0  r[18..20]=NULL; clear accumulator subroutine start
  46    Integer                  0   15   0                   0  r[15]=0
  47  Return                    25    0   0                   0
  48  Once                      58    0   0                   0  goto 58
  49  OpenAutoindex              5    0   0                   0  cursor=5
  50  Rewind                     2   51   0                   0  Rewind  ephemeral()
  51    Column                   2    2  33                   0  r[33]=ephemeral().total_revenue
  52    Column                   2    0  34                   0  r[34]=ephemeral().product_id
  53    Column                   2    1  35                   0  r[35]=ephemeral().total_quantity
  54    RowId                    2   36   0                   0  r[36]=ephemeral().rowid
  55    MakeRecord              33    4  37                   0  r[37]=mkrec(r[33..36]); for ephemeral_subquery_t3
  56    IdxInsert                5   37  33                   0  key=r[37]
  57  Next                       2   51   0                   0
  58  Integer                 1000   38   0                   0  r[38]=1000
  59  SeekGT                     5   71  38                   0  key=[38..38]
  60    DeferredSeek             5    2   0                   0
  61    Column                   2    0   8                   0  r[8]=ephemeral().product_id
  62    Column                   2    1   9                   0  r[9]=ephemeral().total_quantity
  63    Column                   2    2  10                   0  r[10]=ephemeral().total_revenue
  64    Column                   5    1  30                   0  r[30]=ephemeral(ephemeral_subquery_t3).product_id
  65    Column                   5    2  31                   0  r[31]=ephemeral(ephemeral_subquery_t3).total_quantity
  66    Column                   5    0  32                   0  r[32]=ephemeral(ephemeral_subquery_t3).total_revenue
  67    MakeRecord              30    3  39                   0  r[39]=mkrec(r[30..32]); for
  68    NewRowid                 1   40   0                   0  r[40]=rowid
  69    Insert                   1   39  40                   4  intkey=r[40] data=r[39]
  70  Next                       5   60   0                   0
  71  OpenRead                   7    2   0  k(5,B,B,B,B,B)   0  table=products, root=2, iDb=0
  72  Rewind                     7  101   0                   0  Rewind table products
  73    Once                    84    0   0                   0  goto 84
  74    OpenAutoindex            6    0   0                   0  cursor=6
  75    Rewind                   1   76   0                   0  Rewind  ephemeral()
  76      Column                 1    0  45                   0  r[45]=ephemeral().product_id
  77      Column                 1    1  46                   0  r[46]=ephemeral().total_quantity
  78      Column                 1    2  47                   0  r[47]=ephemeral().total_revenue
  79      RowId                  1   48   0                   0  r[48]=ephemeral().rowid
  80      MakeRecord            45    4  49                   0  r[49]=mkrec(r[45..48]); for ephemeral_subquery_t5
  81      FilterAdd              6   45   1                   0  bloom_filter_add(r[45..46])
  82      IdxInsert              6   49  45                   0  key=r[49]
  83    Next                     1   76   0                   0
  84    RowId                    7   50   0                   0  r[50]=products.rowid
  85    Filter                   6  100  50                   1  if !bloom_filter(r[50..51]) goto 100
  86    SeekGE                   6  100  50                   0  key=[50..50]
  87      IdxGT                  6  100  50                   0  key=[50..50]
  88      DeferredSeek           6    1   0                   0
  89      Column                 1    0   5                   0  r[5]=ephemeral().product_id
  90      Column                 1    1   6                   0  r[6]=ephemeral().total_quantity
  91      Column                 1    2   7                   0  r[7]=ephemeral().total_revenue
  92      Column                 7    1  41                   0  r[41]=products.name
  93      Column                 7    2  42                   0  r[42]=products.category_id
  94      Column                 6    1  43                   0  r[43]=ephemeral(ephemeral_subquery_t5).total_quantity
  95      Column                 6    2  44                   0  r[44]=ephemeral(ephemeral_subquery_t5).total_revenue
  96      MakeRecord            41    4  51                   0  r[51]=mkrec(r[41..44]); for
  97      NewRowid               0   52   0                   0  r[52]=rowid
  98      Insert                 0   51  52                   4  intkey=r[52] data=r[51]
  99    Next                     6   87   0                   0
 100  Next                       7   73   0                   0
 101  SorterOpen                 8    1   0  k(1,-B)          0  cursor=8
 102  OpenRead                  10    3   0  k(3,B,B,B)       0  table=categories, root=3, iDb=0
 103  Rewind                    10  132   0                   0  Rewind table categories
 104    Once                   116    0   0                   0  goto 116
 105    OpenAutoindex            9    0   0                   0  cursor=9
 106    Rewind                   0  107   0                   0  Rewind  ephemeral()
 107      Column                 0    1  57                   0  r[57]=ephemeral().category_id
 108      Column                 0    0  58                   0  r[58]=ephemeral().name
 109      Column                 0    2  59                   0  r[59]=ephemeral().total_quantity
 110      Column                 0    3  60                   0  r[60]=ephemeral().total_revenue
 111      RowId                  0   61   0                   0  r[61]=ephemeral().rowid
 112      MakeRecord            57    5  62                   0  r[62]=mkrec(r[57..61]); for ephemeral_subquery_t7
 113      FilterAdd              9   57   1                   0  bloom_filter_add(r[57..58])
 114      IdxInsert              9   62  57                   0  key=r[62]
 115    Next                     0  107   0                   0
 116    RowId                   10   63   0                   0  r[63]=categories.rowid
 117    Filter                   9  131  63                   1  if !bloom_filter(r[63..64]) goto 131
 118    SeekGE                   9  131  63                   0  key=[63..63]
 119      IdxGT                  9  131  63                   0  key=[63..63]
 120      DeferredSeek           9    0   0                   0
 121      Column                 0    0   1                   0  r[1]=ephemeral().name
 122      Column                 0    1   2                   0  r[2]=ephemeral().category_id
 123      Column                 0    2   3                   0  r[3]=ephemeral().total_quantity
 124      Column                 0    3   4                   0  r[4]=ephemeral().total_revenue
 125      Column                 9    3  64                   0  r[64]=ephemeral(ephemeral_subquery_t7).total_revenue
 126      Column                 9    1  65                   0  r[65]=ephemeral(ephemeral_subquery_t7).name
 127      Column                10    1  66                   0  r[66]=categories.name
 128      MakeRecord            64    3  56                   0  r[56]=mkrec(r[64..66])
 129      SorterInsert           8   56   0  0                0  key=r[56]
 130    Next                     9  119   0                   0
 131  Next                      10  104   0                   0
 132  OpenPseudo                11   56   3                   0  3 columns in r[56]
 133  SorterSort                 8  140   0                   0
 134    SorterData               8   56  11                   0  r[56]=data
 135    Column                  11    1  53                   0  r[53]=pseudo.column 1
 136    Column                  11    2  54                   0  r[54]=pseudo.column 2
 137    Column                  11    0  55                   0  r[55]=pseudo.column 0
 138    ResultRow               53    3   0                   0  output=r[53..55]
 139  SorterNext                 8  134   0                   0
 140  Halt                       0    0   0                   0
 141  Transaction                0    1  11                   0  iDb=0 tx_mode=Read
 142  Goto                       0    1   0                   0
