2026-09-13T17:24:15.633145Z  INFO differential_fuzzer: Starting differential_fuzzer with config: SimConfig { seed: 57291013, num_tables: 2, columns_per_table: 5, num_statements: 1500, verbose: false, keep_files: true, generator: SqlGen, coverage: true, tree_mode: Simplified, mvcc: false, window_function_probability: 0.0, recursive_cte_focus: false, weight_profile: CorrelatedSubqueries, max_subquery_depth: Some(5) }
2026-09-13T17:24:15.706091Z  INFO differential_fuzzer::runner: Attached ':memory:' AS aux on both connections
2026-09-13T17:24:15.706141Z  INFO differential_fuzzer::runner: Starting simulation with seed=57291013, tables=2, statements=1500, generator=SqlGen
2026-09-13T17:24:15.706579Z  INFO differential_fuzzer::generate: Statement weight profile CorrelatedSubqueries: StmtWeights { select: 80, insert: 8, update: 8, delete: 4, create_table: 2, drop_table: 1, alter_table: 1, create_index: 1, drop_index: 1, pragma_foreign_key_list: 1, create_trigger: 1, drop_trigger: 1, begin: 0, commit: 0, rollback: 0, create_view: 0, drop_view: 0, vacuum: 0, reindex: 0, analyze: 0, savepoint: 0, release: 0 }
2026-09-13T17:24:20.923676Z  INFO differential_fuzzer::runner: Running integrity check on both databases...
2026-09-13T17:24:20.924316Z  INFO differential_fuzzer::runner: Integrity check passed on both databases
2026-09-13T17:24:20.927107Z  INFO differential_fuzzer::runner: Wrote 1706 statements to simulator-output/test.sql
2026-09-13T17:24:20.947157Z  INFO differential_fuzzer::runner: Wrote coverage report to simulator-output/coverage.txt

+---------------------------------+----------+
| Simulation Results              | PASSED   |
+============================================+
| Seed                            | 57291013 |
|---------------------------------+----------|
| Target Statements               | 1500     |
|---------------------------------+----------|
| Statements Executed             | 1480     |
|---------------------------------+----------|
| Statements Skipped              | 20       |
|---------------------------------+----------|
| Warnings                        | 0        |
|---------------------------------+----------|
| Oracle Failures                 | 0        |
|---------------------------------+----------|
| Errors                          | 0        |
|---------------------------------+----------|
| Unnesting invariants            | 323      |
|---------------------------------+----------|
| Unnesting checks with same plan | 160      |
|---------------------------------+----------|
| Independent joined equivalents  | 165      |
+---------------------------------+----------+
2026-09-13T17:24:20.948121Z  INFO differential_fuzzer: Persisting database files to disk...
2026-09-13T17:24:20.948145Z  INFO differential_fuzzer::memory::io: Persisting simulator-output/test.db (4096 bytes)
2026-09-13T17:24:20.948215Z  INFO differential_fuzzer::memory::io: Persisting simulator-output/test.db-wal (494432 bytes)
2026-09-13T17:24:20.951750Z  INFO differential_fuzzer: Wrote schema to simulator-output/schema.json
