Generating default databases...
[1msqlite-sqltests/cte.sqltest[0m
  [[32mPASS[0m] cte-as-not-materialized                  [2m(8.47ms)[0m
  [[32mPASS[0m] cte-basic                                [2m(8.16ms)[0m
  [[32mPASS[0m] cte-union-all                            [2m(8.35ms)[0m
  [[32mPASS[0m] cte-multiple                             [2m(10.18ms)[0m
  [[32mPASS[0m] cte-chain-long                           [2m(10.88ms)[0m
  [[32mPASS[0m] cte-except-limit                         [2m(10.79ms)[0m
  [[32mPASS[0m] cte-multiple-unions                      [2m(11.07ms)[0m
  [[32mPASS[0m] cte-union-limit                          [2m(11.20ms)[0m
  [[32mPASS[0m] cte-materialized-random-same-value       [2m(11.50ms)[0m
  [[32mPASS[0m] cte-update-keyed-no-match                [2m(11.47ms)[0m
  [[32mPASS[0m] cte-update-keyed-set-and-where-subquery  [2m(11.96ms)[0m
  [[32mPASS[0m] cte-delete-multiple-ctes                 [2m(13.52ms)[0m
  [[32mPASS[0m] cte-delete-basic                         [2m(13.59ms)[0m
  [[32mPASS[0m] cte-chain                                [2m(2.60ms)[0m
  [[32mPASS[0m] cte-as-materialized                      [2m(4.74ms)[0m
  [[32mPASS[0m] cte-intersect                            [2m(7.00ms)[0m
  [[32mPASS[0m] cte-union                                [2m(4.53ms)[0m
  [[32mPASS[0m] cte-compound-from-intersect              [2m(6.56ms)[0m
  [[32mPASS[0m] cte-union-limit-one                      [2m(5.07ms)[0m
  [[32mPASS[0m] cte-union-ref                            [2m(5.30ms)[0m
  [[32mPASS[0m] cte-mixed-materialization                [2m(8.32ms)[0m
  [[32mPASS[0m] cte-insert-basic                         [2m(6.18ms)[0m
  [[32mPASS[0m] cte-update-keyed-empty-cte               [2m(4.97ms)[0m
  [[32mPASS[0m] cte-shadow-outer-still-accessible        [2m(4.48ms)[0m
  [[32mPASS[0m] cte-update-keyed-multiple-ctes-set-where [2m(6.29ms)[0m

[1msqlite-sqltests/views.sqltest[0m
  [[32mPASS[0m] view-star-natural-join-with-derived-table [2m(3.27ms)[0m

[1msqlite-sqltests/cte_expressions.sqltest[0m
  [[32mPASS[0m] cte-null-is-null                         [2m(7.05ms)[0m

[1msqlite-sqltests/cte.sqltest[0m
  [[32mPASS[0m] cte-union-limit-offset                   [2m(7.22ms)[0m
  [[32mPASS[0m] cte-compound-from-except                 [2m(8.01ms)[0m
  [[32mPASS[0m] cte-shadow-three-levels                  [2m(5.52ms)[0m
  [[32mPASS[0m] cte-except                               [2m(9.38ms)[0m

[1msqlite-sqltests/views.sqltest[0m
  [[32mPASS[0m] view-star-using-with-cte                 [2m(5.11ms)[0m

[1msqlite-sqltests/cte.sqltest[0m
  [[32mPASS[0m] cte-insert-union                         [2m(8.08ms)[0m
  [[32mPASS[0m] cte-update-keyed-returning               [2m(6.61ms)[0m
  [[32mPASS[0m] cte-union-multi-ref                      [2m(9.22ms)[0m
  [[32mPASS[0m] cte-delete-union                         [2m(12.73ms)[0m
  [[32mPASS[0m] cte-update-keyed-multi-col-set           [2m(9.18ms)[0m
  [[32mPASS[0m] cte-multi-ref-where                      [2m(13.58ms)[0m

[1msqlite-sqltests/cte_expressions.sqltest[0m
  [[32mPASS[0m] cte-join-values-duplicate-keys           [2m(12.94ms)[0m

[1msqlite-sqltests/cte.sqltest[0m
  [[32mPASS[0m] cte-update-direct-ref-nonkeyed           [2m(28.05ms)[0m

[1msqlite-sqltests/cte_expressions.sqltest[0m
  [[32mPASS[0m] cte-null-is-not-null                     [2m(6.71ms)[0m

[1msqlite-sqltests/cte.sqltest[0m
  [[32mPASS[0m] cte-shadow-different-columns             [2m(4.82ms)[0m
  [[32mPASS[0m] cte-compound-from-alias                  [2m(5.68ms)[0m
  [[32mPASS[0m] cte-union-aggregate                      [2m(5.16ms)[0m
  [[32mPASS[0m] cte-delete-keyed-where                   [2m(4.62ms)[0m
  [[32mPASS[0m] cte-insert-chain                         [2m(6.21ms)[0m
  [[32mPASS[0m] cte-update-keyed-pk-returning            [2m(6.05ms)[0m
  [[32mPASS[0m] cte-delete-chain                         [2m(5.39ms)[0m

[1msqlite-sqltests/cte_expressions.sqltest[0m
  [[32mPASS[0m] cte-null-in-aggregate                    [2m(3.36ms)[0m

[1msqlite-sqltests/cte.sqltest[0m
  [[32mPASS[0m] cte-compound-from-aggregate              [2m(2.90ms)[0m
  [[32mPASS[0m] cte-insert-returning                     [2m(5.16ms)[0m
  [[32mPASS[0m] cte-update-keyed-where                   [2m(4.65ms)[0m
  [[32mPASS[0m] cte-intersect-limit                      [2m(9.72ms)[0m

[1msqlite-sqltests/cte_expressions.sqltest[0m
  [[32mPASS[0m] cte-case-when                            [2m(3.56ms)[0m

[1msqlite-sqltests/cte.sqltest[0m
  [[32mPASS[0m] cte-scalar-subquery-no-from              [2m(4.99ms)[0m
  [[32mPASS[0m] cte-delete-returning                     [2m(4.97ms)[0m

[1msqlite-sqltests/cte_expressions.sqltest[0m
  [[32mPASS[0m] cte-case-simple                          [2m(2.05ms)[0m

[1msqlite-sqltests/cte.sqltest[0m
  [[32mPASS[0m] cte-shadow-union-all                     [2m(8.72ms)[0m

[1msqlite-sqltests/subquery/cte_materialization_adversarial.sqltest[0m
  [[32mPASS[0m] range-scan-composite-eq-plus-range       [2m(13.78ms)[0m

[1msqlite-sqltests/cte.sqltest[0m
  [[32mPASS[0m] cte-update-where                         [2m(6.77ms)[0m

[1msqlite-sqltests/subquery/cte_materialization_adversarial.sqltest[0m
  [[32mPASS[0m] wtf-union-all-partition-aggregate        [2m(5.54ms)[0m

[1msqlite-sqltests/views.sqltest[0m
  [[32mPASS[0m] drop-view-finds-temp-view-with-unqualified-name [2m(13.91ms)[0m

[1msqlite-sqltests/subquery/cte_materialization_adversarial.sqltest[0m
  [[32mPASS[0m] min-max-min-on-desc-cte                  [2m(7.89ms)[0m
  [[32mPASS[0m] cte-exists-subquery                      [2m(8.51ms)[0m

[1msqlite-sqltests/cte.sqltest[0m
  [[32mPASS[0m] cte-update-keyed-with-index              [2m(9.30ms)[0m
  [[32mPASS[0m] cte-update-keyed-chained-where           [2m(8.25ms)[0m
  [[32mPASS[0m] cte-update-unique-where                  [2m(10.00ms)[0m

[1msqlite-sqltests/cte_expressions.sqltest[0m
  [[32mPASS[0m] cte-join-values-duplicate-keys-with-data [2m(13.18ms)[0m

[1msqlite-sqltests/views.sqltest[0m
  [[32mPASS[0m] view-star-does-not-inherit-source-primary-key [2m(3.41ms)[0m

[1msqlite-sqltests/subquery/cte_materialization_adversarial.sqltest[0m
  [[32mPASS[0m] min-max-group-by-both                    [2m(3.58ms)[0m

[1msqlite-sqltests/cte_expressions.sqltest[0m
  [[32mPASS[0m] cte-case-with-null                       [2m(7.56ms)[0m

[1msqlite-sqltests/cte.sqltest[0m
  [[32mPASS[0m] cte-update-keyed-all-rows                [2m(4.88ms)[0m

[1msqlite-sqltests/subquery/cte_materialization_adversarial.sqltest[0m
  [[32mPASS[0m] wtf-case-in-order-by                     [2m(7.39ms)[0m
  [[32mPASS[0m] min-max-multiple-aggregates              [2m(3.58ms)[0m

[1msqlite-sqltests/cte.sqltest[0m
  [[32mPASS[0m] cte-update-chain                         [2m(8.54ms)[0m
  [[32mPASS[0m] cte-update-keyed-multirow-where          [2m(7.73ms)[0m

[1msqlite-sqltests/subquery/compound_select_in_where.sqltest[0m
  [[32mPASS[0m] in-union                                 [2m(6.66ms)[0m

[1msqlite-sqltests/subquery/cte_materialization_adversarial.sqltest[0m
  [[32mPASS[0m] min-max-limit-zero                       [2m(3.04ms)[0m
  [[32mPASS[0m] cte-cross-join-self                      [2m(10.31ms)[0m

[1msqlite-sqltests/cte.sqltest[0m
  [[32mPASS[0m] cte-scalar-subquery-aggregate            [2m(14.06ms)[0m

[1msqlite-sqltests/subquery/cte_materialization_adversarial.sqltest[0m
  [[32mPASS[0m] compound-cte-except                      [2m(3.59ms)[0m

[1msqlite-sqltests/cte.sqltest[0m
  [[32mPASS[0m] cte-shadow-in-from-subquery              [2m(17.32ms)[0m

[1msqlite-sqltests/cte_expressions.sqltest[0m
  [[32mPASS[0m] cte-arithmetic-expressions               [2m(10.14ms)[0m

[1msqlite-sqltests/cte.sqltest[0m
  [[32mPASS[0m] cte-scalar-subquery-with-from            [2m(5.33ms)[0m
  [[32mPASS[0m] cte-shadow-outer-unused                  [2m(1.84ms)[0m

[1msqlite-sqltests/subquery/cte_materialization_adversarial.sqltest[0m
  [[32mPASS[0m] range-scan-negative-numbers              [2m(18.41ms)[0m

[1msqlite-sqltests/cte_expressions.sqltest[0m
  [[32mPASS[0m] cte-string-functions                     [2m(1.75ms)[0m

[1msqlite-sqltests/cte.sqltest[0m
  [[32mPASS[0m] cte-delete-keyed-returning               [2m(11.18ms)[0m

[1msqlite-sqltests/subquery/cte_materialization_adversarial.sqltest[0m
  [[32mPASS[0m] wtf-triple-self-join-combos              [2m(11.44ms)[0m

[1msqlite-sqltests/cte.sqltest[0m
  [[32mPASS[0m] cte-update-keyed-text-returning          [2m(16.76ms)[0m
  [[32mPASS[0m] cte-update-returning                     [2m(20.86ms)[0m

[1msqlite-sqltests/cte_expressions.sqltest[0m
  [[32mPASS[0m] cte-cross-join-values-duplicate-keys     [2m(16.89ms)[0m

[1msqlite-sqltests/subquery/cte_materialization_adversarial.sqltest[0m
  [[32mPASS[0m] wtf-running-total-correlated-join        [2m(12.42ms)[0m

[1msqlite-sqltests/cte.sqltest[0m
  [[32mPASS[0m] cte-aggregate-empty-result-non-agg-columns [2m(2.93ms)[0m
  [[32mPASS[0m] cte-update-keyed-set-subquery            [2m(10.84ms)[0m

[1msqlite-sqltests/subquery/cte_materialization_adversarial.sqltest[0m
  [[32mPASS[0m] cte-order-by-join-preserves-order        [2m(10.98ms)[0m
  [[32mPASS[0m] compound-cte-intersect                   [2m(7.65ms)[0m

[1msqlite-sqltests/cte_expressions.sqltest[0m
  [[32mPASS[0m] cte-concat-expression                    [2m(5.49ms)[0m

[1msqlite-sqltests/cte.sqltest[0m
  [[32mPASS[0m] cte-compound-colname-union               [2m(5.28ms)[0m

[1msqlite-sqltests/subquery/compound_select_in_where.sqltest[0m
  [[32mPASS[0m] in-union-all                             [2m(13.67ms)[0m

[1msqlite-sqltests/subquery/cte_materialization_adversarial.sqltest[0m
  [[32mPASS[0m] range-scan-in-clause                     [2m(6.27ms)[0m

[1msqlite-sqltests/cte.sqltest[0m
  [[32mPASS[0m] subquery-aggregate-empty-result-non-agg-columns [2m(4.40ms)[0m
  [[32mPASS[0m] cte-update-keyed-set-pk-subquery         [2m(4.38ms)[0m

[1msqlite-sqltests/cte_expressions.sqltest[0m
  [[32mPASS[0m] cte-schema-qualified-table-reference     [2m(6.26ms)[0m

[1msqlite-sqltests/cte.sqltest[0m
  [[32mPASS[0m] cte-update-keyed-self-ref-where          [2m(7.52ms)[0m
  [[32mPASS[0m] cte-update-direct-ref-keyed              [2m(8.42ms)[0m

[1msqlite-sqltests/subquery/default.sqltest[0m
  [[32mPASS[0m] table-join-subquery-cte                  [2m(2.56ms)[0m

[1msqlite-sqltests/subquery/cte_materialization_adversarial.sqltest[0m
  [[32mPASS[0m] compound-not-exists-with-cte             [2m(6.68ms)[0m

[1msqlite-sqltests/cte_expressions.sqltest[0m
  [[32mPASS[0m] cte-abs-and-math                         [2m(5.03ms)[0m

[1msqlite-sqltests/cte.sqltest[0m
  [[32mPASS[0m] cte-alias-scalar-subquery-original-name  [2m(3.67ms)[0m
  [[32mPASS[0m] cte-scalar-subquery-multi-cte            [2m(11.77ms)[0m
  [[32mPASS[0m] cte-compound-colname-union-all           [2m(6.82ms)[0m

[1msqlite-sqltests/cte_expressions.sqltest[0m
  [[32mPASS[0m] cte-typeof-function                      [2m(2.04ms)[0m

[1msqlite-sqltests/cte.sqltest[0m
  [[32mPASS[0m] cte-alias-scalar-subquery-alias-name     [2m(2.03ms)[0m
  [[32mPASS[0m] cte-scalar-subquery-chain                [2m(1.83ms)[0m

[1msqlite-sqltests/subquery/cte_materialization_adversarial.sqltest[0m
  [[32mPASS[0m] wtf-cte-chain-filter-back                [2m(11.80ms)[0m

[1msqlite-sqltests/cte.sqltest[0m
  [[32mPASS[0m] cte-no-alias-scalar-subquery             [2m(1.85ms)[0m

[1msqlite-sqltests/subquery/compound_select_in_where.sqltest[0m
  [[32mPASS[0m] in-intersect                             [2m(9.02ms)[0m

[1msqlite-sqltests/cte.sqltest[0m
  [[32mPASS[0m] cte-update-keyed-self-ref-set            [2m(6.64ms)[0m

[1msqlite-sqltests/subquery/cte_materialization_adversarial.sqltest[0m
  [[32mPASS[0m] wtf-huge-limit-offset                    [2m(14.23ms)[0m

[1msqlite-sqltests/subquery/default.sqltest[0m
  [[32mPASS[0m] subquery-containing-join-cte             [2m(5.56ms)[0m

[1msqlite-sqltests/cte.sqltest[0m
  [[32mPASS[0m] cte-compound-colname-intersect           [2m(3.16ms)[0m

[1msqlite-sqltests/cte_expressions.sqltest[0m
  [[32mPASS[0m] cte-schema-qualified-reference-bypasses-inner-shadow [2m(8.02ms)[0m

[1msqlite-sqltests/subquery/cte_materialization_adversarial.sqltest[0m
  [[32mPASS[0m] range-scan-not-in                        [2m(9.86ms)[0m
  [[32mPASS[0m] compound-cte-in-case-expr                [2m(5.65ms)[0m
  [[32mPASS[0m] cte-left-join-order-preserved            [2m(14.06ms)[0m

[1msqlite-sqltests/subquery/default.sqltest[0m
  [[32mPASS[0m] subquery-join-table                      [2m(7.85ms)[0m
  [[32mPASS[0m] subquery-ignore-unused-cte               [2m(2.74ms)[0m

[1msqlite-sqltests/cte_expressions.sqltest[0m
  [[32mPASS[0m] cte-window-sum-over                      [2m(5.67ms)[0m

[1msqlite-sqltests/cte.sqltest[0m
  [[32mPASS[0m] cte-scalar-subquery-compound             [2m(5.12ms)[0m

[1msqlite-sqltests/subquery/default.sqltest[0m
  [[32mPASS[0m] subquery-join-table-cte                  [2m(1.10ms)[0m

[1msqlite-sqltests/subquery/cte_materialization_adversarial.sqltest[0m
  [[32mPASS[0m] range-scan-aliased-columns               [2m(2.82ms)[0m

[1msqlite-sqltests/subquery/default.sqltest[0m
  [[32mPASS[0m] subquery-join-subquery                   [2m(600.24µs)[0m

[1msqlite-sqltests/subquery/cte_materialization_adversarial.sqltest[0m
  [[32mPASS[0m] compound-double-aggregate                [2m(3.23ms)[0m

[1msqlite-sqltests/subquery/default.sqltest[0m
  [[32mPASS[0m] subquery-join-subquery-cte               [2m(536.04µs)[0m
  [[32mPASS[0m] select-star-table-subquery               [2m(695.48µs)[0m

[1msqlite-sqltests/subquery/compound_select_in_where.sqltest[0m
  [[32mPASS[0m] in-except                                [2m(6.36ms)[0m

[1msqlite-sqltests/subquery/default.sqltest[0m
  [[32mPASS[0m] select-star-table-subquery-cte           [2m(779.85µs)[0m

[1msqlite-sqltests/cte.sqltest[0m
  [[32mPASS[0m] cte-compound-colname-except              [2m(5.96ms)[0m

[1msqlite-sqltests/cte_expressions.sqltest[0m
  [[32mPASS[0m] cte-window-count-over                    [2m(3.58ms)[0m

[1msqlite-sqltests/cte-real-affinity-join.sqltest[0m
  [[32mPASS[0m] cte-real-affinity-join-original-issue    [2m(6.49ms)[0m

[1msqlite-sqltests/subquery/default.sqltest[0m
  [[32mPASS[0m] select-star-subquery-table               [2m(741.59µs)[0m

[1msqlite-sqltests/subquery/cte_materialization_adversarial.sqltest[0m
  [[32mPASS[0m] internals-range-desc-on-ephemeral        [2m(3.39ms)[0m

[1msqlite-sqltests/subquery/default.sqltest[0m
  [[32mPASS[0m] select-star-subquery-table-cte           [2m(737.24µs)[0m

[1msqlite-sqltests/subquery/cte_materialization_adversarial.sqltest[0m
  [[32mPASS[0m] evil-cte-from-where-subquery             [2m(5.32ms)[0m

[1msqlite-sqltests/subquery/default.sqltest[0m
  [[32mPASS[0m] select-star-subquery-subquery            [2m(796.92µs)[0m
  [[32mPASS[0m] select-star-subquery-subquery-cte        [2m(817.05µs)[0m

[1msqlite-sqltests/cte.sqltest[0m
  [[32mPASS[0m] cte-alias-scalar-subquery-multiple-columns [2m(10.17ms)[0m

[1msqlite-sqltests/subquery/cte_materialization_adversarial.sqltest[0m
  [[32mPASS[0m] wtf-tier-cross-join-comparison           [2m(10.50ms)[0m
  [[32mPASS[0m] internals-equality-non-first-col         [2m(3.16ms)[0m

[1msqlite-sqltests/cte.sqltest[0m
  [[32mPASS[0m] cte-explicit-columns-basic               [2m(9.24ms)[0m

[1msqlite-sqltests/subquery/cte_materialization_adversarial.sqltest[0m
  [[32mPASS[0m] internals-null-in-join-col               [2m(4.16ms)[0m

[1msqlite-sqltests/cte.sqltest[0m
  [[32mPASS[0m] cte-explicit-columns-ref                 [2m(3.55ms)[0m

[1msqlite-sqltests/cte_expressions.sqltest[0m
  [[32mPASS[0m] cte-window-avg-over                      [2m(9.84ms)[0m

[1msqlite-sqltests/subquery/cte_materialization_adversarial.sqltest[0m
  [[32mPASS[0m] evil-cte-limit-then-different-order      [2m(9.19ms)[0m

[1msqlite-sqltests/cte.sqltest[0m
  [[32mPASS[0m] cte-compound-colname-multi               [2m(10.62ms)[0m

[1msqlite-sqltests/subquery/cte_materialization_adversarial.sqltest[0m
  [[32mPASS[0m] range-scan-text-vs-int-affinity          [2m(13.50ms)[0m

[1msqlite-sqltests/cte-real-affinity-join.sqltest[0m
  [[32mPASS[0m] cte-real-affinity-inner-join             [2m(10.38ms)[0m

[1msqlite-sqltests/cte.sqltest[0m
  [[32mPASS[0m] cte-update-keyed-aggregate-set           [2m(17.72ms)[0m

[1msqlite-sqltests/subquery/cte_materialization_adversarial.sqltest[0m
  [[32mPASS[0m] wtf-nested-aggregate-cte                 [2m(9.56ms)[0m

[1msqlite-sqltests/subquery/default.sqltest[0m
  [[32mPASS[0m] subquery-count-distinct-age              [2m(16.55ms)[0m

[1msqlite-sqltests/subquery/cte_materialization_adversarial.sqltest[0m
  [[32mPASS[0m] internals-materialized-cte-probed-per-outer-row [2m(5.21ms)[0m
  [[32mPASS[0m] wtf-correlated-not-exists                [2m(20.61ms)[0m

[1msqlite-sqltests/subquery/compound_select_in_where.sqltest[0m
  [[32mPASS[0m] not-in-union                             [2m(15.57ms)[0m

[1msqlite-sqltests/cte_expressions.sqltest[0m
  [[32mPASS[0m] cte-multi-cte-simple-chain               [2m(5.92ms)[0m

[1msqlite-sqltests/cte.sqltest[0m
  [[32mPASS[0m] cte-alias-scalar-subquery-multiple-ctes  [2m(13.01ms)[0m
  [[32mPASS[0m] cte-explicit-columns-rename              [2m(6.62ms)[0m

[1msqlite-sqltests/cte-real-affinity-join.sqltest[0m
  [[32mPASS[0m] cte-real-affinity-left-join              [2m(6.85ms)[0m

[1msqlite-sqltests/subquery/default.sqltest[0m
  [[32mPASS[0m] subquery-count-distinct                  [2m(4.84ms)[0m

[1msqlite-sqltests/subquery/cte_materialization_adversarial.sqltest[0m
  [[32mPASS[0m] evil-two-ctes-different-orders-joined    [2m(8.29ms)[0m

[1msqlite-sqltests/cte.sqltest[0m
  [[32mPASS[0m] cte-update-keyed-limit-where             [2m(7.96ms)[0m

[1msqlite-sqltests/subquery/cte_materialization_adversarial.sqltest[0m
  [[32mPASS[0m] wtf-coalesce-nullif-iif-typeof           [2m(5.11ms)[0m
  [[32mPASS[0m] min-max-basic-min                        [2m(8.30ms)[0m
  [[32mPASS[0m] wtf-insert-select-cte                    [2m(6.63ms)[0m

[1msqlite-sqltests/subquery/default.sqltest[0m
  [[32mPASS[0m] subquery-inner-filter                    [2m(349.21µs)[0m

[1msqlite-sqltests/subquery/cte_materialization_adversarial.sqltest[0m
  [[32mPASS[0m] internals-delete-via-cte-in              [2m(6.43ms)[0m

[1msqlite-sqltests/subquery/default.sqltest[0m
  [[32mPASS[0m] subquery-count-all                       [2m(2.38ms)[0m
  [[32mPASS[0m] subquery-inner-filter-cte                [2m(369.86µs)[0m

[1msqlite-sqltests/subquery/compound_select_in_where.sqltest[0m
  [[32mPASS[0m] row-value-in-union                       [2m(5.42ms)[0m

[1msqlite-sqltests/subquery/default.sqltest[0m
  [[32mPASS[0m] subquery-outer-filter                    [2m(357.32µs)[0m
  [[32mPASS[0m] subquery-outer-filter-cte                [2m(359.58µs)[0m
  [[32mPASS[0m] subquery-without-alias                   [2m(307.03µs)[0m
  [[32mPASS[0m] subquery-without-alias-cte               [2m(336.12µs)[0m
  [[32mPASS[0m] subquery-inner-filter                    [2m(1.50ms)[0m
  [[32mPASS[0m] subquery-orderby-limit                   [2m(2.97ms)[0m

[1msqlite-sqltests/cte_expressions.sqltest[0m
  [[32mPASS[0m] cte-multi-cte-join                       [2m(6.00ms)[0m

[1msqlite-sqltests/subquery/default.sqltest[0m
  [[32mPASS[0m] subquery-no-alias-on-col                 [2m(308.05µs)[0m
  [[32mPASS[0m] subquery-inner-filter-cte                [2m(437.59µs)[0m
  [[32mPASS[0m] subquery-no-alias-on-col-cte             [2m(304.34µs)[0m
  [[32mPASS[0m] subquery-orderby-limit-cte               [2m(527.59µs)[0m
  [[32mPASS[0m] subquery-no-alias-on-col-named           [2m(292.91µs)[0m
  [[32mPASS[0m] subquery-outer-filter                    [2m(415.58µs)[0m

[1msqlite-sqltests/subquery/cte_materialization_adversarial.sqltest[0m
  [[32mPASS[0m] min-max-basic-max                        [2m(3.78ms)[0m

[1msqlite-sqltests/subquery/default.sqltest[0m
  [[32mPASS[0m] subquery-no-alias-on-col-named-cte       [2m(290.14µs)[0m

[1msqlite-sqltests/cte.sqltest[0m
  [[32mPASS[0m] cte-where-in-subquery                    [2m(6.75ms)[0m

[1msqlite-sqltests/subquery/default.sqltest[0m
  [[32mPASS[0m] subquery-outer-filter-cte                [2m(393.19µs)[0m
  [[32mPASS[0m] subquery-select-star                     [2m(301.53µs)[0m
  [[32mPASS[0m] subquery-without-alias                   [2m(355.82µs)[0m
  [[32mPASS[0m] table-join-subquery                      [2m(1.13ms)[0m
  [[32mPASS[0m] subquery-select-star-cte                 [2m(372.29µs)[0m
  [[32mPASS[0m] subquery-select-table-star               [2m(318.55µs)[0m
  [[32mPASS[0m] subquery-select-table-star-cte           [2m(317.27µs)[0m
  [[32mPASS[0m] nested-subquery                          [2m(367.21µs)[0m
  [[32mPASS[0m] nested-subquery-cte                      [2m(430.43µs)[0m

[1msqlite-sqltests/cte.sqltest[0m
  [[32mPASS[0m] cte-explicit-columns-expr                [2m(8.89ms)[0m

[1msqlite-sqltests/subquery/default.sqltest[0m
  [[32mPASS[0m] subquery-orderby-limit                   [2m(406.03µs)[0m
  [[32mPASS[0m] subquery-without-alias-cte               [2m(2.17ms)[0m

[1msqlite-sqltests/cte.sqltest[0m
  [[32mPASS[0m] cte-compound-from-union                  [2m(15.10ms)[0m

[1msqlite-sqltests/subquery/default.sqltest[0m
  [[32mPASS[0m] subquery-orderby-limit-cte               [2m(426.93µs)[0m
  [[32mPASS[0m] table-join-subquery-cte                  [2m(2.43ms)[0m
  [[32mPASS[0m] subquery-no-alias-on-col                 [2m(618.58µs)[0m

[1msqlite-sqltests/subquery/cte_materialization_adversarial.sqltest[0m
  [[32mPASS[0m] evil-cte-groupby-having-order-flip       [2m(7.59ms)[0m
  [[32mPASS[0m] wtf-cte-order-ignored-by-parent-group    [2m(7.47ms)[0m

[1msqlite-sqltests/subquery/default.sqltest[0m
  [[32mPASS[0m] table-join-subquery                      [2m(777.85µs)[0m
  [[32mPASS[0m] subquery-no-alias-on-col-cte             [2m(1.75ms)[0m
  [[32mPASS[0m] subquery-join-using-with-outer-limit-cte [2m(1.21ms)[0m
  [[32mPASS[0m] subquery-join-table                      [2m(2.33ms)[0m
  [[32mPASS[0m] subquery-no-alias-on-col-named           [2m(482.42µs)[0m
  [[32mPASS[0m] subquery-join-using-with-inner-limit     [2m(541.20µs)[0m

[1msqlite-sqltests/cte_expressions.sqltest[0m
  [[32mPASS[0m] cte-multi-cte-aggregate-chain            [2m(6.58ms)[0m

[1msqlite-sqltests/subquery/default.sqltest[0m
  [[32mPASS[0m] subquery-no-alias-on-col-named-cte       [2m(364.70µs)[0m
  [[32mPASS[0m] subquery-join-using-with-inner-limit-cte [2m(521.28µs)[0m

[1msqlite-sqltests/subquery/compound_select_in_where.sqltest[0m
  [[32mPASS[0m] correlated-in-union                      [2m(8.62ms)[0m

[1msqlite-sqltests/subquery/default.sqltest[0m
  [[32mPASS[0m] subquery-select-star                     [2m(392.98µs)[0m
  [[32mPASS[0m] subquery-join-table-cte                  [2m(902.32µs)[0m
  [[32mPASS[0m] subquery-join-using-with-both-limits     [2m(445.61µs)[0m
  [[32mPASS[0m] subquery-select-star-cte                 [2m(357.23µs)[0m
  [[32mPASS[0m] subquery-join-subquery                   [2m(524.05µs)[0m
  [[32mPASS[0m] subquery-select-table-star               [2m(319.57µs)[0m
  [[32mPASS[0m] subquery-join-using-with-both-limits-cte [2m(430.81µs)[0m
  [[32mPASS[0m] subquery-select-table-star-cte           [2m(373.78µs)[0m
  [[32mPASS[0m] subquery-join-subquery-cte               [2m(540.31µs)[0m
  [[32mPASS[0m] subquery-containing-join                 [2m(498.38µs)[0m

[1msqlite-sqltests/subquery/cte_materialization_adversarial.sqltest[0m
  [[32mPASS[0m] wtf-cte-scalar-sub-everywhere            [2m(4.22ms)[0m

[1msqlite-sqltests/subquery/default.sqltest[0m
  [[32mPASS[0m] nested-subquery                          [2m(369.18µs)[0m
  [[32mPASS[0m] subquery-containing-join-cte             [2m(507.50µs)[0m
  [[32mPASS[0m] select-star-table-subquery               [2m(695.95µs)[0m
  [[32mPASS[0m] nested-subquery-cte                      [2m(420.74µs)[0m
  [[32mPASS[0m] select-star-table-subquery-cte           [2m(700.47µs)[0m

[1msqlite-sqltests/cte.sqltest[0m
  [[32mPASS[0m] cte-cross-ref-scalar-subquery            [2m(9.56ms)[0m

[1msqlite-sqltests/subquery/default.sqltest[0m
  [[32mPASS[0m] select-star-subquery-table               [2m(711.65µs)[0m

[1msqlite-sqltests/cte.sqltest[0m
  [[32mPASS[0m] cte-explicit-columns-multi               [2m(7.60ms)[0m

[1msqlite-sqltests/subquery/cte_materialization_adversarial.sqltest[0m
  [[32mPASS[0m] min-max-empty                            [2m(10.12ms)[0m

[1msqlite-sqltests/subquery/default.sqltest[0m
  [[32mPASS[0m] select-star-subquery-table-cte           [2m(665.75µs)[0m
  [[32mPASS[0m] subquery-ignore-unused-cte               [2m(2.60ms)[0m
  [[32mPASS[0m] select-star-subquery-subquery            [2m(762.62µs)[0m

[1msqlite-sqltests/subquery/cte_materialization_adversarial.sqltest[0m
  [[32mPASS[0m] wtf-column-is-correlated-subquery        [2m(3.71ms)[0m

[1msqlite-sqltests/subquery/default.sqltest[0m
  [[32mPASS[0m] select-star-subquery-subquery-cte        [2m(813.81µs)[0m
  [[32mPASS[0m] subquery-inner-grouping                  [2m(32.15ms)[0m

[1msqlite-sqltests/subquery/cte_materialization_adversarial.sqltest[0m
  [[32mPASS[0m] internals-update-via-correlated-cte      [2m(15.09ms)[0m

[1msqlite-sqltests/cte_expressions.sqltest[0m
  [[32mPASS[0m] cte-multi-cte-filter-chain               [2m(7.82ms)[0m

[1msqlite-sqltests/subquery/cte_materialization_adversarial.sqltest[0m
  [[32mPASS[0m] min-max-all-null                         [2m(4.36ms)[0m
  [[32mPASS[0m] wtf-cte-as-config-variable               [2m(3.48ms)[0m

[1msqlite-sqltests/subquery/expressions.sqltest[0m
  [[32mPASS[0m] subquery-in-printf                       [2m(8.72ms)[0m

[1msqlite-sqltests/cte_expressions.sqltest[0m
  [[32mPASS[0m] cte-in-order-by                          [2m(3.59ms)[0m

[1msqlite-sqltests/cte.sqltest[0m
  [[32mPASS[0m] cte-self-join                            [2m(7.98ms)[0m

[1msqlite-sqltests/subquery/cte_materialization_adversarial.sqltest[0m
  [[32mPASS[0m] min-max-with-nulls                       [2m(3.45ms)[0m

[1msqlite-sqltests/cte.sqltest[0m
  [[32mPASS[0m] cte-explicit-columns-chain               [2m(8.90ms)[0m

[1msqlite-sqltests/subquery/expressions.sqltest[0m
  [[32mPASS[0m] subquery-in-typeof                       [2m(3.06ms)[0m

[1msqlite-sqltests/subquery/cte_materialization_adversarial.sqltest[0m
  [[32mPASS[0m] wtf-distinct-modulo-cte                  [2m(5.10ms)[0m
  [[32mPASS[0m] min-max-both-together                    [2m(2.62ms)[0m
  [[32mPASS[0m] evil-cte-correlated-scalar-plus-range    [2m(17.11ms)[0m
  [[32mPASS[0m] join-order-3table-order-across           [2m(8.89ms)[0m

[1msqlite-sqltests/cte.sqltest[0m
  [[32mPASS[0m] cte-compound-from-union-all              [2m(18.56ms)[0m

[1msqlite-sqltests/cte_expressions.sqltest[0m
  [[32mPASS[0m] cte-in-where-subquery                    [2m(4.50ms)[0m

[1msqlite-sqltests/cte.sqltest[0m
  [[32mPASS[0m] cte-comma-join-alias                     [2m(4.01ms)[0m

[1msqlite-sqltests/subquery/expressions.sqltest[0m
  [[32mPASS[0m] subquery-in-glob-no-match                [2m(2.70ms)[0m

[1msqlite-sqltests/subquery/cte_materialization_adversarial.sqltest[0m
  [[32mPASS[0m] evil-cte-aggregate-then-range            [2m(4.16ms)[0m

[1msqlite-sqltests/cte.sqltest[0m
  [[32mPASS[0m] cte-unreferenced-column-mismatch-delete  [2m(6.52ms)[0m

[1msqlite-sqltests/subquery/cte_materialization_adversarial.sqltest[0m
  [[32mPASS[0m] wtf-limit-chop-then-group-by             [2m(5.13ms)[0m

[1msqlite-sqltests/cte_expressions.sqltest[0m
  [[32mPASS[0m] cte-in-select-subquery                   [2m(4.03ms)[0m

[1msqlite-sqltests/subquery/expressions.sqltest[0m
  [[32mPASS[0m] subquery-lhs-in-like                     [2m(1.73ms)[0m

[1msqlite-sqltests/subquery/cte_materialization_adversarial.sqltest[0m
  [[32mPASS[0m] join-order-cte-ordered-parent-order-different-table [2m(4.74ms)[0m
  [[32mPASS[0m] min-max-with-where                       [2m(6.41ms)[0m

[1msqlite-sqltests/subquery/expressions.sqltest[0m
  [[32mPASS[0m] subquery-in-coalesce                     [2m(7.14ms)[0m
  [[32mPASS[0m] subquery-arithmetic-all-ops              [2m(2.12ms)[0m

[1msqlite-sqltests/subquery/cte_chain_regression.sqltest[0m
  [[32mPASS[0m] cte-chain-large-linear-regression        [2m(23.37ms)[0m

[1msqlite-sqltests/subquery/expressions.sqltest[0m
  [[32mPASS[0m] subquery-bitwise-ops                     [2m(1.91ms)[0m

[1msqlite-sqltests/cte_expressions.sqltest[0m
  [[32mPASS[0m] cte-in-having-subquery                   [2m(6.44ms)[0m

[1msqlite-sqltests/subquery/cte_materialization_adversarial.sqltest[0m
  [[32mPASS[0m] join-order-left-join-order-by-nullable   [2m(6.86ms)[0m

[1msqlite-sqltests/cte.sqltest[0m
  [[32mPASS[0m] cte-scalar-and-from-ref                  [2m(11.67ms)[0m

[1msqlite-sqltests/subquery/cte_materialization_adversarial.sqltest[0m
  [[32mPASS[0m] sort-elision-cte-limit-parent-order      [2m(4.21ms)[0m

[1msqlite-sqltests/cte-real-affinity-join.sqltest[0m
  [[32mPASS[0m] cte-real-affinity-zero                   [2m(39.37ms)[0m

[1msqlite-sqltests/subquery/default.sqltest[0m
  [[32mPASS[0m] subquery-count-distinct-age              [2m(23.60ms)[0m

[1msqlite-sqltests/cte.sqltest[0m
  [[32mPASS[0m] cte-unreferenced-column-mismatch-update  [2m(9.41ms)[0m

[1msqlite-sqltests/subquery/cte_materialization_adversarial.sqltest[0m
  [[32mPASS[0m] evil-chained-ctes-flip-order             [2m(10.33ms)[0m

[1msqlite-sqltests/subquery/expressions.sqltest[0m
  [[32mPASS[0m] subquery-unary-minus                     [2m(6.03ms)[0m

[1msqlite-sqltests/subquery/cte_materialization_adversarial.sqltest[0m
  [[32mPASS[0m] wtf-text-between-range-scan              [2m(10.67ms)[0m

[1msqlite-sqltests/subquery/expressions.sqltest[0m
  [[32mPASS[0m] subquery-in-coalesce-first-non-null      [2m(8.82ms)[0m

[1msqlite-sqltests/subquery/cte_materialization_adversarial.sqltest[0m
  [[32mPASS[0m] sort-elision-cte-asc-parent-desc         [2m(3.51ms)[0m
  [[32mPASS[0m] join-order-cte-agg-join-order-across     [2m(5.99ms)[0m

[1msqlite-sqltests/cte-real-affinity-join.sqltest[0m
  [[32mPASS[0m] cte-real-affinity-negative               [2m(6.73ms)[0m

[1msqlite-sqltests/cte_expressions.sqltest[0m
  [[32mPASS[0m] cte-self-join-basic                      [2m(8.82ms)[0m

[1msqlite-sqltests/subquery/cte_materialization_adversarial.sqltest[0m
  [[32mPASS[0m] min-max-on-cte-with-limit                [2m(14.34ms)[0m

[1msqlite-sqltests/subquery/expressions.sqltest[0m
  [[32mPASS[0m] subquery-between-all-subqueries          [2m(5.61ms)[0m

[1msqlite-sqltests/subquery/cte_materialization_adversarial.sqltest[0m
  [[32mPASS[0m] evil-cte-with-internal-filter-parent-range [2m(6.63ms)[0m
  [[32mPASS[0m] wtf-cross-join-two-ctes                  [2m(5.89ms)[0m

[1msqlite-sqltests/cte.sqltest[0m
  [[32mPASS[0m] cte-where-distinct-in                    [2m(8.80ms)[0m

[1msqlite-sqltests/subquery/default.sqltest[0m
  [[32mPASS[0m] subquery-inner-grouping-cte              [2m(30.87ms)[0m

[1msqlite-sqltests/cte.sqltest[0m
  [[32mPASS[0m] cte-unreferenced-column-mismatch-select  [2m(8.59ms)[0m

[1msqlite-sqltests/subquery/cte_materialization_adversarial.sqltest[0m
  [[32mPASS[0m] sort-elision-multi-col-same              [2m(6.24ms)[0m

[1msqlite-sqltests/subquery/default.sqltest[0m
  [[32mPASS[0m] subquery-inner-grouping                  [2m(32.18ms)[0m

[1msqlite-sqltests/cte-real-affinity-join.sqltest[0m
  [[32mPASS[0m] cte-real-affinity-multiple-columns       [2m(3.91ms)[0m

[1msqlite-sqltests/subquery/expressions.sqltest[0m
  [[32mPASS[0m] subquery-between-out-of-range            [2m(3.48ms)[0m

[1msqlite-sqltests/subquery/cte_materialization_adversarial.sqltest[0m
  [[32mPASS[0m] min-max-text-column                      [2m(3.96ms)[0m

[1msqlite-sqltests/subquery/expressions.sqltest[0m
  [[32mPASS[0m] subquery-in-nullif-equal                 [2m(9.27ms)[0m

[1msqlite-sqltests/cte_expressions.sqltest[0m
  [[32mPASS[0m] cte-self-join-inner                      [2m(4.41ms)[0m

[1msqlite-sqltests/subquery/cte_materialization_adversarial.sqltest[0m
  [[32mPASS[0m] cost-large-table-small-cte               [2m(7.34ms)[0m

[1msqlite-sqltests/cte.sqltest[0m
  [[32mPASS[0m] cte-triple-ref                           [2m(4.70ms)[0m
  [[32mPASS[0m] cte-unreferenced-column-mismatch-multi-cte [2m(3.63ms)[0m

[1msqlite-sqltests/subquery/expressions.sqltest[0m
  [[32mPASS[0m] subquery-not-between                     [2m(2.59ms)[0m

[1msqlite-sqltests/cte-real-affinity-join.sqltest[0m
  [[32mPASS[0m] subquery-real-affinity-join              [2m(2.95ms)[0m

[1msqlite-sqltests/subquery/cte_materialization_adversarial.sqltest[0m
  [[32mPASS[0m] wtf-five-cte-chain-join-all              [2m(6.12ms)[0m
  [[32mPASS[0m] sort-elision-multi-col-different         [2m(4.48ms)[0m

[1msqlite-sqltests/cte_expressions.sqltest[0m
  [[32mPASS[0m] cte-self-join-left                       [2m(2.68ms)[0m

[1msqlite-sqltests/subquery/default.sqltest[0m
  [[32mPASS[0m] subquery-count-distinct                  [2m(13.90ms)[0m

[1msqlite-sqltests/subquery/cte_materialization_adversarial.sqltest[0m
  [[32mPASS[0m] cost-cte-order-plus-limit                [2m(3.54ms)[0m

[1msqlite-sqltests/subquery/expressions.sqltest[0m
  [[32mPASS[0m] subquery-in-nullif-not-equal             [2m(6.05ms)[0m

[1msqlite-sqltests/subquery/cte_materialization_adversarial.sqltest[0m
  [[32mPASS[0m] cost-cte-multi-col-groupby-different-order [2m(2.89ms)[0m

[1msqlite-sqltests/subquery/expressions.sqltest[0m
  [[32mPASS[0m] subquery-in-ifnull                       [2m(1.82ms)[0m
  [[32mPASS[0m] subquery-case-when-condition             [2m(6.85ms)[0m

[1msqlite-sqltests/cte.sqltest[0m
  [[32mPASS[0m] cte-left-join-self                       [2m(7.90ms)[0m

[1msqlite-sqltests/subquery/cte_materialization_adversarial.sqltest[0m
  [[32mPASS[0m] min-max-group-by-min-on-cte              [2m(9.55ms)[0m

[1msqlite-sqltests/cte.sqltest[0m
  [[32mPASS[0m] cte-insert-values-subquery               [2m(8.19ms)[0m

[1msqlite-sqltests/cte_expressions.sqltest[0m
  [[32mPASS[0m] cte-union-intersect-combined             [2m(7.60ms)[0m

[1msqlite-sqltests/subquery/expressions.sqltest[0m
  [[32mPASS[0m] subquery-in-ifnull-first-not-null        [2m(2.51ms)[0m

[1msqlite-sqltests/subquery/cte_materialization_adversarial.sqltest[0m
  [[32mPASS[0m] sort-elision-mixed-asc-desc              [2m(8.05ms)[0m

[1msqlite-sqltests/subquery/expressions.sqltest[0m
  [[32mPASS[0m] subquery-case-simple                     [2m(1.80ms)[0m

[1msqlite-sqltests/subquery/cte_materialization_adversarial.sqltest[0m
  [[32mPASS[0m] wtf-empty-cte-left-join                  [2m(3.66ms)[0m
  [[32mPASS[0m] evil-self-join-offset-seek               [2m(15.38ms)[0m
  [[32mPASS[0m] wtf-empty-zero-null-group-by             [2m(10.08ms)[0m

[1msqlite-sqltests/subquery/expressions.sqltest[0m
  [[32mPASS[0m] subquery-case-then-result                [2m(3.02ms)[0m

[1msqlite-sqltests/subquery/default.sqltest[0m
  [[32mPASS[0m] subquery-count-all                       [2m(11.49ms)[0m

[1msqlite-sqltests/subquery/cte_materialization_adversarial.sqltest[0m
  [[32mPASS[0m] sort-elision-group-by                    [2m(4.85ms)[0m
  [[32mPASS[0m] from-sub-basic-elision                   [2m(4.17ms)[0m
  [[32mPASS[0m] min-max-correlated-from-cte              [2m(6.49ms)[0m

[1msqlite-sqltests/cte.sqltest[0m
  [[32mPASS[0m] cte-insert-values-multi-subquery         [2m(6.66ms)[0m

[1msqlite-sqltests/subquery/cte_materialization_adversarial.sqltest[0m
  [[32mPASS[0m] wtf-cte-bounds-filter                    [2m(4.40ms)[0m

[1msqlite-sqltests/subquery/expressions.sqltest[0m
  [[32mPASS[0m] subquery-in-iif                          [2m(7.16ms)[0m
  [[32mPASS[0m] subquery-case-else-result                [2m(3.87ms)[0m

[1msqlite-sqltests/cte.sqltest[0m
  [[32mPASS[0m] cte-exists-self-ref                      [2m(8.98ms)[0m

[1msqlite-sqltests/subquery/expressions.sqltest[0m
  [[32mPASS[0m] subquery-in-abs                          [2m(4.43ms)[0m

[1msqlite-sqltests/cte_expressions.sqltest[0m
  [[32mPASS[0m] cte-multi-union                          [2m(8.42ms)[0m

[1msqlite-sqltests/cte.sqltest[0m
  [[32mPASS[0m] cte-insert-values-multiple-rows          [2m(2.96ms)[0m

[1msqlite-sqltests/subquery/cte_materialization_adversarial.sqltest[0m
  [[32mPASS[0m] wtf-expr-order-elision                   [2m(8.58ms)[0m
  [[32mPASS[0m] from-sub-desc-parent-asc                 [2m(4.24ms)[0m

[1msqlite-sqltests/subquery/expressions.sqltest[0m
  [[32mPASS[0m] subquery-case-all-subqueries             [2m(2.64ms)[0m

[1msqlite-sqltests/cte-union-all-aggregate-literals.sqltest[0m
  [[32mPASS[0m] cte-union-all-string-literals            [2m(18.79ms)[0m

[1msqlite-sqltests/subquery/cte_materialization_adversarial.sqltest[0m
  [[32mPASS[0m] sort-elision-group-by-opposite-dir       [2m(6.24ms)[0m

[1msqlite-sqltests/subquery/expressions.sqltest[0m
  [[32mPASS[0m] subquery-in-iif-false                    [2m(4.59ms)[0m
  [[32mPASS[0m] subquery-cast-to-integer                 [2m(1.93ms)[0m

[1msqlite-sqltests/subquery/cte_materialization_adversarial.sqltest[0m
  [[32mPASS[0m] multi-or-basic                           [2m(7.41ms)[0m
  [[32mPASS[0m] wtf-cte-array-indexing                   [2m(6.43ms)[0m

[1msqlite-sqltests/cte.sqltest[0m
  [[32mPASS[0m] cte-not-exists-self-ref                  [2m(5.33ms)[0m

[1msqlite-sqltests/subquery/expressions.sqltest[0m
  [[32mPASS[0m] subquery-in-max-scalar                   [2m(1.75ms)[0m

[1msqlite-sqltests/cte_expressions.sqltest[0m
  [[32mPASS[0m] cte-union-all-with-duplicates            [2m(5.35ms)[0m

[1msqlite-sqltests/subquery/cte_materialization_adversarial.sqltest[0m
  [[32mPASS[0m] from-sub-nested                          [2m(4.05ms)[0m

[1msqlite-sqltests/cte.sqltest[0m
  [[32mPASS[0m] cte-insert-returning-subquery            [2m(5.85ms)[0m

[1msqlite-sqltests/cte-union-all-aggregate-literals.sqltest[0m
  [[32mPASS[0m] cte-union-all-numeric-literals-three-branches [2m(4.52ms)[0m

[1msqlite-sqltests/subquery/cte_materialization_adversarial.sqltest[0m
  [[32mPASS[0m] sort-elision-cte-desc-parent-asc         [2m(4.42ms)[0m

[1msqlite-sqltests/subquery/expressions.sqltest[0m
  [[32mPASS[0m] subquery-cast-to-text                    [2m(5.32ms)[0m
  [[32mPASS[0m] subquery-in-min-scalar                   [2m(4.04ms)[0m

[1msqlite-sqltests/subquery/default.sqltest[0m
  [[32mPASS[0m] subquery-inner-grouping-cte              [2m(29.77ms)[0m

[1msqlite-sqltests/cte-union-all-aggregate-literals.sqltest[0m
  [[32mPASS[0m] cte-union-all-mixed-agg-functions        [2m(3.71ms)[0m

[1msqlite-sqltests/subquery/cte_materialization_adversarial.sqltest[0m
  [[32mPASS[0m] wtf-cte-self-join-sum-condition          [2m(10.18ms)[0m

[1msqlite-sqltests/subquery/expressions.sqltest[0m
  [[32mPASS[0m] subquery-concat                          [2m(1.87ms)[0m

[1msqlite-sqltests/subquery/cte_materialization_adversarial.sqltest[0m
  [[32mPASS[0m] wtf-fake-factorial-self-join             [2m(6.99ms)[0m

[1msqlite-sqltests/cte.sqltest[0m
  [[32mPASS[0m] cte-insert-returning-multi-subquery      [2m(5.62ms)[0m

[1msqlite-sqltests/subquery/expressions.sqltest[0m
  [[32mPASS[0m] subquery-cast-to-real                    [2m(4.12ms)[0m
  [[32mPASS[0m] subquery-in-like                         [2m(2.03ms)[0m

[1msqlite-sqltests/subquery/cte_materialization_adversarial.sqltest[0m
  [[32mPASS[0m] sort-elision-expression-order            [2m(6.62ms)[0m
  [[32mPASS[0m] wtf-all-nulls-cte-aggregate              [2m(3.19ms)[0m

[1msqlite-sqltests/subquery/default.sqltest[0m
  [[32mPASS[0m] subquery-outer-grouping                  [2m(36.01ms)[0m

[1msqlite-sqltests/subquery/expressions.sqltest[0m
  [[32mPASS[0m] subquery-is-null-true                    [2m(1.72ms)[0m

[1msqlite-sqltests/cte.sqltest[0m
  [[32mPASS[0m] cte-unqualified-correlated-ref-in-exists [2m(10.07ms)[0m

[1msqlite-sqltests/cte_expressions.sqltest[0m
  [[32mPASS[0m] cte-single-value                         [2m(9.78ms)[0m

[1msqlite-sqltests/subquery/expressions.sqltest[0m
  [[32mPASS[0m] subquery-in-length                       [2m(15.56ms)[0m
  [[32mPASS[0m] subquery-in-like-no-match                [2m(2.42ms)[0m

[1msqlite-sqltests/subquery/cte_materialization_adversarial.sqltest[0m
  [[32mPASS[0m] wtf-linear-regression-cte                [2m(5.31ms)[0m

[1msqlite-sqltests/cte-union-all-aggregate-literals.sqltest[0m
  [[32mPASS[0m] cte-union-all-empty-table                [2m(6.74ms)[0m

[1msqlite-sqltests/subquery/expressions.sqltest[0m
  [[32mPASS[0m] subquery-in-glob                         [2m(1.85ms)[0m

[1msqlite-sqltests/cte.sqltest[0m
  [[32mPASS[0m] cte-delete-returning-subquery            [2m(5.75ms)[0m

[1msqlite-sqltests/subquery/cte_materialization_adversarial.sqltest[0m
  [[32mPASS[0m] multi-or-range                           [2m(14.42ms)[0m

[1msqlite-sqltests/subquery/expressions.sqltest[0m
  [[32mPASS[0m] subquery-offset-without-limit            [2m(2.39ms)[0m

[1msqlite-sqltests/subquery/cte_materialization_adversarial.sqltest[0m
  [[32mPASS[0m] sort-elision-collate-nocase-vs-default   [2m(6.46ms)[0m

[1msqlite-sqltests/subquery/expressions.sqltest[0m
  [[32mPASS[0m] subquery-in-instr                        [2m(6.76ms)[0m

[1msqlite-sqltests/cte_expressions.sqltest[0m
  [[32mPASS[0m] cte-empty-result                         [2m(7.34ms)[0m

[1msqlite-sqltests/subquery/expressions.sqltest[0m
  [[32mPASS[0m] subquery-scalar-limit-zero               [2m(2.95ms)[0m

[1msqlite-sqltests/cte.sqltest[0m
  [[32mPASS[0m] cte-update-returning-subquery            [2m(5.82ms)[0m

[1msqlite-sqltests/cte_expressions.sqltest[0m
  [[32mPASS[0m] cte-empty-with-aggregate                 [2m(1.74ms)[0m

[1msqlite-sqltests/subquery/expressions.sqltest[0m
  [[32mPASS[0m] subquery-in-substr                       [2m(2.39ms)[0m

[1msqlite-sqltests/subquery/cte_materialization_adversarial.sqltest[0m
  [[32mPASS[0m] wtf-cte-four-ways                        [2m(11.04ms)[0m

[1msqlite-sqltests/subquery/expressions.sqltest[0m
  [[32mPASS[0m] subquery-is-null-false                   [2m(10.40ms)[0m

[1msqlite-sqltests/subquery/cte_materialization_adversarial.sqltest[0m
  [[32mPASS[0m] multi-or-different-columns               [2m(6.64ms)[0m
  [[32mPASS[0m] from-sub-aggregate-different-order       [2m(20.54ms)[0m
  [[32mPASS[0m] wtf-cte-union-with-itself                [2m(9.36ms)[0m

[1msqlite-sqltests/cte_expressions.sqltest[0m
  [[32mPASS[0m] cte-aliased-expressions                  [2m(2.29ms)[0m

[1msqlite-sqltests/cte.sqltest[0m
  [[32mPASS[0m] cte-insert-values-and-returning-subquery [2m(3.25ms)[0m

[1msqlite-sqltests/cte-union-all-aggregate-literals.sqltest[0m
  [[32mPASS[0m] union-all-aggregates-no-cte              [2m(10.03ms)[0m

[1msqlite-sqltests/subquery/expressions.sqltest[0m
  [[32mPASS[0m] subquery-in-replace                      [2m(3.53ms)[0m

[1msqlite-sqltests/cte.sqltest[0m
  [[32mPASS[0m] cte-sibling-columns-not-visible-without-from [2m(14.34ms)[0m

[1msqlite-sqltests/subquery/cte_materialization_adversarial.sqltest[0m
  [[32mPASS[0m] sort-elision-nulls-in-order-by           [2m(9.05ms)[0m
  [[32mPASS[0m] wtf-cte-chain-conflicting-orders         [2m(4.91ms)[0m

[1msqlite-sqltests/cte_expressions.sqltest[0m
  [[32mPASS[0m] cte-nested-cte-in-from                   [2m(3.85ms)[0m

[1msqlite-sqltests/cte.sqltest[0m
  [[32mPASS[0m] cte-dual-ref-indexed-subquery-empty      [2m(3.46ms)[0m

[1msqlite-sqltests/subquery/cte_materialization_adversarial.sqltest[0m
  [[32mPASS[0m] wtf-agg-of-agg-with-subquery             [2m(4.03ms)[0m

[1msqlite-sqltests/views.sqltest[0m
  [[32mPASS[0m] view-basic-filtering                     [2m(3.64ms)[0m

[1msqlite-sqltests/subquery/expressions.sqltest[0m
  [[32mPASS[0m] subquery-scalar-limit-negative           [2m(8.53ms)[0m

[1msqlite-sqltests/subquery/cte_materialization_adversarial.sqltest[0m
  [[32mPASS[0m] multi-or-delete                          [2m(5.80ms)[0m

[1msqlite-sqltests/subquery/expressions.sqltest[0m
  [[32mPASS[0m] subquery-in-upper-lower                  [2m(4.54ms)[0m
  [[32mPASS[0m] subquery-is-not-null-true                [2m(8.60ms)[0m
  [[32mPASS[0m] subquery-nested-compound-in-scalar       [2m(3.92ms)[0m
  [[32mPASS[0m] subquery-join-two-subqueries             [2m(2.90ms)[0m

[1msqlite-sqltests/cte_expressions.sqltest[0m
  [[32mPASS[0m] cte-in-subquery-select                   [2m(4.33ms)[0m

[1msqlite-sqltests/subquery/expressions.sqltest[0m
  [[32mPASS[0m] subquery-in-trim                         [2m(2.12ms)[0m

[1msqlite-sqltests/views.sqltest[0m
  [[32mPASS[0m] view-aggregation-groupby                 [2m(5.32ms)[0m

[1msqlite-sqltests/subquery/cte_materialization_adversarial.sqltest[0m
  [[32mPASS[0m] sort-elision-limit-offset                [2m(6.72ms)[0m

[1msqlite-sqltests/cte.sqltest[0m
  [[32mPASS[0m] cte-sibling-columns-not-visible-in-subquery-without-from [2m(7.68ms)[0m
  [[32mPASS[0m] cte-dual-ref-indexed-subquery            [2m(7.76ms)[0m

[1msqlite-sqltests/subquery/cte_materialization_adversarial.sqltest[0m
  [[32mPASS[0m] multi-or-update                          [2m(6.97ms)[0m

[1msqlite-sqltests/subquery/expressions.sqltest[0m
  [[32mPASS[0m] cte-inside-from-subquery                 [2m(3.63ms)[0m
  [[32mPASS[0m] subquery-is-not-null-false               [2m(4.77ms)[0m

[1msqlite-sqltests/subquery/cte_materialization_adversarial.sqltest[0m
  [[32mPASS[0m] from-sub-joined                          [2m(13.04ms)[0m

[1msqlite-sqltests/subquery/expressions.sqltest[0m
  [[32mPASS[0m] subquery-group-by-inside                 [2m(5.38ms)[0m
  [[32mPASS[0m] cte-chain-with-subquery                  [2m(2.02ms)[0m
  [[32mPASS[0m] subquery-empty-in-comparison             [2m(2.35ms)[0m

[1msqlite-sqltests/cte_expressions.sqltest[0m
  [[32mPASS[0m] cte-between-filter                       [2m(6.46ms)[0m

[1msqlite-sqltests/subquery/cte_materialization_adversarial.sqltest[0m
  [[32mPASS[0m] sort-elision-distinct                    [2m(5.93ms)[0m

[1msqlite-sqltests/subquery/expressions.sqltest[0m
  [[32mPASS[0m] subquery-left-join-two-subqueries        [2m(8.11ms)[0m

[1msqlite-sqltests/subquery/cte_materialization_adversarial.sqltest[0m
  [[32mPASS[0m] wtf-group-expr-having-order-diff-agg     [2m(12.20ms)[0m

[1msqlite-sqltests/cte.sqltest[0m
  [[32mPASS[0m] cte-duplicate-name                       [2m(4.80ms)[0m

[1msqlite-sqltests/subquery/expressions.sqltest[0m
  [[32mPASS[0m] subquery-having-inside                   [2m(3.56ms)[0m

[1msqlite-sqltests/views.sqltest[0m
  [[32mPASS[0m] view-with-join                           [2m(6.68ms)[0m

[1msqlite-sqltests/cte.sqltest[0m
  [[32mPASS[0m] cte-referenced-with-call-arguments-rejected [2m(6.20ms)[0m

[1msqlite-sqltests/subquery/expressions.sqltest[0m
  [[32mPASS[0m] subquery-empty-aggregate-sum             [2m(2.75ms)[0m

[1msqlite-sqltests/cte_expressions.sqltest[0m
  [[32mPASS[0m] cte-not-between-filter                   [2m(2.74ms)[0m

[1msqlite-sqltests/subquery/cte_materialization_adversarial.sqltest[0m
  [[32mPASS[0m] multi-or-dedup                           [2m(5.70ms)[0m

[1msqlite-sqltests/subquery/expressions.sqltest[0m
  [[32mPASS[0m] cte-union-with-subquery-ref              [2m(3.84ms)[0m

[1msqlite-sqltests/cte_expressions.sqltest[0m
  [[32mPASS[0m] cte-comparison-chain                     [2m(1.90ms)[0m

[1msqlite-sqltests/subquery/cte_materialization_adversarial.sqltest[0m
  [[32mPASS[0m] sort-elision-cte-order-total-parent-order-a [2m(4.66ms)[0m

[1msqlite-sqltests/subquery/default.sqltest[0m
  [[32mPASS[0m] subquery-outer-grouping                  [2m(37.50ms)[0m

[1msqlite-sqltests/subquery/expressions.sqltest[0m
  [[32mPASS[0m] subquery-distinct-inside                 [2m(4.56ms)[0m

[1msqlite-sqltests/cte_expressions.sqltest[0m
  [[32mPASS[0m] cte-like-filter                          [2m(1.82ms)[0m
  [[32mPASS[0m] cte-glob-filter                          [2m(1.71ms)[0m

[1msqlite-sqltests/subquery/expressions.sqltest[0m
  [[32mPASS[0m] subquery-cross-join-subqueries           [2m(7.62ms)[0m

[1msqlite-sqltests/subquery/default.sqltest[0m
  [[32mPASS[0m] subquery-outer-grouping-cte              [2m(36.35ms)[0m

[1msqlite-sqltests/cte_expressions.sqltest[0m
  [[32mPASS[0m] cte-like-with-escape                     [2m(1.72ms)[0m

[1msqlite-sqltests/subquery/expressions.sqltest[0m
  [[32mPASS[0m] subquery-empty-aggregate-count           [2m(9.73ms)[0m
  [[32mPASS[0m] subquery-natural-join-subqueries         [2m(3.47ms)[0m
  [[32mPASS[0m] subquery-comparison-operators            [2m(9.18ms)[0m

[1msqlite-sqltests/subquery/default.sqltest[0m
  [[32mPASS[0m] subquery-join-using-with-outer-limit     [2m(2.61ms)[0m

[1msqlite-sqltests/views.sqltest[0m
  [[32mPASS[0m] view-composition-with-functions          [2m(11.70ms)[0m

[1msqlite-sqltests/cte.sqltest[0m
  [[32mPASS[0m] table-referenced-with-call-arguments-rejected [2m(12.07ms)[0m
  [[32mPASS[0m] cte-unreferenced-qualified-column-orderby-exists [2m(12.61ms)[0m

[1msqlite-sqltests/subquery/cte_materialization_adversarial.sqltest[0m
  [[32mPASS[0m] wtf-pure-literal-cte-aggregate           [2m(13.29ms)[0m

[1msqlite-sqltests/subquery/default.sqltest[0m
  [[32mPASS[0m] subquery-join-using-with-outer-limit-cte [2m(2.36ms)[0m

[1msqlite-sqltests/subquery/cte_materialization_adversarial.sqltest[0m
  [[32mPASS[0m] group-by-cte-order-feeds-groupby-no-parent-order [2m(17.25ms)[0m

[1msqlite-sqltests/subquery/expressions.sqltest[0m
  [[32mPASS[0m] subquery-not-in-with-null-in-list        [2m(8.97ms)[0m

[1msqlite-sqltests/subquery/cte_materialization_adversarial.sqltest[0m
  [[32mPASS[0m] multi-or-with-limit                      [2m(12.70ms)[0m

[1msqlite-sqltests/subquery/default.sqltest[0m
  [[32mPASS[0m] subquery-join-using-with-inner-limit     [2m(2.12ms)[0m

[1msqlite-sqltests/subquery/expressions.sqltest[0m
  [[32mPASS[0m] subquery-comparison-with-null            [2m(4.70ms)[0m
  [[32mPASS[0m] subquery-not-in-with-null-and-value      [2m(2.03ms)[0m

[1msqlite-sqltests/subquery/default.sqltest[0m
  [[32mPASS[0m] subquery-join-using-with-inner-limit-cte [2m(1.99ms)[0m

[1msqlite-sqltests/subquery/expressions.sqltest[0m
  [[32mPASS[0m] subquery-in-with-null-match              [2m(2.09ms)[0m

[1msqlite-sqltests/subquery/default.sqltest[0m
  [[32mPASS[0m] subquery-join-using-with-both-limits     [2m(1.91ms)[0m

[1msqlite-sqltests/subquery/expressions.sqltest[0m
  [[32mPASS[0m] cte-in-scalar-subquery-select            [2m(1.99ms)[0m

[1msqlite-sqltests/subquery/materialized_cte_seek.sqltest[0m
  [[32mPASS[0m] derived-table-join-results               [2m(11.81ms)[0m

[1msqlite-sqltests/subquery/cte_materialization_adversarial.sqltest[0m
  [[32mPASS[0m] range-scan-equality                      [2m(16.46ms)[0m

[1msqlite-sqltests/subquery/default.sqltest[0m
  [[32mPASS[0m] subquery-join-using-with-both-limits-cte [2m(2.29ms)[0m

[1msqlite-sqltests/subquery/expressions.sqltest[0m
  [[32mPASS[0m] cte-in-exists-subquery                   [2m(2.48ms)[0m

[1msqlite-sqltests/subquery/cte_materialization_adversarial.sqltest[0m
  [[32mPASS[0m] wtf-coalesce-join-negation               [2m(10.20ms)[0m

[1msqlite-sqltests/subquery/default.sqltest[0m
  [[32mPASS[0m] subquery-containing-join                 [2m(2.05ms)[0m

[1msqlite-sqltests/subquery/expressions.sqltest[0m
  [[32mPASS[0m] cte-in-from-subquery                     [2m(1.79ms)[0m

[1msqlite-sqltests/views.sqltest[0m
  [[32mPASS[0m] view-referencing-view                    [2m(14.84ms)[0m

[1msqlite-sqltests/subquery/materialized_cte_seek.sqltest[0m
  [[32mPASS[0m] cte-materialized-order-multi-col-all-flipped [2m(4.03ms)[0m

[1msqlite-sqltests/subquery/expressions.sqltest[0m
  [[32mPASS[0m] cte-used-in-both-direct-and-subquery     [2m(3.57ms)[0m

[1msqlite-sqltests/subquery/cte_materialization_adversarial.sqltest[0m
  [[32mPASS[0m] group-by-count-star                      [2m(14.40ms)[0m

[1msqlite-sqltests/subquery/expressions.sqltest[0m
  [[32mPASS[0m] subquery-is-distinct-from                [2m(12.41ms)[0m
  [[32mPASS[0m] subquery-scalar-count-fast-path          [2m(17.39ms)[0m

[1msqlite-sqltests/subquery/cte_materialization_adversarial.sqltest[0m
  [[32mPASS[0m] wtf-divide-by-null-cte                   [2m(5.39ms)[0m

[1msqlite-sqltests/subquery/expressions.sqltest[0m
  [[32mPASS[0m] subquery-deeply-nested                   [2m(18.89ms)[0m

[1msqlite-sqltests/subquery/cte_materialization_adversarial.sqltest[0m
  [[32mPASS[0m] range-scan-between                       [2m(9.47ms)[0m

[1msqlite-sqltests/cte_cardinality.sqltest[0m
  [[32mPASS[0m] cte-graph-traversal-correctness          [2m(18.06ms)[0m

[1msqlite-sqltests/subquery/cte_materialization_adversarial.sqltest[0m
  [[32mPASS[0m] complex-cte-self-join                    [2m(16.66ms)[0m

[1msqlite-sqltests/cte.sqltest[0m
  [[32mPASS[0m] cte-duplicate-name-view                  [2m(18.29ms)[0m

[1msqlite-sqltests/views.sqltest[0m
  [[32mPASS[0m] view-case-expression                     [2m(4.31ms)[0m

[1msqlite-sqltests/subquery/materialized_cte_seek.sqltest[0m
  [[32mPASS[0m] cte-materialized-order-multi-col-mixed-flips-cleanly [2m(3.53ms)[0m

[1msqlite-sqltests/subquery/memory.sqltest[0m
  [[32mPASS[0m] subquery-cte-available-in-arbitrary-depth [2m(2.70ms)[0m

[1msqlite-sqltests/subquery/cte_materialization_adversarial.sqltest[0m
  [[32mPASS[0m] group-by-cte-order-on-different-col      [2m(3.98ms)[0m

[1msqlite-sqltests/subquery/expressions.sqltest[0m
  [[32mPASS[0m] subquery-nested-with-operations          [2m(2.25ms)[0m
  [[32mPASS[0m] subquery-empty-in-coalesce               [2m(3.81ms)[0m
  [[32mPASS[0m] scalar-subquery-rowid-derived-table      [2m(4.01ms)[0m
  [[32mPASS[0m] cte-materialized-multiple-scalar-refs    [2m(4.49ms)[0m

[1msqlite-sqltests/subquery/cte_materialization_adversarial.sqltest[0m
  [[32mPASS[0m] range-scan-strict-inequality             [2m(5.15ms)[0m

[1msqlite-sqltests/subquery/memory.sqltest[0m
  [[32mPASS[0m] subquery-not-exists-all-match            [2m(3.38ms)[0m
  [[32mPASS[0m] subquery-scalar-comparison               [2m(2.75ms)[0m

[1msqlite-sqltests/subquery/materialized_cte_seek.sqltest[0m
  [[32mPASS[0m] cte-materialized-order-multi-col-partial-mismatch-still-sorts [2m(7.49ms)[0m

[1msqlite-sqltests/cte_expressions.sqltest[0m
  [[32mPASS[0m] cte-distinct-basic                       [2m(9.77ms)[0m

[1msqlite-sqltests/subquery/materialized_cte_seek.sqltest[0m
  [[32mPASS[0m] subquery-within-cte-results              [2m(20.57ms)[0m

[1msqlite-sqltests/subquery/memory.sqltest[0m
  [[32mPASS[0m] subquery-scalar-max                      [2m(2.93ms)[0m

[1msqlite-sqltests/subquery/default.sqltest[0m
  [[32mPASS[0m] subquery-outer-grouping-cte              [2m(38.62ms)[0m

[1msqlite-sqltests/cte_expressions.sqltest[0m
  [[32mPASS[0m] cte-distinct-multi-column                [2m(3.30ms)[0m

[1msqlite-sqltests/views.sqltest[0m
  [[32mPASS[0m] view-drop-and-recreate                   [2m(13.64ms)[0m

[1msqlite-sqltests/subquery/default.sqltest[0m
  [[32mPASS[0m] subquery-join-using-with-outer-limit     [2m(2.10ms)[0m

[1msqlite-sqltests/subquery/memory.sqltest[0m
  [[32mPASS[0m] subquery-in-single-column                [2m(4.91ms)[0m

[1msqlite-sqltests/subquery/cte_materialization_adversarial.sqltest[0m
  [[32mPASS[0m] join-two-ctes-different-cardinalities    [2m(14.63ms)[0m

[1msqlite-sqltests/subquery/expressions.sqltest[0m
  [[32mPASS[0m] subquery-scalar-values-uses-first-row    [2m(15.74ms)[0m

[1msqlite-sqltests/cte_expressions.sqltest[0m
  [[32mPASS[0m] cte-distinct-with-expression             [2m(4.22ms)[0m

[1msqlite-sqltests/cte.sqltest[0m
  [[32mPASS[0m] cte-shadows-view                         [2m(16.94ms)[0m

[1msqlite-sqltests/subquery/memory.sqltest[0m
  [[32mPASS[0m] subquery-in-null-value-not-found         [2m(3.61ms)[0m

[1msqlite-sqltests/subquery/cte_materialization_adversarial.sqltest[0m
  [[32mPASS[0m] complex-cte-in-subquery-and-main         [2m(18.39ms)[0m

[1msqlite-sqltests/subquery/memory.sqltest[0m
  [[32mPASS[0m] subquery-exists-basic                    [2m(17.85ms)[0m

[1msqlite-sqltests/subquery/cte_materialization_adversarial.sqltest[0m
  [[32mPASS[0m] range-scan-inclusive                     [2m(14.08ms)[0m

[1msqlite-sqltests/subquery/expressions.sqltest[0m
  [[32mPASS[0m] subquery-from-union                      [2m(17.88ms)[0m

[1msqlite-sqltests/subquery/materialized_cte_seek.sqltest[0m
  [[32mPASS[0m] cte-materialized-order-prefix-match      [2m(11.00ms)[0m

[1msqlite-sqltests/cte_expressions.sqltest[0m
  [[32mPASS[0m] cte-group-by-count                       [2m(2.22ms)[0m

[1msqlite-sqltests/cte.sqltest[0m
  [[32mPASS[0m] cte-shadows-table                        [2m(2.72ms)[0m

[1msqlite-sqltests/subquery/memory.sqltest[0m
  [[32mPASS[0m] subquery-not-in-single-column            [2m(4.51ms)[0m

[1msqlite-sqltests/subquery/expressions.sqltest[0m
  [[32mPASS[0m] subquery-limit-zero                      [2m(3.31ms)[0m

[1msqlite-sqltests/views.sqltest[0m
  [[32mPASS[0m] view-recreate-after-drop                 [2m(7.91ms)[0m

[1msqlite-sqltests/subquery/expressions.sqltest[0m
  [[32mPASS[0m] subquery-limit-negative                  [2m(2.48ms)[0m

[1msqlite-sqltests/subquery/cte_materialization_adversarial.sqltest[0m
  [[32mPASS[0m] join-three-way-cte-table-cte             [2m(7.55ms)[0m

[1msqlite-sqltests/subquery/memory.sqltest[0m
  [[32mPASS[0m] subquery-in-null-lhs-nonempty            [2m(5.63ms)[0m

[1msqlite-sqltests/subquery/expressions.sqltest[0m
  [[32mPASS[0m] subquery-order-by-in-from-subquery       [2m(1.79ms)[0m

[1msqlite-sqltests/cte_expressions.sqltest[0m
  [[32mPASS[0m] cte-group-by-sum                         [2m(5.35ms)[0m

[1msqlite-sqltests/subquery/materialized_cte_seek.sqltest[0m
  [[32mPASS[0m] cte-referencing-previous-results         [2m(16.15ms)[0m

[1msqlite-sqltests/subquery/memory.sqltest[0m
  [[32mPASS[0m] subquery-not-in-result-column-null-handling [2m(3.13ms)[0m

[1msqlite-sqltests/subquery/cte_materialization_adversarial.sqltest[0m
  [[32mPASS[0m] range-scan-nulls-excluded                [2m(9.21ms)[0m

[1msqlite-sqltests/cte_expressions.sqltest[0m
  [[32mPASS[0m] cte-having-filter                        [2m(5.45ms)[0m

[1msqlite-sqltests/subquery/materialized_cte_seek.sqltest[0m
  [[32mPASS[0m] cte-aggregation-results                  [2m(29.16ms)[0m
  [[32mPASS[0m] cte-materialized-order-aggregate-with-order-by [2m(12.12ms)[0m

[1msqlite-sqltests/views.sqltest[0m
  [[32mPASS[0m] view-arithmetic-expression               [2m(9.39ms)[0m

[1msqlite-sqltests/subquery/memory.sqltest[0m
  [[32mPASS[0m] subquery-in-null-handling-multiple-rows  [2m(3.95ms)[0m

[1msqlite-sqltests/subquery/cte_materialization_adversarial.sqltest[0m
  [[32mPASS[0m] join-anti-join-left-join-is-null         [2m(8.80ms)[0m

[1msqlite-sqltests/subquery/memory.sqltest[0m
  [[32mPASS[0m] subquery-in-null-lhs-empty               [2m(10.78ms)[0m

[1msqlite-sqltests/subquery/materialized_cte_seek.sqltest[0m
  [[32mPASS[0m] cte-materialized-order-aggregate-opposite [2m(3.50ms)[0m

[1msqlite-sqltests/subquery/memory.sqltest[0m
  [[32mPASS[0m] subquery-uncorrelated-in-result-column   [2m(3.26ms)[0m
  [[32mPASS[0m] subquery-in-multiple-columns             [2m(15.18ms)[0m
  [[32mPASS[0m] subquery-correlated-in-result-column     [2m(3.44ms)[0m

[1msqlite-sqltests/subquery/materialized_cte_seek.sqltest[0m
  [[32mPASS[0m] cte-correlated-range-probe-results       [2m(12.68ms)[0m

[1msqlite-sqltests/subquery/expressions.sqltest[0m
  [[32mPASS[0m] subquery-from-union-all                  [2m(21.11ms)[0m

[1msqlite-sqltests/cte_expressions.sqltest[0m
  [[32mPASS[0m] cte-having-with-sum                      [2m(10.20ms)[0m

[1msqlite-sqltests/subquery/memory.sqltest[0m
  [[32mPASS[0m] subquery-not-in-null-value-found         [2m(6.95ms)[0m
  [[32mPASS[0m] subquery-not-in-multiple-columns         [2m(6.79ms)[0m

[1msqlite-sqltests/cte_expressions.sqltest[0m
  [[32mPASS[0m] cte-group-by-expression                  [2m(3.99ms)[0m

[1msqlite-sqltests/views.sqltest[0m
  [[32mPASS[0m] view-with-having                         [2m(14.03ms)[0m

[1msqlite-sqltests/subquery/memory.sqltest[0m
  [[32mPASS[0m] subquery-not-in-null-value-not-found     [2m(4.39ms)[0m

[1msqlite-sqltests/subquery/expressions.sqltest[0m
  [[32mPASS[0m] subquery-from-intersect                  [2m(5.97ms)[0m

[1msqlite-sqltests/subquery/memory.sqltest[0m
  [[32mPASS[0m] subquery-exists-uncorrelated             [2m(29.18ms)[0m

[1msqlite-sqltests/subquery/cte_materialization_adversarial.sqltest[0m
  [[32mPASS[0m] complex-cte-chain                        [2m(29.35ms)[0m

[1msqlite-sqltests/cte_expressions.sqltest[0m
  [[32mPASS[0m] cte-limit-inside                         [2m(3.66ms)[0m

[1msqlite-sqltests/cte.sqltest[0m
  [[32mPASS[0m] cte-circular-ref-view                    [2m(28.37ms)[0m

[1msqlite-sqltests/subquery/materialized_cte_seek.sqltest[0m
  [[32mPASS[0m] cte-materialized-order-outer-beyond-cte-order [2m(14.11ms)[0m

[1msqlite-sqltests/subquery/memory.sqltest[0m
  [[32mPASS[0m] subquery-in-null-value-found             [2m(6.79ms)[0m

[1msqlite-sqltests/subquery/cte_materialization_adversarial.sqltest[0m
  [[32mPASS[0m] join-cte-self-non-equi                   [2m(17.01ms)[0m

[1msqlite-sqltests/subquery/memory.sqltest[0m
  [[32mPASS[0m] subquery-correlated-distinct-aggregate-reset [2m(13.16ms)[0m

[1msqlite-sqltests/subquery/cte_materialization_adversarial.sqltest[0m
  [[32mPASS[0m] range-scan-is-null                       [2m(23.86ms)[0m

[1msqlite-sqltests/subquery/memory.sqltest[0m
  [[32mPASS[0m] subquery-not-in-null-lhs-nonempty        [2m(6.07ms)[0m

[1msqlite-sqltests/views.sqltest[0m
  [[32mPASS[0m] view-filter-clause                       [2m(6.47ms)[0m

[1msqlite-sqltests/subquery/cte_materialization_adversarial.sqltest[0m
  [[32mPASS[0m] complex-cte-union                        [2m(4.71ms)[0m

[1msqlite-sqltests/subquery/memory.sqltest[0m
  [[32mPASS[0m] subquery-correlated-in-result-column-in  [2m(4.49ms)[0m

[1msqlite-sqltests/cte_expressions.sqltest[0m
  [[32mPASS[0m] cte-offset-inside                        [2m(6.75ms)[0m

[1msqlite-sqltests/cte.sqltest[0m
  [[32mPASS[0m] cte-circular-ref-table                   [2m(6.66ms)[0m

[1msqlite-sqltests/subquery/cte_materialization_adversarial.sqltest[0m
  [[32mPASS[0m] complex-cte-with-having                  [2m(2.79ms)[0m
  [[32mPASS[0m] range-scan-empty-table                   [2m(3.72ms)[0m

[1msqlite-sqltests/subquery/expressions.sqltest[0m
  [[32mPASS[0m] subquery-from-except                     [2m(9.68ms)[0m

[1msqlite-sqltests/subquery/materialized_cte_seek.sqltest[0m
  [[32mPASS[0m] cte-referenced-multiple-times-results    [2m(25.74ms)[0m

[1msqlite-sqltests/subquery/memory.sqltest[0m
  [[32mPASS[0m] correlated-left-join-exists              [2m(7.21ms)[0m

[1msqlite-sqltests/views.sqltest[0m
  [[32mPASS[0m] view-rejects-aggregate-order-by          [2m(5.18ms)[0m

[1msqlite-sqltests/cte_expressions.sqltest[0m
  [[32mPASS[0m] cte-limit-zero-inside                    [2m(3.76ms)[0m

[1msqlite-sqltests/subquery/cte_materialization_adversarial.sqltest[0m
  [[32mPASS[0m] range-scan-duplicates                    [2m(4.27ms)[0m

[1msqlite-sqltests/subquery/memory.sqltest[0m
  [[32mPASS[0m] subquery-correlated-in-result-column-with-join [2m(8.10ms)[0m

[1msqlite-sqltests/subquery/cte_materialization_adversarial.sqltest[0m
  [[32mPASS[0m] join-cte-self-graph-walk                 [2m(10.86ms)[0m

[1msqlite-sqltests/cte.sqltest[0m
  [[32mPASS[0m] cte-shadows-table-refs-other             [2m(5.05ms)[0m

[1msqlite-sqltests/cte_expressions.sqltest[0m
  [[32mPASS[0m] cte-null-in-values                       [2m(2.64ms)[0m

[1msqlite-sqltests/subquery/cte_materialization_adversarial.sqltest[0m
  [[32mPASS[0m] complex-cte-chain-aggregation            [2m(6.83ms)[0m

[1msqlite-sqltests/subquery/materialized_cte_seek.sqltest[0m
  [[32mPASS[0m] cte-materialized-scalar-probe-results    [2m(23.28ms)[0m

[1msqlite-sqltests/subquery/memory.sqltest[0m
  [[32mPASS[0m] subquery-not-in-null-lhs-empty           [2m(10.49ms)[0m
  [[32mPASS[0m] subquery-correlated-from-clause-nested   [2m(6.31ms)[0m
  [[32mPASS[0m] subquery-not-exists-uncorrelated         [2m(14.78ms)[0m

[1msqlite-sqltests/cte_expressions.sqltest[0m
  [[32mPASS[0m] cte-null-coalesce                        [2m(2.43ms)[0m

[1msqlite-sqltests/views.sqltest[0m
  [[32mPASS[0m] view-self-circle-detection               [2m(7.34ms)[0m

[1msqlite-sqltests/subquery/materialized_cte_seek.sqltest[0m
  [[32mPASS[0m] cte-seek-index-preserves-result-column-order [2m(3.12ms)[0m

[1msqlite-sqltests/subquery/cte_materialization_adversarial.sqltest[0m
  [[32mPASS[0m] range-scan-double-filter                 [2m(5.85ms)[0m

[1msqlite-sqltests/cte.sqltest[0m
  [[32mPASS[0m] cte-does-not-leak-into-view              [2m(5.60ms)[0m

[1msqlite-sqltests/cte_expressions.sqltest[0m
  [[32mPASS[0m] cte-null-ifnull                          [2m(1.88ms)[0m

[1msqlite-sqltests/subquery/memory.sqltest[0m
  [[32mPASS[0m] subquery-uncorrelated-in-result-column-in [2m(6.20ms)[0m
  [[32mPASS[0m] subquery-uncorrelated-in-group-by        [2m(13.34ms)[0m
  [[32mPASS[0m] subquery-correlated-outer-ref-in-group-by-rowid-alias-underscore [2m(11.88ms)[0m

[1msqlite-sqltests/subquery/materialized_cte_seek.sqltest[0m
  [[32mPASS[0m] cte-seek-index-limit-with-order-by       [2m(3.03ms)[0m

[1msqlite-sqltests/cte.sqltest[0m
  [[32mPASS[0m] cte-multi-ref-union-dedupe               [2m(2.90ms)[0m

[1msqlite-sqltests/subquery/cte_materialization_adversarial.sqltest[0m
  [[32mPASS[0m] join-aggregate-cte-to-table              [2m(8.69ms)[0m

[1msqlite-sqltests/subquery/memory.sqltest[0m
  [[32mPASS[0m] subquery-exists-correlated               [2m(6.52ms)[0m

[1msqlite-sqltests/subquery/materialized_cte_seek.sqltest[0m
  [[32mPASS[0m] cte-self-join-results                    [2m(13.89ms)[0m

[1msqlite-sqltests/views.sqltest[0m
  [[32mPASS[0m] view-mutual-circle-detection             [2m(6.08ms)[0m

[1msqlite-sqltests/subquery/memory.sqltest[0m
  [[32mPASS[0m] subquery-in-result-column-null-handling  [2m(8.57ms)[0m

[1msqlite-sqltests/subquery/materialized_cte_seek.sqltest[0m
  [[32mPASS[0m] cte-materialized-hint-limit-with-order-by [2m(3.00ms)[0m

[1msqlite-sqltests/subquery/memory.sqltest[0m
  [[32mPASS[0m] subquery-vector-in-offset                [2m(5.42ms)[0m
  [[32mPASS[0m] subquery-correlated-in-having-grouped-scalar-null [2m(5.81ms)[0m
  [[32mPASS[0m] subquery-correlated-in-group-by          [2m(4.89ms)[0m
  [[32mPASS[0m] subquery-in-offset                       [2m(6.29ms)[0m
  [[32mPASS[0m] subquery-correlated-derived-in-select    [2m(9.62ms)[0m

[1msqlite-sqltests/subquery/cte_materialization_adversarial.sqltest[0m
  [[32mPASS[0m] cte-join-table                           [2m(11.40ms)[0m

[1msqlite-sqltests/subquery/memory.sqltest[0m
  [[32mPASS[0m] subquery-correlated-outer-ref-in-nested-group-by-subquery [2m(6.55ms)[0m
  [[32mPASS[0m] subquery-multiple-columns-in-select      [2m(3.34ms)[0m
  [[32mPASS[0m] subquery-vector-in-order-by              [2m(4.54ms)[0m

[1msqlite-sqltests/views.sqltest[0m
  [[32mPASS[0m] view-reserved-prefix-sqlite              [2m(5.88ms)[0m

[1msqlite-sqltests/subquery/memory.sqltest[0m
  [[32mPASS[0m] subquery-vector-in-case-else             [2m(6.43ms)[0m

[1msqlite-sqltests/subquery/cte_materialization_adversarial.sqltest[0m
  [[32mPASS[0m] cte-left-join-table                      [2m(3.89ms)[0m

[1msqlite-sqltests/subquery/memory.sqltest[0m
  [[32mPASS[0m] subquery-correlated-in-group-by-with-join [2m(5.89ms)[0m
  [[32mPASS[0m] subquery-not-exists-correlated           [2m(8.56ms)[0m

[1msqlite-sqltests/subquery/materialized_cte_seek.sqltest[0m
  [[32mPASS[0m] cte-materialized-order-reused-same-direction [2m(6.39ms)[0m

[1msqlite-sqltests/subquery/memory.sqltest[0m
  [[32mPASS[0m] subquery-correlated-in-having-grouped-in-subquery [2m(6.42ms)[0m

[1msqlite-sqltests/subquery/cte_materialization_adversarial.sqltest[0m
  [[32mPASS[0m] join-correlated-sub-from-cte-in-select   [2m(9.48ms)[0m

[1msqlite-sqltests/subquery/memory.sqltest[0m
  [[32mPASS[0m] subquery-vector-in-collate               [2m(6.38ms)[0m
  [[32mPASS[0m] subquery-uncorrelated-in-order-by-in     [2m(5.26ms)[0m
  [[32mPASS[0m] subquery-vector-in-group-by              [2m(4.04ms)[0m
  [[32mPASS[0m] subquery-vector-in-unary                 [2m(3.10ms)[0m
  [[32mPASS[0m] subquery-vector-in-function-call         [2m(2.91ms)[0m
  [[32mPASS[0m] subquery-exists-with-conditions          [2m(6.47ms)[0m
  [[32mPASS[0m] subquery-exists-in-aggregate-group-concat [2m(1.58ms)[0m
  [[32mPASS[0m] subquery-exists-in-aggregate-sum         [2m(1.57ms)[0m

[1msqlite-sqltests/subquery/materialized_cte_seek.sqltest[0m
  [[32mPASS[0m] cte-materialized-order-reused-opposite-direction [2m(9.18ms)[0m
  [[32mPASS[0m] cte-with-correlated-subquery-results     [2m(17.91ms)[0m

[1msqlite-sqltests/subquery/memory.sqltest[0m
  [[32mPASS[0m] subquery-exists-in-aggregate-with-table  [2m(2.75ms)[0m
  [[32mPASS[0m] subquery-vector-in-case-when             [2m(9.85ms)[0m

[1msqlite-sqltests/subquery/materialized_cte_seek.sqltest[0m
  [[32mPASS[0m] cte-materialized-order-multi-col-same-direction [2m(3.00ms)[0m

[1msqlite-sqltests/views.sqltest[0m
  [[32mPASS[0m] view-if-not-exists-idempotent            [2m(13.50ms)[0m

[1msqlite-sqltests/subquery/memory.sqltest[0m
  [[32mPASS[0m] subquery-exists-in-aggregate-count       [2m(11.71ms)[0m
  [[32mPASS[0m] subquery-correlated-outer-ref-in-group-by-in-subquery [2m(14.36ms)[0m

[1msqlite-sqltests/cte.sqltest[0m
  [[32mPASS[0m] cte-values-multi-ref                     [2m(23.63ms)[0m

[1msqlite-sqltests/subquery/memory.sqltest[0m
  [[32mPASS[0m] subquery-correlated-in-order-by-grouped-desc [2m(15.50ms)[0m

[1msqlite-sqltests/subquery/cte_materialization_adversarial.sqltest[0m
  [[32mPASS[0m] join-distinct-cte-to-table               [2m(15.66ms)[0m

[1msqlite-sqltests/subquery/memory.sqltest[0m
  [[32mPASS[0m] subquery-column-affinity-inheritance-text [2m(2.61ms)[0m
  [[32mPASS[0m] subquery-vector-in-where                 [2m(19.04ms)[0m

[1msqlite-sqltests/cte.sqltest[0m
  [[32mPASS[0m] cte-multi-ref-union-all                  [2m(4.49ms)[0m

[1msqlite-sqltests/subquery/memory.sqltest[0m
  [[32mPASS[0m] subquery-correlated-in-order-by          [2m(3.21ms)[0m
  [[32mPASS[0m] subquery-nested-exists                   [2m(13.07ms)[0m
  [[32mPASS[0m] subquery-vector-in-aggregate-arg         [2m(22.87ms)[0m
  [[32mPASS[0m] subquery-not-in-text-primary-key-null    [2m(3.58ms)[0m

[1msqlite-sqltests/cte.sqltest[0m
  [[32mPASS[0m] cte-multi-ref-join-where                 [2m(6.77ms)[0m

[1msqlite-sqltests/subquery/cte_materialization_adversarial.sqltest[0m
  [[32mPASS[0m] min-max-no-order-in-cte                  [2m(9.66ms)[0m

[1msqlite-sqltests/subquery/memory.sqltest[0m
  [[32mPASS[0m] subquery-scalar-in-aggregate-group-concat [2m(15.79ms)[0m
  [[32mPASS[0m] subquery-vector-in-case-then             [2m(14.22ms)[0m
  [[32mPASS[0m] subquery-uncorrelated-in-having          [2m(3.66ms)[0m
  [[32mPASS[0m] subquery-exists-empty-result             [2m(7.35ms)[0m
  [[32mPASS[0m] column-is-null-in-aggregate-empty-table  [2m(2.48ms)[0m
  [[32mPASS[0m] subquery-vector-in-binary-expr           [2m(7.39ms)[0m
  [[32mPASS[0m] subquery-exists-false-in-aggregate       [2m(19.32ms)[0m
  [[32mPASS[0m] subquery-correlated-in-having-grouped    [2m(3.09ms)[0m
  [[32mPASS[0m] subquery-vector-in-having                [2m(15.94ms)[0m
  [[32mPASS[0m] exists-in-ungrouped-aggregate-with-data  [2m(8.04ms)[0m
  [[32mPASS[0m] exists-in-ungrouped-aggregate-empty-subquery-table [2m(3.00ms)[0m
  [[32mPASS[0m] subquery-correlated-outer-ref-in-group-by-function-call [2m(21.67ms)[0m
  [[32mPASS[0m] correlated-exists-in-ungrouped-aggregate-empty-main-table [2m(2.99ms)[0m
  [[32mPASS[0m] subquery-correlated-in-order-by-grouped-null [2m(22.94ms)[0m
  [[32mPASS[0m] subquery-scalar-in-select-with-aggregate-empty-table [2m(14.56ms)[0m
  [[32mPASS[0m] from-subquery-left-join                  [2m(3.87ms)[0m
  [[32mPASS[0m] subquery-scalar-in-order-by-aggregate    [2m(31.06ms)[0m
  [[32mPASS[0m] subquery-exists-in-aggregate-expression  [2m(12.68ms)[0m
  [[32mPASS[0m] subquery-scalar-null-in-select-with-aggregate-empty-table [2m(4.22ms)[0m
  [[32mPASS[0m] subquery-vector-in-between               [2m(15.44ms)[0m
  [[32mPASS[0m] subquery-scalar-in-aggregate-sum         [2m(1.62ms)[0m
  [[32mPASS[0m] subquery-vector-in-is-null               [2m(44.90ms)[0m
  [[32mPASS[0m] subquery-in-text-primary-key-null        [2m(20.10ms)[0m
  [[32mPASS[0m] subquery-uncorrelated-in-having-in       [2m(7.38ms)[0m
  [[32mPASS[0m] subquery-exists-in-order-by-aggregate-with-group [2m(2.97ms)[0m
  [[32mPASS[0m] from-subquery-inner-join                 [2m(4.50ms)[0m
  [[32mPASS[0m] subquery-vector-in-limit                 [2m(14.40ms)[0m
  [[32mPASS[0m] subquery-correlated-exists-in-select-with-aggregate-empty-table [2m(21.53ms)[0m

[1msqlite-sqltests/cte.sqltest[0m
  [[32mPASS[0m] cte-multi-ref-intersect                  [2m(22.30ms)[0m

[1msqlite-sqltests/subquery/memory.sqltest[0m
  [[32mPASS[0m] subquery-in-in-select-with-aggregate-empty-table [2m(3.09ms)[0m
  [[32mPASS[0m] subquery-column-affinity-inheritance     [2m(2.59ms)[0m

[1msqlite-sqltests/views.sqltest[0m
  [[32mPASS[0m] view-duplicate-without-if-not-exists-errors [2m(36.98ms)[0m

[1msqlite-sqltests/subquery/memory.sqltest[0m
  [[32mPASS[0m] subquery-in-limit                        [2m(3.40ms)[0m
  [[32mPASS[0m] subquery-correlated-outer-ref-in-group-by-rowid-alias-oid [2m(13.53ms)[0m
  [[32mPASS[0m] exists-in-ungrouped-aggregate-empty-main-table [2m(14.62ms)[0m
  [[32mPASS[0m] subquery-vector-in-not-null              [2m(4.40ms)[0m
  [[32mPASS[0m] from-subquery-multiple-joins             [2m(6.04ms)[0m
  [[32mPASS[0m] from-subquery-as-outer-table             [2m(4.79ms)[0m
  [[32mPASS[0m] from-subquery-nested                     [2m(5.47ms)[0m
  [[32mPASS[0m] subquery-vector-in-like                  [2m(3.83ms)[0m

[1msqlite-sqltests/cte.sqltest[0m
  [[32mPASS[0m] cte-multi-ref-except                     [2m(6.90ms)[0m

[1msqlite-sqltests/subquery/memory.sqltest[0m
  [[32mPASS[0m] from-subquery-expression-join            [2m(3.67ms)[0m
  [[32mPASS[0m] from-subquery-self-join                  [2m(6.30ms)[0m
  [[32mPASS[0m] subquery-vector-in-cast                  [2m(10.46ms)[0m
  [[32mPASS[0m] from-subquery-outer-ref-in-correlated-subquery [2m(6.72ms)[0m
  [[32mPASS[0m] from-subquery-multi-column-join          [2m(9.14ms)[0m

[1msqlite-sqltests/views.sqltest[0m
  [[32mPASS[0m] view-bracket-column-list                 [2m(7.26ms)[0m

[1msqlite-sqltests/subquery/memory.sqltest[0m
  [[32mPASS[0m] subquery-not-in-integer-primary-key-null [2m(10.93ms)[0m

[1msqlite-sqltests/cte.sqltest[0m
  [[32mPASS[0m] cte-shadow-in-exists                     [2m(8.46ms)[0m

[1msqlite-sqltests/subquery/memory.sqltest[0m
  [[32mPASS[0m] from-subquery-distinct                   [2m(8.12ms)[0m
  [[32mPASS[0m] subquery-exists-in-select-with-aggregate-empty-table [2m(8.85ms)[0m
  [[32mPASS[0m] from-subquery-with-limit                 [2m(19.11ms)[0m

[1msqlite-sqltests/views.sqltest[0m
  [[32mPASS[0m] view-quoted-column-list                  [2m(10.74ms)[0m

[1msqlite-sqltests/subquery/subquery_cte_equivalence_tests.sqltest[0m
  [[32mPASS[0m] banana-report-streak-longest-subquery    [2m(17.77ms)[0m

[1msqlite-sqltests/cte.sqltest[0m
  [[32mPASS[0m] cte-shadow-inner-value                   [2m(4.61ms)[0m

[1msqlite-sqltests/subquery/subquery_cte_equivalence_tests.sqltest[0m
  [[32mPASS[0m] banana-activity-streak-cte               [2m(18.93ms)[0m

[1msqlite-sqltests/subquery/memory.sqltest[0m
  [[32mPASS[0m] subquery-exists-in-order-by-aggregate    [2m(1.85ms)[0m

[1msqlite-sqltests/subquery/subquery_cte_equivalence_tests.sqltest[0m
  [[32mPASS[0m] banana-report-streak-longest-cte         [2m(17.67ms)[0m

[1msqlite-sqltests/subquery/memory.sqltest[0m
  [[32mPASS[0m] subquery-scalar-in-aggregate-with-table-ref [2m(2.63ms)[0m

[1msqlite-sqltests/views.sqltest[0m
  [[32mPASS[0m] view-star-using-derives-merged-columns   [2m(4.63ms)[0m

[1msqlite-sqltests/subquery/subquery_cte_equivalence_tests.sqltest[0m
  [[32mPASS[0m] banana-report-digest-sections-subquery   [2m(15.67ms)[0m
  [[32mPASS[0m] banana-report-digest-sections-cte        [2m(22.10ms)[0m
  [[32mPASS[0m] banana-report-streak-current-subquery    [2m(25.16ms)[0m
  [[32mPASS[0m] banana-activity-streak-subquery          [2m(16.81ms)[0m
  [[32mPASS[0m] banana-report-streak-current-cte         [2m(27.21ms)[0m
  [[32mPASS[0m] banana-report-streak-current-subquery-rich [2m(28.00ms)[0m
  [[32mPASS[0m] banana-report-streak-current-cte-rich    [2m(31.46ms)[0m
[1mSummary:[0m
  [32m709 passed[39m
  [2mTotal time: 405.38ms[0m

[1m[32mAll tests passed![39m[0m
